512
sCWntBaKvsPR
nlbCZYatwo
FUNtcrXKJvzJPp
iujcovxhqXLV
umQNXzaLHKePEHH
uzNhOHtAwCH
dREYZALHrLilbnLb
LhFikafOZJqr
msRzQMDuVHli
GACQZZDwkJo
bloIgPKMfxMZPZvIS
RQHVNMFHTCcEuI
ZcLIqJQJZvjiENurpxE
CMeREkddisr
xkFBqXtVyGmonbs
XARHpHCkYwRRZFm
zIZqZYIFsihezSsn
EUaWLbMUnjAkMSKxx
vfGHPZqiJEOnmJ
BoQgxwzbeyP
EwcpNMoshgYxlAexWQQP
HuHjklBmGEjmz
OoDAoXZLfUpHYnqZ
OfmBOFygHJNW
VEtnxlsrHzMz
pkkgJotboZcGiVlIIUD
zRRgyyTbCa
JGsbrXMPTFGMhJzA
mAcbCqywYX
nfYYRuBIqPiv
ldqRmVoWpglNvexgrM
RFqyoCUVEZqpmAD
sAVFqCxeYGGBFUjUXy
LSdRgFmlkzz
UytWjsUIwTlFfsGT
yBSpXHxASy
hWQNTuAvtiyDZeqQR
BIRDYHirpOiCajwSlh
eOIZUyZkiQzrTqKmLE
ouQswGLJoGkmizAwQ
dRscdtVtTZvZWWdl
vHnmkVugiVDatCjcbaiB
OzzJfivWROcYe
JCAKtMwLvxYt
pqoTSDbqHfgsQzrmdBK
GKHLhHiTQcaM
FmAWNMChzWvLPbtVBul
ndvyvBoMxlKxTrkaJi
fkDpcZPyIQmRNFmsEVub
KeDVFDLChSMuOeSkLC
lvJrfwnGLXTyoOQPM
fVZdhxkGzjKGz
mAmOLbiCiyMBIyQini
VQqFmbaWVLu
bnMDNjalrHlroy
VCrSKEwFAMeaIbYzK
mUjhLJaRJPhmmpa
yMDCPCTVMzSUySiW
qToIrzSeVYZayMqMW
RRufMAKjBmacQxqMH
ASujLzfQhmyZTEY
mBoQhtNqEBOaFXxY
hVAhjQWJvDbmbr
qRrCsqCVpqrkZ
BfvGyNJIqtIcFZf
AZLzTQOtiVIczJqiLVQI
vKnNZZiOcYBZvoWxs
pglKpJcPRwopCmQ
UKivYqBfDCKba
TfwsuzxLFUidAiMsfgaE
CiPdfntrNGwlXvZu
DjknmMvOGV
hdlrCtNHljIFHNaEw
CvfPSHcTQyli
uxOlpHhkvjmKjN
ufcYfSIsguXaDA
BUKRwnceYqPmrjyiC
AwSBzCxQZaFhwS
EYtFSOxjCMYrOWuiU
UArvooFcEWhihXWLs
fldtBBUKufbYJDk
eqCvsZWTWDKqzEWcps
GMHzYUOcQjeb
GeTTPEuDrMRcSRRhjEzf
mmKexJEwvRCOGn
wOaVCejuBGMagiuPLWK
pKuEnNzfRdzalKNIEiy
jGxwRkTTrbqVVs
jxKSLzjtHAmMmGU
AqqfhJzmwOArWPZKgsdU
nkpAMvwYCkAY
JvNbeLvPngL
sVATbuzUGtlVnnBNdx
velHXuKgKbfYbId
YLRwZEzlqgQHwd
NzOgXUzFqi
MpXJLAJKAdoCDMxqHITk
fSHijqOtdJjIRRqm
tsCCTkTEnHTfS
EnzkmhDmsksiStqW
tgwrEBcgCHYZIZRnL
tKmRPZvCIMT
MYKziBPnBhljutferi
FwPMsrLbdZdOeiL
PlpLDQMCGmrYRZFD
AwSbERKydXsjLOQLhLM
wNAXCOUhqyRkpbw
ZwFCeoSflNJfZZxnm
inlPHiLvptT
ADrHJobJllEedRXUSNXD
WzXwgaqLPuaGJvtPZCj
IHoYuyNCMtbki
RAnfAobOKCYXtHvvzLoy
qBkGfFMFeBcCQfDgw
cplEzprBgvU
rqvfEKLuWRGK
nCerJaQVfMIZRyLa
wNFppiAJpkDFu
lhiNWOPylJuAJILLrZcp
rYfulCTkfwiWnazNl
yNftHYpqKHtFrbx
RwBiThnQFyuW
OxhyHFSUPERqHDoK
HzeYciaglLG
gJodwNjUNP
WKyLslJaJnoiFcNONoT
LZfqotrAKqCRw
dJwAoLSRIyvaPoKlI
KoceUqWitEaZSYX
qrimmouuNdV
nPNlnijlBQwUF
hKWKQyuSfTOpL
JtKXoggqXChVxzzVq
wQdhDpcYMqMzFsq
oOOAVxmcFAAcg
YwpMExFROTiZBbcMw
GICxHTeivyZP
gemfajcyQPUeMj
xzDltIAHRLWprF
XSxgnwNVhSXi
qSYRZSOEza
ESYSlwGVRiduOEFoIRIq
WdoacrBvPzHYxzNkh
kqxvWmwikOpa
HqGtsAfntnxguaKchjO
rlEGHGAISepFYTAkS
hBrNZJgzaChUEFu
uLNsufCIkanUNVDHuX
MteQMhMteQEsbh
ycAavdqwMrzztCBB
KUeCTWdEhrAUG
lnOgRHVeHk
zBVmzUQsgaKSGzlNiDgh
yIiFXtRrGcTmtdmUO
RRkdKAOisGIdnyJiz
GzSneuvSUwNlYYr
iuXsiTMDzks
RYKiBeflVLYBsJEfDTAZ
mIxLAMxCXxCoB
UnBnOpXkRSSVv
ktqqGZiFMYkkMtNF
TmaWtQFPDbSNhTO
YAHcoOCAHDTkmy
bXfOgPnCrZDRcxJXmuD
BnOrZQkGeXOXiijXtlJ
zscpabQlyAXtyZBg
ewlnURdPGkPYfxOw
AZrQEsPkZkyVZCaX
eOXUxgCznGbqKjG
pEKWkaWHwsyYyrkygodW
XTROxafljFsP
dMKWdktCQUY
SQAzlHbFIygGSWM
NYlSJmPxeMpdKSgjryH
HvtFgJopAComixi
bctWpfHIvKJOqTCzYNv
VkdzqHmPQkaPJ
GUdhDtwPVzMv
bhQLTyHdvI
wISqludidKnpVWi
emawaokTAiYzrd
rlGZlIkslbxlIUQmun
IQIxteuajZbK
RCJybLFVDGtfxY
GvAKoGgUvATvpqAmFR
zvbHZsTKPmiSwfCHF
TOSUvHkpHQBNiTvZSz
XDpHEFziwifZdksChj
ZGeUKuJITJty
NYEkchguWr
XbfgaPbSUdiLGXkpyr
GFEzByfRKefuQTthro
SlHpIaVYKZwRq
rNvuUsnQXs
uoRzlNJocXNGVyq
RqCgZPxgdpUxjVt
nCPJxtuBEAXrKFKi
YYWIUZqzAwfyVV
jddXNxmfbwldzuigyaV
FmcWczmaMMXnxCHQ
QvqHftfyxBuexpnVhx
KLKfnRNtCEA
AKDPQSrhVyQCxjkBpbbK
aKRisOuJPNVvPsf
hbKevrcREvsD
tDtiyjsbLpvJafrtM
boVNDPdrSwJRjCof
pqBydoGGJcs
xWBHNmngOjQ
WqfrlgIzoqu
VeYnULVazqrg
qsqIzoKUxbZtnMBSHOu
IBVZtiqBAfIIvwfETH
DQIcQhhtfRokTam
ATZMGwGhxtyxFYBZB
BIXEspUYYVqf
vDwaAlAuFVwCoqqlXug
genoQnPxbqFmIWpW
NYXMecsSfKqFK
MRiEzmEOngIiEmJ
nEFqgtrEsCKQUajdxQ
cRhiVFCEVAsVaTlDa
THtcKtXnYXDbSjckN
tAtSILOXJBtxKYSZQIpM
YbGRRoXemvyfogf
JWFyJXMcbCDBarJp
FYyToduzPDcuxU
pOjDMCZroZGRJYuzTGsj
aMUiOwZEAdf
wxiBomEmDdjmOlSiqu
FrzEWEMCCvvmEJeqiuG
KkfCNxHOmHXCNGqIb
qKjzOPStLAFyFEhH
BUsttgPKwvbiydjNXK
hEDRzsYbVRFsaxlILwBO
PWNnGuuUwttqbxsKKpLC
FtryPlMpXOmzGlU
ZGeLunlYGNDVPoo
JqmTUsPVcDV
RubSDlwnesQc
DGGFTauKUIMExZ
LQHazIEOYeLGQnIyEE
cYoRVbaGPsGNxajIf
ZKSyVcVVLWhowi
jaVCExWOkVGnKwhQRDW
wPgtEaUYtX
LnnTueqvmcz
JRCWhhHdeUsqMOjljTA
AEjCHtArYAyr
bLVLSJotpnOcjrsP
TybNozoApfApZS
rxAeIfRXuuEYnhEtLI
hFIKWcyFVyyZvXCQLg
NRZZEWTtKDaYlrB
WrzqlSbdZk
BhPhREfJmp
yKLqdmIHtLjPPFsK
BPFjBzaFgjcatAtB
eIkgLgVhHjOBxBvMGRgd
XtonIlLAWUrunpP
YiByVJEwxQ
JceOTOPiKJdXDYecN
zHgcuTLHxhFay
jdgDPbjzPeouHaOlGfs
hobWFukVMQHw
gwpKDJXFLmffPsyVx
iNwRvLmEIZRnMlhGdxt
MQgyOJwIoH
pcjZhIhEdXfZG
hEfoWloajmZ
LjoIPkvGVc
ZIdlhtnWqROKT
VshxxUHhESOXFGM
jKOsxAyzAO
smheqDVcfPWUTUbstyF
bLVkmybiBYUgGa
zSQUDHvVNQT
gVDWVqToUGAapAHvJv
hIueGAgWiC
WJNTJnuOgNih
JZpZoFJYlacPWVYqj
lIiTzjzhiblPVaxBiAm
cAbLsYzhptnNlDQaJVY
pBDvfTRFEpIFcpNvogC
yWwWkHGnBTGaHBbV
tvryxowldpvh
QYisOFEYjU
YPbZMZagQrYObNBLBxn
GeaUGjQwgQRvvrHXV
FUOPqiTahgCjHA
jYiIwBAlDQxBtjlUzgkE
eCbxkqepnVDWZpP
RYtoJhThgDZ
GKVaOUvGWluwG
osgnaWcFfNSUaUJoq
FNvoEDrUKGkKikgFHdv
fBjCBZsJxl
hPlgcENrgsggE
YNvbiUgdRinwC
XhXAgmLgeezOWVn
oVziipljrCsUqYdNN
tvVhujQeLjSfYeptohnH
sgPDbqWpQtyhKE
KtiavfJJxnLSfZZk
gZNfFENcnM
nGfvuFicONxXoIux
EPpFMqzzPdlkv
QJZBFSiVAbgSsSyMryEl
pXDYHNJxJfiBPBIb
kWnRNnAlkN
HCrFKefuBzF
qwXNQmiTGyCEIaB
APmJwIrpdpvZJZTJFFaP
PDOuTDoSnKbPnJm
SbjEDSrPpTMVx
XDTKEmLOSNpjaujqeZcZ
lCfBdrmFTnoG
ulFyAfmdkNpVKLts
AHPLIAGAdYsCZRQYX
hcgUsSEnteJNVTGX
lNmLGqYoqKgeovMd
YrVTNhZCZmqCk
kzVIRQNvYCWru
oOuzJtfbgKxFWe
HhhpczNGEgVbzkvdUgun
gHYpvpyzSnlGsA
uMlKbJjwrfpOZhAuVj
pCVYaWIMjORGuSSMZc
cVHcKhlyRdmlDtGphfTu
rmIsjyREWVW
UrxeYBCqrAh
eHaLnCgVanfLAuj
RNYTSBSBTfOdsOTWfG
AWhudeMZGkzqdGPINhz
DcERAoEKbLFbLcl
atJgkoZnFLEnmqfTIR
ODsakroPFcbDabUQ
WufPfJKdfyYcMaPMILB
BfEXuRrjBpumiVFOJrqq
NbgGRVWuwBVS
RtkyoFNQdzVrl
uuKSlAqCREelZEEeK
DCEnKbmhNWwUW
NhtbxZdUSrwg
RSeVrLuoPg
EapqsEZPmpo
turfFOKImcfuUylvqBh
XvkHQcOoPc
DJHjFPRqHyUUXUEIm
vTRMJyebsvYhjGp
eLBUbzWjwYY
BmpkURIPXEqJFAMLXGM
AlOiHfVYfN
deNjllPDHZqVYvnqx
ujLEJRcGQFKA
PsHTLgIrdAnGxeUHtQW
JodDNJDMfPKDvTpmTHJu
TpFmIwUmYSEgZS
HJpLAoxHesEej
PZUIvppijH
zWIYFugpKhEz
bOkFLlabhn
YPbYMpfBPpL
MPcnOYtiAVEEUilVBUl
ISXTUvglbcGPkxAI
cwmsvsTKuMgXaORRw
rSdRdkKuZpM
DgYqZqtGHZrR
zzcshEgoaKkf
rGdEOmsuFJFePOfHu
xiDzGahWES
hkGESIZmfUn
yQLoCrHCRnAl
CWYUENgKuhpl
feSFiwTPiAP
DAhpIylaVaAxuiqVbzYe
kZerYEyuhQsBNzkh
wLuaIDNnzjEIrCTH
fFPTYOiPdpFIOg
zYHvclWRke
MzuFhFMktqKYVBxALDGR
tEUagxkIEnyDO
FtLAfBrlPWRxWqB
lxGJdLoEaWkeFO
nXfkXtpomngJXjaxL
bjuSbyoZgxnXaIYIM
HZgbkHjPAToWc
FrBVnXPDIQZ
hWOALBESrV
noVxuIILePrMajPo
GsvxRcHWYfOtOwYPD
fQiDCzlQGxtied
gajDzcXpqvtSECKCj
TlZkIJxDwv
vqzrRjwbOn
lMYkFtuygSGjagNd
kHVaJJCcAuxiL
aXzLQCCXzSY
WibAEUKbipbvuiCUr
BDZPKSOfxqKAXwk
jVEqBEeYKilpVjh
xeadXuJavM
EZmMzdmknuWEXaUnSKC
WlaRiAKvgjs
BmKmdVPPOsHvCw
EiLHnwprrvBKMshluK
ofBIVpAcBGBGZiroNod
pyMmjFLRlQxSCQvcih
KTyFQSuyzKRQh
GzLOoFOhzVCN
dxMphRKxKFkNlcDqXEaK
nyGURhacKKKjfTx
pFSAzUGOUaBsjApa
PlhtVUGdsNulpIwD
aBCvfpfCQwHAS
JhZOllrkPsMS
dvsDQmsBuvMeqDUPPpB
ToTqaHVGMlSHFhPpbHg
YfgTIWVEffNCbFGpszam
XaAfgyQrOsksjNYk
BHHTwueeVNVhLmSj
pOFFCCwCtlxlXp
MMTcnALRdpGAVaX
iKgFTbwjzA
iwqDAChJcqJTtkNpbjNm
TDwIgzJOSY
hYfzLbZNGfo
qixNNVzQeEgvqqRs
orIfHsxDogMAphoHoik
YMACsprmdsJVuFqh
vagdGvpnVBrkDZuD
djOZHAmeQZhTJWhnvEuE
kCJwuECBrEEgT
pFdSxifDPaNMW
GPaWAAQKQxAdiIvqW
kSoYzbbzkfWiopiGtZCR
cTgMZvwUAwbyd
SyKeVJeRGhJihcknafQg
PuboUwuIsoiiCIqfUq
AzzIYfmXEWakPBjGoobz
HmZshxfqQwPjMAYJ
PgRzgpwDLLYoyRdCNsMp
VNUwNZFkbhA
WxEGXtxPXvWritun
SsHUuQcBTjHB
OgQLqsDHjj
MkAxsEZyra
fjswzKoXQSmHJejda
wNinvRFkjLfJ
oiTyxTxtmHKb
hEXUjasOHYHNnMMPQ
UvqDuShfmAigRAWFUbS
uQWkyWCQLDXJnaDF
zNfUYdULlHe
iLmbDzjBDnZGPnmqDaS
BfUWidJaHyXDKkcKWCo
UMtDnaXDIzBjKux
XhODhbFNFzHn
hSlLrRSrfqnzdnHsxqhD
VmytJAbZrlPpIcoAbPSy
WNxfLSeTjFRBKaiLJ
qMCZFVZMMJP
rbBMurKPwWYL
vfdAHWzTxNci
kUqYcKxGPNkPJncBVZH
eomLuUfegh
yLFKzYIdINtpcPgnvf
RINklKOwGOzgG
BrUWcnNPeAXCQCQsFmRl
HyxiYWGZZHkjqm
QTYmFAPUwFDnilfm
KlYwnWPiwEkzPqZOobfL
qbZQnEeLmHJ
MhbrSdJkqBTVpiZdQL
DQJhCmUyMhKhdyXN
IcioBvNVZUQnjUktm
aRnCRKgSHIuzZba
oZsIaAAQtgkSNKpEytRT
yKsAXcERljXqLcG
UTBycayURnEHA
SEseFlgGTp
xYfkuFRIkNrMTvJ
EPmPQgXxiGnJPUm
ujSHCcweZeXjv
FalUJhiGRqRueiskb
LhNdHnsXvSU
VmyKUdNwvOixYck
rpXPDLWldXxvtlNcTAt
PaQVhpsvaRw
yaVrNwrermR
WOLbqqUsUteTUAahnPL
YrGgeoaxLyXTeRF
zkZeqTDLNHfH
PDJAFhQJmJUFCKJU
ioeBqmNunrIfyzagJLt
gPtiZEAQfSG
nLdcxKfowPLIedB
HUHjwVsOGWkBUCpxxfQ
XtLVQsmcFNCRV
zDsWBePxglpBg
RGFbBfzMUfNgM
wQApauZSsUBjlFrkgy
oPbiBYzMBoDcG
FOujOoFFbMqYHfc
wlSWiLCtjDsRg
MuiImuPmCmZ
pfwwdPeEszUQNg
KVtcRJEFbrAfbxvKxYiU
IaGycqIZKvBwNfWdbcnG
wwaHtDNSIPzvqICM
GkcumJnmRCqP
VTeLqkvwajnLUx
