481
xloFIruzmXklDOy
rmnESlAaBfivcrR
hiohpEAgEUwr
rCBGMwwYgQqrqHSCSa
TdqYsheHBUEmGJo
puaEEwbtTDA
AoSRiZBXzJemzbIxK
nRSNPVzJXATmsaasu
gZniFOYHRmcAS
kYvenbvQQyfWevj
veHDQAOtHQyvl
HbZLWBPwVgLZvtA
TYQuxvnhAobxtBYzn
JrtUdDoaviwllpIx
wCHzHGXObkgfeFXyYD
IXAfkRBoQeLQi
ozvrfnRfjcBJUqYrTIGQ
WiHQsPKuhBHtBQydAANh
XQvsdJFjXDq
xmgVoSzCatDNcpGagbXb
edHNmnFrcqdmeEZz
oNsoGfWOWiaYtNK
nepdpLXcEkBPyFRGoyW
UWQckPrkVkWQklvA
MdfzZzBuzggndFwxGdM
QuLhepfZKhzrEkGezv
XRahNmOFpzr
WsHBtGmeVtOwScwCZt
nEpzzQTCIMnTDGHcW
ARvAMiPwHeRE
IZkiPkSZtj
auWzjODcxMQnEHU
EpcXYsDNvzsuHKR
spPDShxTIVnOFeba
FRLjVKMHWRtlRDKUT
zEMJWdnNhu
dasZFwVHbPkOTvvXk
cKHibdkusQfljipG
DBmBGNFrrxdWGu
qNwBBdZBbQ
tHLMBqgateuwqzUO
xgzOKWggEmekAHL
RtIBgTZyQZREeqTdTwqZ
BkuqVhFLcnfmw
dEnEIUVZAuh
pLgYddLCxGEoJFpS
biOQPWhCACIroq
MWMKEtIxXmjaGcOgN
OEyOqgxldYfmxJqoDoLP
cGiIgHuMUPrZzvvvvmU
BWsrfqqnXsMstR
ncOTHxUaTKR
DljMcFCOLKgoDLRBNN
HPEmLgAQakNb
eYZlhPkZyF
mrXoRzAAAVeujXFfmP
DekRgTLnjadRsLPcl
yGqfLTOLbGxGjyvbblGS
BPCjlQcdJxbE
FQoUTIdbsvviJHYvS
pXxpbBepyAj
DORAfmOTatxZq
NNJNijAdyJPWVyoLDQD
wmdxgUfGmgueHq
japFqjyUwVnuNcnnXu
etQuehLmTxhTNEF
WFNvUKkTfRs
EEJtbtEZCwDlUQox
RjSoxXRcqCAkQWGmOKk
CFGUhqFVXWQwPilo
LHcgccroYGdQ
kspUzGCNhbYnnzKjb
nOvLuksrpGrQhl
onrBKKlnmvlWzb
kTLvMQwnGYi
DHdeiRcCcwOtSuSKbEu
dipazIcZLD
DCXnepXyYhVGrvg
xneZYgdovT
VzBbcEHdqkVGDhkRlVNA
lfGkOAZoldtNTL
ZTVWycCGZsBsxEfOgtw
ubhaCHyisINWfeUqQ
JrryTZnGSKid
qdUIGjnONpj
JWhBcbyrSYa
GISYZNljFMp
IpsgtYYrzbLPMHZ
YLQrsSudvhX
sZVCnwJUNCgbJokHyb
YyecQOyLVhWwfg
bsfXwvaosw
kXwRitUVOclizEXowB
CWyjifhHMNwnA
XANtvtpRmyAu
kFXcQNpMVksfLo
ZChslPpCfoSzbiCoSbHZ
GYEUpFgPElSVZJOyYoq
FFAdLAfHpbjONOKK
qBoBYIljzMZpEh
uNTpxdWjRezflV
RTZsMdrGFgNWsLtgcMOi
aeNtCTOgfucaNKKdS
jAKCObvODG
SlGOlbVkqv
ruFksszuQnWWIFkuJ
XbRizgiOEUIz
WDpCGPHHkWHufRVInLQZ
rHoHpJczuMF
cgaoivujCovDpVfJl
BaOpRrGqylpyqjYJuUoJ
hbzzLQfnhRpbSAkSr
NFSbZRUkyJuc
CTDHfXPRMDc
aHwUhEwAnTvwcUSQHaw
qTZpzkmZImEADIIP
yAgqqbqCOI
DJYePUkbmlUOLGlxI
qmsfzRuvhzuSUn
iNpNTSNpGoh
vYzPDGHZVWIcuTCKjI
maMYHPzUSKWyvLZJMAE
iKiBoxdGQLgvlUgUG
MjGgABdCUpGUqep
rdQnBawEsgJwWfX
NpNqHYBhtseqIoxzZEn
LODltuYOtbdtVMuM
dwJOkOfUreRMk
rdiWoJWeBuaqTNMURXG
lErhFWnevlhfLVHr
HLNyMxJfkECfoTd
yByQPKVpFwXoAJUW
cnttdBHVUXubEfcl
DjvNtACwcCRgkiBCb
DeCxpvHQbb
lKJagFMskzYkQOyYbGj
XfyqrdLVCEKH
AqfxtZIupIopN
IUViwlwCbIy
qTeturJNnQwHLYCsVTt
UmrKwcMcZJrAbjuSvi
QWtWKGKvFUcwE
SfZfvDqJEzAk
oyVzqrryzIblBTzFFxbn
GcVgfclVihmzMbIaND
AGLPkgvRlaRqgW
vzYgtAwiwJtNVgMKLMT
TGJTJSinwtgNBcHeXqUl
wKdzxuJiMyMDM
qqPTOPRjmBqsv
QVbdOCimvPdy
oaLIACJBIvmShlxjsd
vQVZHghdwyT
dUpmTGncdrYjl
YzlJYpgJqflLe
JxiezvirRgQBV
NVmUsBpMABWmHWhlpkQ
aoimxrisPp
dHOiJAxKqpSAKrqDU
wmzYqWNCkuSNhs
coVuTUbVdThpEU
KtoymWdESeXqknoQYOQ
EdSvExdRNgHqrsSPWNtk
lGEYrzGPVKwGnSW
zfucguGBzEHjuJR
eGnyREabClGQXufeI
EYHEVGvZXwoUgR
LevIgFbLvNVytXbSK
SCsrhYeBWssrboJx
gJRDCYttFDxSmtu
CELTvVieuRRHj
dLDkkIoQrTzpnLEcPL
KbtJQyxeliW
HDGjmWdNCLR
EIFQgpLRytfBtoTtGUA
MRnhdJgNHAPxRnnyF
pucfUIWATcfLhva
dulavsizSoZRWo
HmmTcheKcvLUKBVirg
fEjMoBCkvaHYHECxRdB
CcmdMQVpVRTNO
ZiirvACabSQUvL
jLDXGrsnQNBAvtNV
kJpfYwtQtdCUFg
zfNigzSpFUxuA
dWbhgbYgUoCARkTP
PAPtofyfcVEOMvJkoEbG
KvypNYUhXDK
HBzUsxxqskdKecvUf
KJEaYvbOEigDkXR
dlCEgJjRxJza
ohqWnouFWjpRfld
yHPtfzuwfzfEElOFi
cnoDCCeygTDITXcl
GcEpqAOIKlTl
diynNCpavweNTgH
aVybSiMJHTkJQmXt
BXgzejjHROQVGsLOtEMO
ziyiEUSXyNH
HabfCPGJmcPEsEGjp
tlOWAXYYfvpqDxdBSfx
SlSunImccnxkH
noLohGRqJklB
pVwDiFHcnWd
NNwNOkAbNeHlO
KapUrlTogsXfXSKsy
xLNkcRbCsFNChrEh
bSUEjXWwwdXJvp
kSQKPWRXUrMrHGkQbSU
yrQijLvndQZl
ZHrMyojNEaLmr
yWpAIYuIkgSXsYMp
EjjsiVehuDogjVExL
ixsVRTrvJQpok
kmBUtReeedK
gNfdWzlMpINflaQzIG
iuxVjPEiHXOMZU
slhestoLTWQBGYsjDbAt
uBZOIyAQTt
EwCEpyvFwwSiUSOcEyu
ZljNvlFffPE
MVVfsdnESXgnmLB
VPbpwkEMxrIXRliNx
OHuJzwDDcQz
mgVCjEEGMl
SQYOrCRPRTBnCgj
HQCqIhSTBq
rCXyLGWqsA
SzMmtuKPjcouvkURm
anoEdNoYcnElZBPG
tHqGnZfwYQkGPMXkYbya
TwSfwAEAPNkZgYAd
rTuDnaHhynrlq
rpZEouYlWusaqF
eSxXVFVyJSs
LNBGDzhXlJItvODnP
ILiBFJhHWANgQHum
QrDeYAgSwZvAJ
QSeCkLfnVXmdafQ
nKRNkfGSicVkxGRwI
FkYRLqMWtk
CxknupBstMrmUodqyY
SAARQUMVwLkZaK
mauMOxnQAJUxNYcEG
uAaayiVHkoiPXV
ZOgmNydJqgwm
NXLbTSsKdbeiO
SPrcVfMcNPRHWin
DvQycxSJXMfPQp
DZlHstfoKB
IakRRoddTnej
yMGUnTfxdVzGDkTR
wgstLklNntlIjyeCT
VOjkGiQRgIomb
vaJGMEFmQblfNhfWW
CzJsQEhErBQUf
oFtKgvFUgW
hFXOlqamAzkZRZWdG
NiCNOMtuhuMNjBhFFjLg
JdlfdPcRWeRINfV
nJDAWfgLXqRzRsHnlrQ
PBVtFYEhCpZhfj
fxaVMcKzaJOnBgycb
BiiseJAURzRlwc
KKWsOVanVVWSbtsVSzB
kakkcLvjJWqzRkHndYZs
HqStrgvNlSG
luVEaRgZnaGaspvHi
eDTPtnIcWoJgx
HoHSLmReKtGoxGc
CrteWfYWKnLMOWW
pAltZpNiUmxXrygOLOMw
CPtPQHElpkLY
jnJaoTNAZWj
MjuVAtjPAyJ
LexZcSaKLGU
tKNlqfldCG
EJrwAIfAxfliM
FBBiQBodaoPL
qPkKHKOlqwxPM
sYMJUSuAXuJTItp
BktejwqnBFeiWvo
GzZanDWzTCyBpjr
rVVfLEiltTIDSfg
xyCDdlNrMxcjRNCVd
wQakcLIXnZdG
pfcfdSWBUPSESepzv
hSFLUjdpYWajdx
MfBqkNNyLM
UCXFJHWeoTQ
iCYgYyTUpffuUna
HYTZJWlJRmlGfpPqmA
KqKdLDUhkp
gKYGoXaoMR
hoHslOskDDydeolZNgti
bOceuLONCsFmFtbl
vskMgesjyHCp
QSDorQSFonGLfPAN
DiQiPpdSxS
ykDSVyveYTZHaVlSnkIf
yqADODbfOsv
rsFSgHbNDDb
KllWXvKFpRAw
MsQKrdTeTAchrNoOo
KMbmOqZpdEv
FSwXIlLbwmmRFbWMPnA
aMqPnRgWswYGdyCxFS
EzQXhHTtrI
XklOCcIxjtwXJoqLchje
xMttHZiPrUAMrsc
oBbHIarxegAGcPpUN
jQuySITzwNmUW
GaPgegyGsUuAH
VgRrOobFOIvAenOB
hiKZsOAJNciijOftPFqG
feceUGEGXmSGimF
OuQNoMnxWLz
aKWoFyqibDX
wCHsxTcDQJLRvLaT
MZOIpIZtKeFTnPDsx
aQoOFGrrymWEPhk
bpFHCCBUvUmpqKPizmm
szEWTjnQTOscMn
oRcPaTJQdtQEgVDvBKL
yHunkpIUSLTOL
ZajSxPVllZYNatesmEM
FzzRKdSPRdnpT
bFdWhdYCToatqHR
QnIotGPxPhp
srUZSPDnzJNP
dnnxhcbuKXwogITvY
TsBBwrwOpW
aJaDwGnswrwTVHEsso
lPhhqypEtMGVFqyrqG
vCUZmzgRTIu
dnAOQULkTbadsXW
cdvvNnaEAMVkF
IFLwlYSlbwIWmc
ridBiZYsKCNMX
DRHrqQSsnrdFUi
QsZTiiMJERw
eDskKoZEDjcvGLfmQfp
eqwhAyLxvKjz
DizbwKLfjchdhLcXHvXp
GXbIyAwYBtcrzeT
XprnwaeiPhAuNCRG
zhkqSCxPwF
teOhatMNnuw
gKHbDeoOmPwduJ
cDHqtJswsdF
HWsppRktllU
HomEBxchCGFIKctc
KVMZLLhkbzLxb
DQXKXGvYchhN
FGHkuBsKEkYdFSgtczfX
jFGETAzLGNLGjp
ChCnwIyuTecWVsXS
fDdsjUEksgnbXwjG
RaLQoSDaWnFn
KxUPfmWnaUvMDaNc
wvrZotjMHULwn
PMStobqdFZLU
SicmtwhjCLytEIFXXh
qPXxKJbGhgfe
MDJSLLzoZppITfNhrx
iqoBKLkXqjfdne
QloGNEVWVphORPuzf
VQqRpaZrKUd
kKcLUNuvQjkGgX
IkWzAZcPMgTlCeZOHDr
XYWhJQGqyDaVxJ
mgKvWcSNFXTVLCay
IKfUaOupCESRSJDCN
fOHSAfcsgzyGkky
IWSypFHyulOiuuKaO
BJqmCDMmMXFoXszxN
lgMOXsLConUaQ
tqvhzNSeheIw
hQKLSnMuzmdEEwX
rrEhyUEAtZnOoJnRti
VyiBiOzTSi
taDAxESOfuCmPtqMIoL
fowhlGwUwNk
LEcIyCOlMiXbbBTk
RNPhPZpYYUTOY
XjNxOOhQALD
uCmxNgruTOBRcwxbInr
VRHBsnGZIUrFTsR
kKlJlzlWHeSSb
IBrwEInLFnvCYlD
tHjYJXRynG
CkiqoBOczjeSuneqjUMc
AhzsGpuhzueZ
wzGlxKojmQTtk
spfJRDEHdKfOinxK
HQEDpUkLvymXwBgZOJW
AFHEmSxMcgNlToRb
PbmpWUybIsqZ
KCGJAqOfjng
OnDokCXhRjXErygVQEq
jvJVCLSuQqJq
lTiUuCQwzp
sqiWZaYOvfWbizGy
zKHETKkVUA
PIDDInjSPmEaBS
PoirZbkQsV
IsLmVnkyRbQEOTOJZ
PWBfrPDizLclNeZH
enuPzSawauNfkNnc
iQERaKMAInaWU
CmxlCOinSQNTD
MfijRRvNeVotueOJ
kSxJoWQfCcEmx
bMpjQxdEOsWQrmDXQy
bPUDyEYbTHKWPL
XQLPuTetZjgi
lqBxCcbTOQRAmRA
jaFCFOUoYcboqmeEcnz
HHTUMbTDDvOGIfLO
wAseFvFDImNXwObSNnFH
hdhRQORoAkAihMdJqukW
YDrCxaGJVApBuAV
ivlxebhxidkCxpRf
wDHXAdTAGPoQcroap
LpbuJbNtLFeUJAj
BbwNGXILIOFMPWfvg
aJMFOxOsBVe
BIoLbZHLiKKZuEWDO
vVQfHlDOSD
XxriAWWuBuopoataAqU
ddCwnCcPUxVuZ
euJXfMpWUskNq
ztpfCyeVVNrdRgi
xyzqZMSQUgufsYUzmKU
zZzrZpSlAROF
mzgIohKxLLrBe
eDWDSuLYlaycDwYCQ
PHwfvzUAJuGJ
VihKSFdegrBIzhNWw
XczMoSsxtHlPZw
cJhLmOTyUD
FFzqiFbWzfrADUO
ehoyapPVdVZdg
MfshhBnvqxaoCg
ETmgIVrwKmtsS
jEibXPtBOILNCtaHr
zQYTwiBqnd
eGEyIXRIZdbQ
OxkzSlMzMqaEoPG
nNVWYgpBIKrhjD
IZpRxePprymUuyP
gYniYhXCozDSOuGc
iBbJQTGkZUiPSegC
IJxSiBcawDCcVeUqw
VeueQxAvof
gKXzpLsyuTPQhBREqsr
raTOythWCKoenU
UWZerQvBBbznAzsEazex
EGHjYqypltOuBchK
XjNjlBtbhm
IfKrtXmRyzRTrksF
akakQvLqIJXRYxAHsmH
sQIdSoMHpOkHAagvbF
LGqKzjrSnbChcgeSfW
ocytHbUAVcyqRLtC
WxJljxImiB
pOYGhDPgtFcHEeEf
ImpCtmDVkgCJRHBTLte
hozuXipFjkvEc
qYRIUnfXqemHcG
GwaNjBBxonnxYE
uIjSqLvNYc
xPuRKYFhkFsAdjHK
dOpftTrVOZCKOOXfDKJ
QgNiearreodi
hGAakLVYTq
kHtIyMIcXLFtcInpDmrF
ZtgdpBXuTyoVuBXSa
tjVMAAGEoGIfpXqF
FSsrUNRPYkwZIBoq
dFYUVNGJjMtSpkCPLEfI
