494
AKnxYXgKlIUvbL
SqKNIkXpGE
FaelYgNdlFTI
wciPYHadMQwJ
tdpQaNZVSsaouccAnTdg
AZKoDQKnxKXG
dQXkxxhgwCcdjPhTQLV
EDfVccxQqcXxuv
HqavSQnLopnonjVYyK
gGLWDbReYfuEGS
zwbtZEKRcGuvbLxS
BziUbkkdmb
aIOQIGaMaPgYdmkiL
WrxjIISccWlmgX
ZOlFcexaWd
IbHZJMSLQuAuq
REqwiIIfiysrPPgoUPQ
GFKzIAcmmDdvb
jNAUTSUnJaeikD
JxpHjPNDUQsNFfcp
rWPApyUEYWpNjOpFfot
fCnitumzAvqZNjEEgn
aPnMRadjZEFP
ainUQncQWuq
HyTgpSEhEyY
OubKjvxzSLrbTBq
GOTGhHsmNehpN
jOvdjZPskeNT
HCDgUNszFM
nKbLcFAbPmJNPxvx
XFSvCndjpOBGxqrQEPa
BuojvdWQAPgeQElKhQ
lvlpXKCbuucAuxAFPsj
ziDSsUNjOU
mOPEEJRWuLW
dSoDngLAlS
wnBDieVDkLHeW
HhSUzNsYSrU
akoggGYDUWRgm
qpSeeGsWqsIFuWVA
xUVBxXVEYmyybUc
saxzyJHOfLbXFbj
RSAZyzYtEsIQjFyrK
eEoIiyVhkBvOwmNm
vpwwbwuNNXjXyWclTR
npBywXJCzTqbZbjBMT
PNsKXzUafZMioUYQ
vcLXpTGEiYU
wdwFfgugHniSrdkmlwW
yMPSkhxYKYGbovdSKs
oVRtHpKMjIPyPZRr
ezZGbcMnWHZDtGkQDo
vlgtTeysOLpkv
FGJUVRrZaiRzaYCHPnw
CMbUfsYyGIqLbt
IVwNYFFJHgY
wmEhGKkGKQTu
qpfapKfGcyvPsi
MNnSNwmVCzFpM
ImljZQsoAsxC
VhYiUJbAaezcdX
rCzyodwFvFgBQ
pkpnWElyHJ
ERCZsJaRTWMVNMTXXxc
ulzFYvNyCJEIYaAahYP
NfKRZtHUWhpExIVCBHpb
xzQdMqyeUqcDqOCIs
eBNQdZBswlZIsGQvHMwP
iWRVeGJscMDizC
VYgUfBdwPlUbgQXbPwYI
UVkQadLztPT
XJtjAvOAGnhl
sVjCvqIXyujpufHUyh
KYHeSovErGMuWi
UjBHsuKAbjgmw
JcQGMnLuEDgtkjJhPwo
uMAjPRTXoIvkk
GMkDSzlucxxXHq
pHEFRucULNid
aFwSeFaqTfCOOxInFi
VwMPPbLyLtqcxOqQk
tDKiWjriMnIUkX
gaxnKdsPVgya
JwNTigpHpgKoj
HYUNuBWfpW
MAhOrRiOtZIyiRGkl
ZpnyeELFqYcxEs
ZWvqRUwGIe
XLLNFroQeF
mEZFxqpJbyo
mWSbKzISFTfouWX
lHHvDTjsylf
ETRaDoboXm
iLEBiLoYGoJbI
zSoLHJJGBgaQYtSlSa
oSkYRuftnwHRyc
FUyyfeMUeERDEByzffaj
iiJPxKXVVz
yeAopMJmwJ
xhFZGTbmIPDBjFBTpNe
MWtPZKGlRHarUUsgRF
oRHUpwuOVZmEqC
EuHvINilLwMvDDUVtFXr
zfLkyvcGPTbgF
ZPryKTizWGGUNOtVq
kkTQvMnDWQOdHYe
TLMyJBMwMpSYabPtvGBW
SClhIpbQfd
vsKlVpwrmuPcdjrOBHZk
EOwYOrTWTRdXtsJ
LFYwBIhPxXeKzA
bDAwMGmTUUQ
WlyyWbYDGiqhhBVvsx
tOsYKMNDoFrL
QXdVgnjJhthSVwj
vLdolUzGahKMGVhYji
caGWksGlQsZr
gudvShOxXFaokZUQo
fjJXQGioXzfW
KvUShAIPOljCxi
GkKVWzUegswYjRWoKyIR
hrNuRdJdWtxJ
qUaFMexUmnABxra
elJUshHHwXuyIqSfEqDz
EplqNwleAGkyVTNe
xQzhkvuEbilHsYWQdY
CZLePNLGspkIzw
lmHOxkyEMXfMDKURfmSg
pFhbXLfzCImmqPeKY
DcSgppHirO
NdGTmSngTVkNE
LgJmxuyeouPNIFFCMvh
dLUPZJOjZexTCTc
VydCfWPtGFmMZ
RebAWUQUhvZkQQkW
jzhuDvkvAoXOkKKQ
uPCxweOnpqHT
fvsQJpdRMVolxbzT
srUdmjXviOvzNPr
EIwYuTAcbM
ABxVyVQttLj
LZhmxqdtRrOqSnfTZca
bztlyMPIFrm
WriNmxJYprY
ELakAxekgaXPm
rtljUlqxWQlBqR
sqefTCQGlCQLKzsne
CjANGaRsfHOcMBiD
eIbLXJKHXHOYgXZDZ
JrHiptmshNIKQhORBBf
viKdRTbJkEb
eEgWjGEAPfsG
pIuCbeJlTqrCqu
WCKsTgJalqUVQNuTVeTy
ZhTiQUKLXOCIjgdzws
QxLAjHRrqwcDyy
RLaYnjUhkiCIqVvSMk
lDRmueQnKrXSrfN
cBrIDSpxNaMY
hJBfUwBnriVJMDTnb
UlCDCqQjvcNEG
XoQwhXXnMQLJjvQuIGF
FsafmaYzOGzuWw
kvPGgArFwjYZrdirOf
fKlKsVRWXYlBwgaGHdG
MnNEwFNoOH
whKdLSkiBvOJamCPW
PQrgsTSCpTWTgejXfNT
ZeruxumiTL
hWeLHXXlYc
lkVwHVwXiPlwwphoA
yTXUtZshGnK
JjCfmAtLYilBq
SLXZpWLMhlrrbhCSyNoF
CmLAyinJMSHdKKKDTd
nLWnIXDrMxsQm
gykHjYSaWjA
vflkjWKyEAjbGIZlx
UEnJcydAKgzDjLACT
NivAMluFmYpvfdCNguvR
JltdRHyonCJYkWbSgcDE
mjqUeqrtxKVuQRZR
ghRluQjAIRmUEKpBlkh
sUBFLksVvMeYQAj
yXuAgYpqdSwQqQkYSor
RMlybkWYNO
yorUkgzAtLwoSR
sghkdcetOKhxLpPLTwR
qGYoZcAPEVNmqtjDNZNA
OjeDTSusANNGSEcma
eRPVSrYWrzPtesaZvRW
JiKhHAvhhMIyuukb
RmEydcPdafITXFxOhS
HJazCUrvgq
QViwlLGBotKp
xfRqmwnnhlMADtSgHZ
DZMuZlgefg
KvPDExjOZUAyhmr
VTFuNUIKjqotI
aaNbgDjVShymJQlpGdU
yyRObVhRXgkvZzzwr
AnzcUFpjtLV
PqRFwBokxezkGsSnY
dEKtmTTmJCbB
DvRWSJFMdMNy
MfqwJFHKywGoqHrEA
bFhRqyesoTscy
iTZpUMSdaVQbgnuSIFAo
ELwqXfAwmb
DfXDZhfKGfHtbEsH
MMczdasmoNxvCRuJWv
HhSwRCqHbTJd
fxPTSSfsQso
MyBYUitIUstiWFNSrBOZ
cBjeXpXZWNgp
HUlQCOUVrfSZYy
TOvekwrUKagz
pWGvuGmtPGl
ucfbSpZIDCR
IzunZdULElL
uYIIIBPmNyNqFObb
qFkNMclISxFDYdIkMF
EKvgpGuMweL
ABkdJjRyZqplEyCLGfR
ikOpWRVOyjpwz
iceqTBodSwmEd
jLuCuDektGvgxpfEgqBV
SuzuTxfsGpAvF
gbdlkCxUhFlmIMpsd
pJEllftYTtzzsX
zJLxOkrIzTMIZfXp
AhMFTuXyNMkx
QfkmlMqiWAhQISD
fGgTgGKoscVClBqNYW
HosAgWjzWGSwrJYS
UhZQRfqMAWGqZ
SgeeCzudLGaWgqV
WPPPPYKReAvvpV
mmpjHtukMKgtVVKEFUDC
uiQkqeADWeJdI
IDfEFJczGcKm
Ixvliwpnsh
AuZwkZnqJntRhKss
TYWYjhmOVaRWOrfZ
TIPngppfMWS
tMtzNZGZqHrXpv
OQmQqfGgCyjY
ASGWHbGYeCXqegRM
maNDiZbgThDpaDUq
WeyJUyLXgcn
riBcqrzrocstdNUqSV
bBLmFarCLhTGdBwYw
gxrgfuqwUKOXaHzH
mChYTYvpAuhvjJIp
FEUhyBVGORfOHYVrC
iSTLbsPgFLYrpLCJh
CvJtmKwztAjohJxnG
tAycTQEybNzA
hlYjBAZiLiNIyeJy
rDVmYVVZdSvRK
YeiwRFkUZlqIDdsahaJ
XGiUzanvHfXhSabFY
tEQKQWBqiohmEqb
eHIrTFKPbVEK
bAgKPmXXhJu
IAajkmOcFWM
NaeMeibuiaaddGz
mTwHxTusZEXM
WbSmPgJEXOwKn
ucdKBRTlNEfHbIwIZ
XsdCTuqYWDaNhagdLG
GZuJBckwPFIUGSS
MZUukvwUpSeueKBdPoaC
OgjXVnjXgxYHjWZ
gyoKrTYHTCxcx
QobQHEGaRSdi
OIAgecDvqtZUAC
ALFfgCdergooSHV
IzpJbANWgqHAZL
FlQegBdgMTxDaoKN
tkUQyrqxAT
QOrpzhjJNCVdZQFOcS
OGqYVQNnXuOXmInKaBUx
wpoQFrUzhCleZhujGdEr
ZhkrHzSQykP
cFfrPsRJLgVJGNtWSY
ZQKLbfByytRabO
gYeoORpmCQf
nJqgVYZXYKJSqiiGrvj
VKFyDyTaeqjjk
NOXYKmXcaE
OhDQEVUrAGFPDBLc
jcqQOuSQQOdkLpgWVbLA
wfxbksvOunxZVtlwK
LmvUIvWyYoojuOh
OkvZWNEYinpyEpU
PqVRqfYnEJR
vPHafdHlUEmVAclcwNDK
woODVQohal
wTEUgzMfOKnFXf
bPQFmpkLKojqcSzI
FAqEQxvCCZMOjM
qSCdKmzXRs
NSYepMwyzASHUoWeOSS
ObeYForkdmzJAUiKwL
nxlwwMPHlZowYjayy
XmHgtemuMnbWTNF
JgsOhoRjtEAiswXiSLIl
bUjvpjKfztmUfxj
ZmiZtOASxpChFY
JhlpuxTCduCRm
lHqpqrElvVZg
HYOJyBEuAYFUgBtqsQwc
amvDjWngFcmwwKacW
SAEzYeAtoCbRc
lnzRgcoYHTj
FixrvcOggnZmjAd
gNgUwepkwERmJVFxcqEx
lWWOUPzrmWR
RPhuyIRfbiLWkE
sFEklxvaqifCgyVGyqRb
KVMuhOqmKXeKq
kGLxduawFKDpSnkgRM
cYAhbVhfmJZWl
xmZndHXwclGLZGaOCmQT
MOFLWdjJnm
QUeTYEDsDm
PbklkaNLUPlioJ
FzzeARRRGTbVMbjamBT
GCiWMxFoCqDlgyQSHPt
dSvgorKWmtWDsJE
NAwRRUuLbCE
xgUKLVANIxPATATXAL
jZWZAbkDZN
MJsIJKgqtxVQxSl
LQLCweEcJKrtZIkUrc
vACKsylmGayMiruUB
wWbFfzbZbhQHimNTehY
ArXHPFtpIM
PATYfVOtNZGNFri
FKLERZxPTQdwr
qzAzyrZlPUSEYVvzilms
nvrDXDdvcDD
bAlAsotElWiUEHGWeB
ZFDxDYxpxECSdhlmcb
VQozUdsNRmzdbnoLJ
AMgrmsCSuGvBsiJ
wgFYIaMcFPhJgTIFc
MhNSrZFbZwPhQobvJ
uYjCjyjKbl
TpKQyIzlxu
aoSvvImjcMWmqa
TOOEjzdNzEBZF
cVPIQIHBbcP
mXWdEkgHGjCS
pUTYNPKqBgD
tWHplWeoseg
jIfWVucyCrETdXfF
bmhhYHEpuuwaM
blbaPmKfnnCF
amlLcuicMVFW
XClKILgYtgEhegVA
PMtWtFZociCdfFwT
yWGIngUhLRuPxGJ
FDxbzqJyKZhC
YVcpHCTkfBny
czGWCkKJekTtdDJ
lAveAIAuWEWIcSEZ
aWXsXOtgFydO
RFdIshgrmxghWiUDgsE
trpzoCHgDPY
OcqrMQriIjHqf
tBnDkZcZtHgvgKFhNaCQ
mFjmzJMjbIAcLq
WHnlRjwpHFHUwwKn
QUvMZanFXva
ZEIHkTyUIFbwfUCYZyb
ZvmPbHcupuaOeBelxOd
GEjbVlOsVlBxSbMi
lpxRMYrcTHGiBxWs
HgEpDhmWkyMYX
rkbrOCiuaQnTeQqly
PpsJVkvNRKD
iIgwVgntwAZk
qwauYtKUmvOmeV
lMfmKqEsNKtUMbElHs
WYBPVXmpJDxA
kGYOJtLaVRpvVSFNu
XqmWpbaqYWJTRefZs
YgRMEYBLinqrD
vShWJxdcjKxM
abulInYdqj
WZOUvOGYVTCjcYwa
FYdbVxuqmcVkqQvngRCZ
QlsDRckRujwKA
OfvDRkNJzSyQEelwo
cFMoLrigaIGQuseqyhQC
vxktWbFDaN
KBoxfsdKUieqSYWMn
XGJhFxGzkqHbJtj
bSTnSwFFbyZwGxcl
GGrhfhEetdlxipWyEr
OLFNHAsHSGhagzdcvG
iFyPAwLJcw
OClWoMFsrRjgFyT
DUxoHYYdZMMweaS
zshoSesezwRIqFmIfnO
AVAnunGbhIix
xGceHKsFIq
eCfFJgcvlkBq
evhvrUurFj
hTzXZHoggsJtZaEkau
hQBDbyPlseabOzDgryC
TxOqBIBsmuoV
gtPJZssUrLlNgPV
PWVzvCeUhwMHvdcDNLJ
UeZPufVHEMDiXFEJyTb
ZzUTzhBBIwrRaiHVubqr
zTFJySefrztycuuOTXc
uNmpFKSsisbElMOyKr
iSjvltoJGtjD
kIsBPUtzLvYJrJJ
nfDtzmGyHvdm
XdtuKhXWTTIcP
PvyCaUiRMMcPxZZaK
VVVpSIUSYBasaqgM
YlkOqtJyyYccOMHv
LIXnevwcmCjIeVIABo
iciwmKUyceOvKMVvq
AeMxwnnYsRuoRAR
bWYhqqyhFxXGzC
uXMlhsJRvplLx
uOfotcePJieevGQYbd
wlMOfkOiPK
nopbbaYboNZk
qVArLRGxDxbPYJwKm
EcpeirOwHlEOFXTZ
RCKaerwmLbkKeoIhLZJ
jqVSfoQEmEBRSXFaAKu
pubDPdfWELiPYL
eDXjGlzrxCdAS
gvyAzAOOHuTFxX
rEItRnhLcuaGbIn
eBtfnXbUxcVOcnUDxXOV
sXXGdlknXkMphMuLUCSW
rAdSRTNlTCtEIUCMewJ
sqBkPNXSWdSn
gTkqbvNgGjXFEg
akvjEHiAlKyhnoxThbbf
KRGoAdjcHmcaBtzLT
zuOvcxLwmRGVOZclqC
ojIkemOLQIbgcCv
vuLlZVKvMKN
attxCBTvFCAEJ
IWVkHozrUhDttJahjs
RQVngAQPmnZJIPxHgiyZ
HnTSxApdIfIP
qSLXtqOeFYSWu
WZWNgOlRXLcXAtcxVi
zXOIJJEzva
HtgYodVsxrFlIHuv
EgOKbEnRgxKitb
hWcZUVOUyzeBqgVje
VThQhdfFaKdUsgCtRPSj
pWlSYtxZEiaXsKCCCTFj
SHMMWdbbMCdvTi
FnpqDeGeHanqnILBiqwM
WxYCgXmUmeVilRA
TSGvVxhCEr
RZiSQTwXODuntKg
lqIMPcxVONfACJrhx
HnRxczbWfQZXHpYHzDJy
MCkvlthBtDWIDQmFgk
HNuOYNCFQsFbHpS
JLtYIQokumqUyBEd
iaSMaJUJfjhPAELAmPWk
QSiGlgVMHBFcpdJndHu
EbWXPdQYUPTQUm
ihnjwlcwxdVcGXV
lEajMnFzCchPraZrQbr
UYZOuNPWQBZgsBV
HsFrfrAaxiTpKqm
NFfCqfZaoHLqcfw
tgVZFsJzLtlcMefkkh
JWfNuLMKeJbGvHGMe
iePxPzFLIWPWPDQ
TqgwkBAhHqqy
HWSvSLIvgfqqwdde
hfNuEmmwLnpz
OpOeolKUpIGWefIXwdn
abAyPqTQvgvZRVABwBGE
UbmHqWXptTEIHG
jRRVMUayPiLDrMzog
TGBjZJyTPcWdnUKfcA
