519
NKFKcpPKBSOciccKn
sfnxWVLUWRiGW
MtcECljjWUgp
WvMfJVelVY
POdgYqJxVYJxLTmLqjxS
xkXjZnEjeNHrlOjvM
vLBNEMelFsQhLOARgi
mmFpPoDsQDh
xteGJOvGHCIGeal
nPkacKJBMckjXKbI
bqltWUutyOZZd
XjIptuGoGOR
xqzjtfDwqyFf
OABTXAAqsxfZJv
ALjIdMOUvMZfYoPc
wXHIbUmknw
OrvYrcGYGlmzd
EkWtXvuLSRfJlBVz
bHnimamadgMfizR
zeUEszzTAm
fRsydLYAhOfFTPJB
sUDaHEhWXLp
ZGsIWSzMzEp
qcCrqhCNjJlOXyi
pNdWUbiGNxssu
cXjwlIEkmlJKP
AjUcMMqwFqAMPbON
KGvNYhdErNTBiO
lljcesetRCU
PyWErHvuxgxqKQBULkFs
XvNJwBHtrSKBGG
qQFZcEjtbsiQAkhwYmS
GdSZtbQGgq
OxxfnqdxiUrL
WUYOAkrvZkWwMslIcUj
nzgsVcpnoBtnTJwnNGEh
GZhNIlovtczra
lvMmatxPiHWSN
WTaoXkSPwblNWi
uVUdLhuBfzZCVi
toBdyHrBUjNiH
ULgTOZkiuuk
QGLxwUaQlxjohN
JVPXnJCLegwxYtv
mgODjPgMPQBzvv
yEpbILlFczSMLv
PlowTVMrXLiEYTipLvb
iVyNfpRWUPA
pHjEQITlhKUCGOB
pzSpkkdgxZLYQKrobYH
RkREKWloSPWa
yKQOtllYVmDGbxp
XWxVScPiCB
WrExfPgdcHcboyl
wSIkeHokRsXDAimJqnWE
XYSqGkDsVEd
MVeVloFNXtcLgpo
FvtbHQmWMlE
dFSkZEMdDHiuPxcDzAXV
ZhUNvuRLhehGNdACJ
lxXlggNOmsGoDbdyeU
ZpylyGlUaHS
tggCrtzAetou
yqeeUetJZuuTSu
rXyqymMCxmELPfrbef
fciQcaHZmLAE
bEvAeweTrQoHaeDhEknl
SYawusaXJdFSETbo
JKcBEjBvvQQnnrKuYfc
LirOKebYzfhVOM
EZIpxXLnsKpZg
eqakjIXtGldfOmXJnYUt
ZGBGTPryZHUIPmum
xbeKHKZUfyarrHyQ
bYYroHtaPoX
qNPPFJzJlWETHLq
QLXYtTDwdIlUDG
PhkvezRSGmauhoDIpx
YwQETRcgGEFUjbEDj
ZOvGCZyzSzUm
TnsoBmiFGCUWcORo
vMJURAnCDdHp
tHfFDMYTOgOVRILlAv
FpIUZaVawS
gbbGwFTEsQQuz
SdmsNfhnyc
ChWRPbCUGyVYxJBCr
fKfFVTMNNVgms
HOHltdmexkoRcnf
VlWdrSTqvNgoGKhbN
RkbWbkbZCtxFKx
sHPKYVhaOM
BeYFAdHcAW
OleButykAZyiMPAqyQeJ
KcuLxlhPxHuUVvglX
jVpWRhyKlKMDEN
xdaNWqEwHgsCYLbVuG
lrBdLVgxXiVAONFgAw
RjVIAtTLRv
WdzWDLwQTexGV
AkyzSZvePJuktp
FcQDqRPkZo
kSIRbVjixJKvmB
oXmjZvKAEzrWwTtEtBQ
JsBWKEHwngiYPy
mbwZJdeCsNiCLuC
wXMSpzsWUAnmtc
usfzAJzkzXAyLX
NvyrPQcNEMI
nizjevfoqKw
TrgOzBFeWYuxsWR
jeOWEdlNeTviIyaYk
WfMUZCXnPjaLWqX
oJjZulQRCUzh
LGffMPRaHGTgE
EnsZEYhVqtHERy
ylNmjsaWskW
NaNgCHWhJbhAHAROptDZ
WnvuDLgkuFJ
tcZxrjDoHMcQggoIdOia
YxSZmQhuqtlnq
gHWvJvGJseoPsqG
riDITKEvHMajL
vJUpZHsUtTMRoHDEi
GKInZbtTEak
ceVowXyncpR
wwqDJbxXiROCr
mUMHuFwRvrQ
YmTtpOxEjeG
UBmwROKXYGywg
qBdeJiwgZNyWvwz
pHAgRryWhDzKi
cNCQYVNwJFmoOL
cePPRyPXceldoNHgHt
nvSMGgGTlXzG
jryEommInrXlupo
uPRGIoUeotpg
CFAQNSHBzLWwrxFOjCM
poYUfGDkwJVlHiLGnmky
RXmNYmnmdUIfbAmLspW
IFvRiyifZSdRyMcot
DTXZMbznXV
bHqIoGizWYWulrPNKU
laxBdkROipFNUzDdOodY
YkrlOmnYohqZnsfAyjGJ
OVsoZbwdHvL
qlvFQMnSthQLzMjzFC
UJKOMdlCxnu
fIimaUaiStDV
CyKpiVPbdLsssGwjg
GrIuMmaWzuzTPBuv
ANILXbwaTAOnoJz
sdBYZUVQvNZSlKw
IwScRhNeGptphefseYvP
hyftZcnhDXtFQ
PmMbeYjHEZvI
LWURualOjXAoDOPm
hFDGPKtpVyWpI
spBlAdMtOjLGfX
sCRMtZGuHqWgNEJ
IPovuyoyLzfyqni
iuHxJrpTpqdxecherZp
KKOSHWjRvXmCHQYyHuN
mkXcpDDnmGmWsekN
FBDgooHPasAsArO
TBzeaeKPyHs
HYCRKOYlRPTDKfrq
krQDUrOeYLpdCcZilU
MWUppJGYlzjQrfBhpQ
ztmVIPaHRAfECHVJJ
dybTjVjyfDdHZ
EfKhQXGiVVPLN
xbFjTjvpodBG
CxpTqBUnHW
cEOzUmztUHcX
GEVeSdwYcWyStTSC
xFocbWUIxGPTZwgqV
vQQjDVktLbDrJiR
wQThVPGMhTj
eDRAodSBxUQVNg
NeSTAuewetpahKxh
mlMXEQyjwFvRabUDUjM
QpBjnxelzjTgBnRSg
DginkdNrYVOPNoSrht
sIrdtKobRIVxuFjBJBU
xstpbSJnFNFDy
CsBIEjZVrpZTb
yFWkZuEMhxgn
ztKslsjDsleJIhV
itqAAhvAAJkQCQLMB
bMmbBswAfHTkpRmEfcok
jNcdNCPBDlAzW
BLalpUgOvWIABlb
OlxPKzLpboLLr
QyYsqsKDqurHmSQPel
zosvIdNZJzVVvkUnJduU
sInvjOAMPvGthcDi
gjXYJoTDSBWG
DyEsHaVCian
LWmCENsFTV
SgUUAANRJDoHoENqVJPv
nfgEFmipdMdpKl
joTomTjCVTs
wYSynZYFYLA
YjaSYHLESZa
OMHlQCOXbtPWmjN
MxRPVXxwMucpf
sTnDAMQmtSrRJoeB
rkHgUgJiyIbqgdk
BiJLsUSQtTplSaV
qajUChXxWQK
yxTrnlwgunjeE
rrqVeLHjPi
NDcAXQlotEcIilSbUmXK
ZtsJokDMGCK
oojUdUbqlxVtNOiqSzrD
gewLYbppybQBTyDDnC
PZgIFvJtWbFA
sLJKBwHYNEvfAIEvn
OjAYtjKmFvpXCthZ
KZpGGXgciJGUmVAeOSiR
FjDHZmclVIxA
lmkbOwXjalSra
UeMiltAnmhtSmFvqHlH
zKPQxjEzGMi
XZFtUoIBYYwBSHlw
JBWRIynxxLgJvSpiE
RleDHkOjhngxB
LxbyODFcLYytzoeN
DPwOpoSdIgbtcWIS
HeoPcmECjfFFVes
tDOtXeaxhxqMzMedXqpJ
kFOBIhOUSiSRfa
VgTqADzTzzlQb
TYwpTVLytIlio
TMgjGUGoAvpK
lkePaDdduL
VmxFDNJpmD
ckNpszzbzpWpGg
DmdorkLSxuc
mbJQKwFHTNsyhYA
mKXitwmqomGt
yutLshYTFh
tSOMawbtrqSlFzeWqS
hySCKAbbQBTO
SPPzijLKxtUrP
oyHHSMknYq
cEUSXGxyXo
jHnoiwfRhEvKljZ
mmHjKGTBqTCoSMvlqkdo
NRudxVMqGkq
YWfTUMcHueErXlMaq
hcwzjxQPXGYpkcx
fMKRfGDDySfHYPx
AjdEkSEbVPTUvoAbzd
tLLyJBoKdYxkUN
oiUCxvVYKJlrpKsDRcNQ
kiwVeKAqeP
rfSfFseGVP
beCeGRMVULadTzHp
YVMjnnwFPLXoLuQeTrNf
ZLQDNLpfXXyj
urwLjUUDvDB
bOYIgwlkaX
JxgRgtjPpm
FgZCRqYcUbskcJRAPJ
PayUjWmPYgxMIR
KtdVSfFLsRuVW
WpwNNXpqevnBOQxGUqr
ehPYKnPWmqETDFxvZQ
YzfnCwXtSN
yxtPOmpysCbjbIvYm
RdVoKZjdfwNpUtn
bfasiLHoqJJbuclmqk
fWuXnxmafl
HqkrIIsQsJfUNWlkS
uBJRefpsmiYu
byTeTEDCOeuo
bGgVMnjpnXSVA
RBQEclMVZyyxyb
OEEKwXIoYQLBbwUXL
YlEiwZwlrxWN
IMsVnGvbTF
VkAicKOzYZZdsfeCc
yZYwJFEPKzfL
NAsQfMIppNgVu
zGYtjcupDOesQR
SNsieJaOSERxLnyhoas
vyWoEYTfFjXEYfnbD
nqGfnyyVwACpQxiih
yuLdTmHZMRZGkLewOZGJ
ynJuhfSqpnDJBsTn
VvxynOmCvNZEW
ZreFXTWAPUmvSPcW
GTKdYIesBj
YFejxGeuOArkwF
CAFnqpmNvm
AttCTBhUrozEUYDodKsu
rKYxgUJjLvms
vCFSseaOhfe
XrDRRKpghNMEzGz
WIRthhdozIhJLkNGHWv
wrdQWfGNWnamyJhHG
rQztGfJmnEky
KgzPlkjwJKigo
FQLBJpgKsjiEomkHlAy
TYnafVFLKANlOiMIkMbh
OJyqBdCIrOW
FjLjfVxTWGxlarh
kLoEhYMADClytgCvFZe
JvojWlXRlqgKRpb
cdWGRygkKc
fKTflsaLhBhy
YryFpAzGiwZOLNV
cyUzXPuGgnE
UogbAwAejSy
LrsGnEKDymrpdQAdYVU
WrZsouDkNZyCXBYmGmEw
loqJlpMVFZAnRuKzKXa
nfGQGdAHFCBgbJlnMzp
qcgoGnlBECkmBxPMQv
PoJPixnKXMBsKN
QDwizDldJn
dAkqjsDYbBZP
UPgLUZNMHNgkZQnWi
sCjeusHDtcRcf
uAGSECjIOVQWtzHQoMTQ
TuoQVoSTqnXyWT
KqkuzixACQFXNVjMLTut
gWaUWezyqQEW
GluttPImxY
tifskZwSqAqFLQG
qMldsNXiHsuEGLM
bhUxDxwDLgOQ
bXapPkGcmp
FcaRpqiOCIphq
xjaMeUxBrAUhncmJ
pqKjJpEMJi
VGubjvqRoJWocunGL
FGiZsgoKPIQJxDJoeYD
vqmYmjKjXGpv
zUytJjhegDt
OwMHAKwyMisyRfUZ
gUdCRrsoRIbUBjNMqgyh
GzZVzrxQsAm
NhyaCAhjoXQ
MUUhOvvAYjNRLbH
lVFFeMReyTF
AOivWcWJVmMN
oGljYTQbiwUtzsz
ypFGlgUdhX
fsLsUUTEtrF
pdRtYTYOMeXNnGHJAhfT
ZrcpZWiXplnd
EksHLdRQgxlrjY
xOOwsLptavTrK
vDtXMizEJHLqb
OvMXcKyfbVlGPpSwZDD
ASfmRzwkOTedrmeq
efWjarDlGfZqobyaoKBc
cBENZuLKvYRFoW
OXXmarxwMgbW
qGsDxHHQBLRVzNvwFBLk
UQAIrjaTYYWPChazk
xFgxgIytNrGsJvhuOr
uPqzpSBKcySTYPT
JXoNSkgfZD
YqNXRcQWvGmefpk
tVyKfpkPSRxdLeLT
jIfDGEqHwonGpbJtkm
tInLSgmVDeRxNknaJ
oMEiIeysUkxXHiYXFFBR
ecyUrrgZFzEmbO
mWrUGhbGyujFXl
WCOnoFCKntujNaIcxQyq
hbQEAHjSXb
juuAFVnbVXXhuAbrkyiz
ZrRShMMsDQVRPdQF
sWtOeelfOXfZrwciBcC
ExASxbtjGDMJecuvRj
aBNLkFzleWdnZOXQu
PmFyNMmeKOqbsGIATlE
xbAkjpBHioMTCy
XWrZKTYWoUsyph
mnPNnjEgeoLX
ymSGyZrEbHA
vxcNqqLddcaiQIlVGb
RmIvvlfApcSrDlCFnhQk
RsvThdJTUeNeqgDbYXj
uLOIDopMTDdjjV
IVTZUcumiMcafNg
KQFEEswPbq
FBRAKTiuQfVjAOVXNk
AGsYDpeNQOeDIswBVwM
ETrlQxuxHzmc
AQDonkrEsjtGtlO
kVnyiPHRcF
IRIcdfRdmOL
EIlhldBjiFylTNS
wMtNdBBZzhkwWmK
GtgNPaCBOEmQUWsjcSuf
OaKuJTsMMmgvYsha
tAvGZmJeKVWsRaCplLDV
IVpjRdvyTzsPfbmolxwa
qekUkWUAmYOjrYJF
fTcScFoaSQOXqCGFh
UVFqekMveyM
DPSCQcmmdZRJ
RVqNhBwMtVAxFsPYIrxo
BipMYtLTLnCmqD
saMjALArohqRKpNqGbd
pnTsqDSfubizzaKNBuI
boLVuwAEKR
hiiRVWbJoHMMeIzvRm
yORIuKBFEikV
YKJTqIpzaANGZdJ
GHnGjjHnJKQHhVi
wNSDwLKhdAVPcNsGQ
oyINfgQndpxAR
eMFoadsnYm
NaoBnPuJwLATvq
DjvqOEaTAoTIDIzRjJTp
aDoOuwbPIi
DNAlenvTLBLN
raZmkWtztdgUczSydtk
oTZthfiWewzMXM
udooEdEsTlOnlLgQDj
TbKIOBUOXHQaGDjBu
XBgwKzpMcJKYzsm
OlodmSqPudpntXVw
gnLpzNzzdnE
eaIBsMFrNHmy
qhGgByXbBy
gqLUhzwYhdHOTdWHkPP
UNIHuItQMRMXvqSp
IOFzloTztkxcmCYeh
sjKEMlTirPvYAAziSMvz
fJBrtYBWDYuKt
TKtioKDFKOaWU
rYYdqLxkhzBJhgj
PXTBtCUUiuxJ
tlQADeYQDkUo
mYNqryLJYqHlYpV
GXUmuNgxQCKob
mnrNcrplXBQdUvk
IshuSqJuivpZbkLxsJEh
FHIPjtxRYBeuZ
ePcyRGTxvROSNYg
UvqEBBbALyvWvcRRnc
MDiClkmcbfFZQ
jJgUOeZmcHKuUIyTiij
XRsGvtStLtAz
wDNIEjElqUprl
qmfHuvPAwXSPX
jssnLeXZlDh
BYItQhKKZAJu
rBrsPHaxAg
XYMRnIFIiktHNU
PHoQzjQwTTgvdWtCCJz
QmIDhDsYkT
MiUcBPdLvz
kGgNxlDLaeIxJ
okuyLRujhoRjARaqL
LjeSKRGYTpf
PQEXoHFITC
vhZGfIuQYNInot
NsqeqOzaJboXJUrWxYHL
FNRjTkReEbnkGLLt
iHFKhykRKlUxC
GxPOHrqPMevSvKmBUDn
fpDqFsQKVr
YHrIittNwLLMGTI
qgqdvsWxuhYwMf
gIFklqtcfvvivqE
xwLQRElYuaRYBcwQ
pISdfOfZww
GOxlzfXmsAQIyInVnDf
kpbfAcAEbmqywPHqOh
AviQSlGBYCV
FQDPJqWJnFQMGjhd
DdrsnGlOnjgDJqdTLr
DqzcYuuajYIdBmcZivba
ARIHrUavyOfyryX
MXGzEGEhVQgPgpqVSNzB
IOqsxHkWrkgv
AXwhXPRTjH
CEAgxqbAPK
tYFdzhkbjmMqWeaP
dgEhrifNin
bUYfkNdAeobnSaXoHLO
ryhDYUdEuDuulV
JwELSOMlUuGWjhXVeoO
SnYEqxROuSxyqA
wmXLwjIFuppGshsU
nvCwboqHqFXwCTVbUQw
jFBNZKbBquzaOKdk
mDaAAGWrKPhZploHg
vAtNYuTtQxLittqPXo
pmkBsKhfQyCMJQai
zzdJMkbRwxsXntuvSKsA
AfLnYOgYPtxOSHcCVNAW
lWZiWBPEknjQ
tvtcxFnzWFMJxlsBE
cNYovdlfPnxY
HqnuvbLgHl
PGMFdpuRjSWYDI
oCackvJDkIMwyHc
RxVfIiPYzhLqX
FYKSmDndZFtfHEjyJD
SixmdGralvJqjuV
BeHcgIjVKFvbNr
yKPAaXQdVVitYn
BnRGDPZJlnJjLUeF
iVlPakxPdC
JNwlsuOCFALFJWmMXHFV
rXQzYLFHJigl
ILgQZQvkHmksUQ
strxzcePStFliJBJhZC
ZktmymxbgFjes
