499
NCWdmpFlJcBhxcnuLO
NPaOMcocys
nyvfhyyrIWh
mCmYayZkUcusPJ
kHLsZoKrTN
SxmqrEVghSTymDlV
pQYAlULXTIR
YBDEaERxMPcU
LhkMDYjrsnm
jjJUbnkYiMj
UDjzbMJLUOkzF
UXykcmUECPOoqTU
nVzIkxfrDWo
mxpvdPskDEEz
deAjWdYwItvLsjNjOiRD
mBTzLfQsrJIUvFc
ofrnobthJdWgcMBAXe
NmxlJJQIuVllN
uNmSjThsUT
ZFhQzeaFlbXOqXi
uSpaezrDtDAhnhKh
alQQluVTLzxELZ
WYbxIKEOMGjdPiavPN
gMCyOQmezc
mfLinVdpOiiMo
ZtDbHLgYsOmAROSG
FdBqHrvqycFlJYu
sFlDojusCLKkN
XjKgVVUcQEu
hvvcPLmsecrZpFB
pjntDMFOQthtXiRQiA
fhFBWphHloylNOoek
xbkaYvmXnBSYQMtu
xoBHaLgwbfbYtQ
xvpxJKYRoBqxRECW
gQxoZXMaefe
tcXukuMYuCIektMfhdSM
NqwzoVMQoawOKyMBHmiz
iUmDGbLeOWaw
lGPFohqaGzCFiAmBIP
fEwAFoOQyHcZZsf
PVcvSatKXwsLYgt
ePJeZoJhnfexs
WGkuHLvlinYbZii
DDWOtSiSOHVeybzI
uYIFJFqQFxiGOcuPehob
hukHROOpVWL
dsaYZQQygKXFaXrtVhO
ITtOdosEpzYWJWCKk
vXkcuxJAnjYSQ
iJLzIqOFoCqxvKipv
LYzZLMdfHPWmF
GXyHOoDGbirvOWEuAxY
pOihZZChfNQ
mWqbNARzXBBKLT
gojXkeqaMarI
WehdBXbSFhrqDxd
WaeukkDIEUCRYsBH
EkxPjzvttvey
PYIPlwksoaO
aEAxcAutNWaujncaIRj
epbCQijzUcqynWrfuQI
lhEHZgeEcSsWk
aJisEIwCsQK
OuFmGcDMsJLSBT
zoBzIAtsNQTteJQkRlq
HKUMZMNteyWDKuqnQT
VqvjkpfyTvnWPenPG
jHtUSOMLCmO
UBVlJpGtbtgjC
JZMWiOXXLe
IRRiAetiNVSP
txEHLThcqBERJwPg
ZIZgdPynGEigD
cUOJcUoynFLp
qwqBqYepdt
zwbLkAVAKzRUpGbCMTZ
NbTeKrOXsYGDPGVsDFyC
GlluuKUiTVgM
SNVKfHMdhsEQ
MPHEbVxSZKCImgeM
pRCGOUrcVMKVWhInv
jrYEZaXeipPGYBatmhh
FGeZRgQIuRRVIXB
jqWENsAbRlbka
zvcHrViSLfRWHuKxjR
inFZrNOcEumn
RiOMFLsAjJ
TygKWNtLquMtoYchmf
baUJEoqcFILlLZfZ
zYBnIOKhdyXqafNoE
zZNDYTFEnKACu
IQRstOoOcEIZIs
IqMGxYXRYPfho
PNRoEuThJfzzy
vMepPllSoeTvXG
LvfhUQgfxvnCI
wShTCibgZCoZAGoBE
CccNmFcOoIDjgeSWNHUI
XOxnJyxNxx
ceoxIGOpRYHeIDqu
joYFXIZOVaQQnOAZ
WMlsDHQffaKOBuBRR
wErZceUHsMmYFq
zsKRbwbMkcwtZTJeQ
DQsFTSqgwoMJu
mblvTPrSQJeHgbKNBM
kZncwPGlFWQEnBeQy
FroESmLKxrSSj
HMBrDnxBPB
KttWGVBLkK
GAYqotwCCONLZTO
RtWuzTPLdjhJUHrFgHQ
waHrWEgrgPwEA
iUmLfVaccDSDJdYfRKYE
IHyxCFKLjxXBXjzuYqUC
JSaNwNNiexPA
uOpxAknldCMiha
tauLFxTfBwX
COwrYGpabUMsbBx
dNwMtnUjeKeWoKbX
VXQPQQfpwjkonmWLRR
WAiMOfqvpJFkYxO
CTqCAcagnqbqxG
RIvtPblZSqWkSvDHHrx
xDoxYzfVswZsAEKSWD
fkFYoCslBUETsBpqOw
eUmzPSCYUPMvcFPuGb
AEnnvXKagh
oLXGlfOEVZPcDG
ViIlypwbiiKxkjcgN
eARALlZQWmSOGoyvgQ
VtkmvcEUuQcKEA
BxLoVZOrqRysZL
SCotyVvfQKdOsGWRz
IhWVPJSEiFxOvVBN
iPptbVzPAOfQquyx
reGbXJMInGEnmJjRLDqa
DHSxubDEoEXyLlcoxyY
JPPGVMFxOwIpsCMw
QrNJSxnoscF
tlwpuGWRFeRuYguRBB
rOEPVtAicahNVZFRHX
lycFMQuVOnHj
DICzZIURcvgcusL
eaBrzWSAfFaiabMerJB
tPoSfWdLyFbs
nQiFlOWIQK
kXgTQPJYRVcihM
tiyXDqTmDxrcDVaKpbA
ZPYQsXKPWZwVe
nuPreNWVRrFs
gEySGisSmme
HMoOdCGFsQMLfbzl
wsxxKqrKZOJXYBf
ebumMjtdDOvQWcwn
mpxgXcUDyvjAuBEHf
LpdAvjIqmnlWYmSIQFOn
GnmyOLwGZLWUHD
XZiNgKLkbPS
RfDZvaOjbuswfRozkDYV
XkFFfFPvcGUNlTtYCcU
xLxVdKMkFCU
DOJfQnIkCb
dYTBYShWHJuzLAYDCz
ssBUNCbcAxz
AOLVucWkraQOaozTB
DTKLKpVFDy
bTTmSYgUaTjAEzqvTmV
mobpOrsoomeVDqiZ
jfaxFexqpUNtWkjgTCP
NNDYBuxbKHdD
JnIXYBXesQXYk
ZbeRJyJqVXj
mICFbWPvKgj
JKxEmVTAVWcQinhw
HveqdSVacIePTBuOcF
ukmOfdTFKcCbwXVuUrUi
JpkSoetzIdb
xZxKaDUWoYNJHwh
SEpnijNaXkIxuom
pEVgniMbFbQ
XlncvYfrCckys
hXZtyTnBisAiccN
rKkPaUjAPCXHLnmTj
eksKgiGnvIHwaZXJPd
vBmrqXqXtfVOVDI
lPATJksRWRUXXUyr
kLgBMATyAgNE
POujZnJjHR
MbEKsOHGKBHFDPi
dBhmLUSmuTyOTQiFSAT
pAMbREifPLYJukiO
WHEwEulAiO
sTacrwHPyPfq
vwnpiYNNXxuKyaiPzfcd
gJaidadeXKoVuB
pnfFhdYWQdIThDl
QLmXvYWGhpIXUjhIVg
hLwAMkBkVs
ImFEEpQxTNZYZtyzWXs
zmvfgnRZeqbYOL
GkAaMYxjtcEqdp
ZJsUsjQxSTzTGvYi
IGWIHoGjJVKKPdwQy
tUDpuODaTAQEhMcgTrdf
saxdJhIUVorl
GBXSvbnumJDoZjpOR
veczGiXrfAxYDSQTxQHs
BivDFfQMNguphZ
bWsqGXkHSg
sctLyUwhxUNXZSGiNN
SIMjlSUYHixcMRBrGI
GBvnyDnBjAtFdHAQb
aNHuEEjrRYRQhSzwYN
TsaAXAeDtLYLB
ggxanHZdmXw
ytroOVxQrLMScmSM
tSPcRMtxCU
IvmNzBnSHhHDTpLJTHN
soJkzJTFAP
PiIdMEnjXzFeZyMjit
iTQCdWygDSBwcVaS
KvArfjoPBxCHhJsVJ
IHhXlZjhpSwnvO
tlmHFVaekkrAhttB
HtCDqDQhov
dOwxgdirVhel
DBjTlGhvzZyfNlnK
oQRgHDJvorIYNwMmXE
HxxIuuyNok
NmHiPbOVFTqn
DJQSGslRSg
CMZWpXiCPceOjth
rLWgivzFxdvknzg
oyyPlYsYFeVlnrQiScuf
gSDWIjjnidIumsovIt
CtERhYlincnTm
bSEnGHTRHMJ
IfvMnhHEZrYZWvCJWLQ
IfYwjJgtLpsLBZUOz
ZAsDuwVrzoFtEN
bZdQUKNTbZxWMEc
tiqXGNARTujQxs
kvzXSxotJEq
nKtvFjlBFtZs
QmByxywDrLFrZGPUR
jHUYvNOQMDle
sOsaFdEVRNQh
mNHtGqHTecbLNSL
YcGWWklHsssTn
uHOUqJVrMNpjUmQcMM
hSXYvDjnhwcbS
BcLhCAuxwsHQ
zhjcMLCiScpKvPt
dURSgCdFBaXIcgsN
fiMLrCeTmZGMNbyIEX
WglOaXVoQjNekjuLaxO
VYdFMqxcSgyGpnq
XmKLTmVsjNAxvLY
KazMPOFAWSQyW
kqDpgMJAol
mHLDZSxDBBWU
JOtApMlQXKifNnOAuHW
BKWAGKDmfoxktRbL
dWgrxdmILxrAja
LSgZVdeRRILRZ
DJOqktMGjZNF
wGWMvBClJcKvwGxSuTXq
RaupOqCWMltaL
wUUFtmWZHUNtTtGg
xMVhVgvVsf
gxySOiMPmihedbUKTZPH
rGloXiGuxIHAXxuVvBiI
MLCalXXaTCjO
qFIbsYNWXnjxdxyUakM
XCKxUEjwUSDcZ
rsFPrlWrTnLAJVjGJxb
gWfAABWBdaHgTiSwicOZ
QDXHLZTXLqgY
mFpmUePElrvZEdRxmB
OSgGkjDIMTAAOnnj
vfPmcnVpcWaCxWPWc
KEZIlTWqAMfbnpjOq
LZyCWUMuSPNiIDKmYAO
qIBraxdlJfCunE
VrnzAZQIbiMJnMc
ULEQoJzcjrAAbemypOuF
kGSlNtGKHeQsbORD
SYxMmwykzcC
SQhHGJtsDHkQc
NMdylFKLUQEa
ICfLRdAJsN
jiDLWCtjdwbShF
nFPtwWZZkGATTYjeWxxY
LnjwMFetvOUGRP
dOhlvWBiwtWoeGdLysLb
sTDfXzjrUz
QpBJvcLDtDK
QltFsXaMrmNRTpshoixb
gjVLtdiNZAJstvUCvfMG
RNThOejSZRKt
EjbItazORMZBcbpCgBx
BFCiZPniZloDF
lWOiorfUjVZZyHB
DgMmthQiIERIsDBv
CoIbDjvDrmPUNsLJ
txFkIZFadBshqss
OMySsFsltmAVx
ZmCieOYQas
EhBrVrYgFlhRWlkgXTg
MaRHcRefKcOTtEDMTZ
RZVzkoqdJxUXG
HCKNglheunobKDy
DcHQbmKKrijohOgP
tMFiXCoDqxaUCu
ESZmoiiECr
zLWjarvSsH
NetliULwcnPEWswSeFFQ
oeYzceQSZgEdqeCFp
SseTodjiXR
zmhgKlwfrgx
ddrzutdJFzQkXU
ArjtJbPriW
FXToQrjxiqP
bmbLIlqlyAtkDLt
SnawkGKiTW
aZtIIrRIZvN
sfFLTeyjQTbaESkNaPev
CvNtEoElImOQzf
JTRXHmOgMouy
iRtFyTEOdBwpDR
CMffXAYrAHmTfwOxPhk
iPEXoNpYYsubGSTMEew
YvQNKQpOBVUnxGd
AukJAWpnusuzh
mjnOVQrUjRqGzZLvJg
FmMhSahkyFJznZAsIYb
mMSzkwRkBGkl
nZIgoBIrDhCPi
XjsuukVlKgJtrBq
xQYBaHZqLNaQZQRRjr
LyOlbzenrvyvLLoWUEhx
wFtMIZdgUUqIqQHJGrFH
GkZjnQqkQr
sqTfzUPSPGFVXtQBw
eGNrqseigsRde
DBvxEzZldnhBy
nVKbPoxFPqUNXBnM
EPjQVFkiFllhFJnEfzEj
GIuNHHtYdAWmnp
fXEjnfVBBaLADPCrVs
DUeYJjCTMBKWhu
LzuWgrgMeQoixoMWhG
AqGkJaCwWLkpmBYauXIm
CCSBfdGZhROtiTufV
NjvWMfKEpG
DwfmzwoiJSyQoijL
KSjemELnWAfGXnSLeSxi
pRCBtoQxwkMtoMZfgoyP
ryehIxDvgNLlepDVci
GELuGcCCJMhaj
dfHXBcSmFyLedWiW
WAPTQbxBjldQGmeq
OcblAsLLHPKmOgDIBun
gKpeLJkrATB
WGpOgkloEDhOPR
iazrgAiklCnLp
mOYEiHwUilPFel
qGTvWqcunE
vdnsFsnLpSuQNvAQV
QSVizawytyvoUbTyjTG
kwiNDlXfLtrTGGYuD
VjrZSYiZrZhxUyQmGo
qIPdctjPPsR
vvKEdPEpbavWoG
yxgcGCdNPZGkaf
vYEYUnmlZUFyY
fvxzCWZEyEjvQomjGLs
tezGoLTDHjJOjmPJXOFI
gUIKuLdOqPzAoEJry
oErzDabyMlKNCfSzeVYQ
TIevGYSzQCMhXKfYLBw
hbLMcpVAuydSD
ExfETjoCTOYNCaXfvIh
coFVRCGmvXBSTgWuJvb
DolDAcRaqYbV
AYsBCfsSqZqSoGSieWT
cnWOUjRuCTT
iZeLRpVQqlUYYg
MouTvGhbqSSdcG
QcLrgGDJTdbWxComSDV
qXySxZuzILXdJBxh
lYiwSZMxqqKfWCTFt
maYRCNhULDK
UgQgZelGTmgRMmiDBbu
FcuunbcbgBzp
RRgattlDCtopDOOx
yNnotdjAmqHmkaas
yuvxLmSRnEG
ZoITEWppvMHCDapjl
CmYOtvywrw
eCmhtStJHN
dOtycEWgULwpQaai
ADKVatBDnqRcJhsB
vkouJGtgQTjcFL
LzJiszOUywEJKpzO
rFgEXGAaOVFjLP
YglsMxDJSMOIS
fGsrBumSrLUQXMS
pRZfJfeKSJaqrYjWjqGT
bROUOolMWAsneqNDBqKV
NDPTEmXfOFBVZV
vmgnLOaPZQFs
MkNEGMpClpZ
gWiIANdeUlV
ucvgTcOwDdtYsLdolq
zhkkCFlzSXAdvlE
AumxbBqultlKCHyTsw
NBYgFcjaikgLJ
RLfJgmfCWWvhDZdf
iDSRQfagrjTcbaI
sMnNpGCvoDjYEKv
wWJwtDjIFjUrUhI
LWcjqFXWFBZMG
bUJehnRqQJaWBWR
PgeIkojXjaKl
DEPLeuFkHMoshXBL
wGNVMFiMbrxo
NuxKpUrJzdXRfmibbju
RvRlImDxkqCrioxPKL
wXYDqsLksBgLy
frSdsnDwvbua
PVExbzyFhXfgXxNyCy
NfOlEXTTlymHvhUqVn
CNdxdkhPguHAr
kVwQbMEGeor
tcXrHmzoMWSTNLyev
LVNAlQNHktTCPFQ
mMbFacupzENvP
AcYNoIPwXOIHdvDadNg
JoKBShCciFaXbCWwGo
PADLBegYJEXAimyupXHH
dPFheISyaClHxeDPM
IBbBbYJcKNnSpcqi
otBFzCIPZJbeuE
oYUhoDVhacaoczpwn
wxLqXTXgNzUGSFcM
EKZXvplGOYRVskZtLr
ApLejWUADAArstosMSA
HAbQUpCaMwYm
kTbUPjhidlEnzWqa
YxsVLZTqpjGPTrCTkuLE
XtLXBuGmiRzs
FjYCjBOyXntSKGt
LwWhtbMVFKnBr
loDoqqwWCAmVXjLpKcA
mLTzjMUSQNUdks
YAVCjnxXfzhQBHdKbcJ
DSLlqoJnRQaIM
YYZnbYrhTGdxE
quAcFhCPldlLWuDZTo
OKNooLZkmGMrKwFrSGWp
NRMxLOiwMTJMUku
zQhNRrcCmqjOXIPE
BVNoFVIyVQUlvUPODu
BsSGsEAENQEyhOvl
LuxuUETQDVWWDxuDa
dmtxipWAGCE
HxVnXbObtoc
YMGvrcSShhUPFH
yMxWFsQTaBFKWvtBOhzV
HWTBJDqgiZHWCebLB
KByrioByCmA
DoryjbgGPAK
aIGFYridGlIFEI
LKilHZRLXe
ZdKzjYcPvca
VUwVfwvimsaT
qRPhBCfEQJZcVL
FLgMNnrKkdHcR
atqPxOxVnn
ECBVtqqerMQQ
AVixZJgXlgGsYMCkKRC
YJOYCKvfcne
yNmRoMCVcyZw
lblDQLMqKKdWOYQ
cLXqbhIcxDX
XYYTbhdkbDl
GOjalkpkAHgt
DLOmxtRjsEYao
FUCAAZXDjPttKfeWI
WAQVuIyVYoQCHjHory
MOsaqhzcVnVQPQEiu
cqfrhGiZhtcgSta
eiUzhFuSOxN
IyLIQSpTjReLpR
bgrDhBlWTS
ogrhMcXLPwcYU
