487
LihvblcPIKgisWJgQiM
IQumfHbIvYHkjS
aIuEdGbsgbteFEwLsiSz
jpoApSpgEQtxUtTfZCu
xULoOqdaDsryQtLVv
ndYZoYVFcCBdfR
rzXBppNNUNU
lQFiLsiktINTlQ
PdufTkaNfDccUzbf
DwCYYNkPAPPuoRhziMg
QgKZtFLhJOKXpsUGAX
rzxBhpbhQm
JVHrtpCpWdIwdSr
kybSdSReGZEAy
VcKBatFQdne
tdlLppSNiIqsKWuDGV
nGgJsHdOZWh
WkiiiJEIEuYjMhj
XGBRVKuiqRDzxAPL
XfMUPlEEfSXQlUWweYWJ
WGJssLVIRhlLuFsGkCh
uUZmVCFmlpRj
rCqYZOSHcz
PCFqiJvRbdPBxyO
BZAipbVxCFd
BtCNpTSwAmPi
ipJzYIFFWoyDyoyJk
nxBCVorGQGzLzfSNuCXF
lvOoVRftkwOGMKenT
crqMMKeuHNrsnxC
HUUlkxyjhQFkHBlOu
vfBkmepYIrcwRMiDg
blBduVCmTaSXI
XJKIDgrZEenjHfQZxv
DRGqNQkdvoKqwt
JbqDTddGhlaZanjPJyKU
GzDeimurPlXlO
ACHgpWoTFJoxPaM
TtbqPKRFdy
eHFHAUFoSzPuGLyCz
KeUozaYEbIYbd
ozOkRBHmdbyalRMft
FDaUNoblHRfYwQsCs
kWBZbzpZhUtnb
ZiGVdFIigXLVbvIdPdbx
gfrqNZBKQjwawIAxulO
kqrsIZIdsN
JgmjYHzWsjPCS
zymSMjjgeoxHCZi
pIZlejhLvKlYnp
ePBVLCooBBa
kKfmWanYduRNsSTvfQ
oEFjDlSrhkajUiKXFlVk
sYAmzDbakLd
RpfNJieYEOTMuiJIHI
erYXJPSpRnPQImN
VCwMXzZZrmPcvNeDQvfy
UdlHHksRpRSTymgvbA
BCDQrjGQOv
YfDQjgTKCyb
YQwwXWdquxEjpWZ
AnhSRIrMGyPJi
PloQJBrBlNhXiNkhSH
jUWRSupGQrEEurzknEWu
dVREVtBZaYidNqRI
xNBEVylbijA
hJZAiNcvwhduMWGQxW
awwcVZdEVpflIAbKLMfR
weQJmPTfaiaknOOWem
jqdSzQvxtS
JbNbSmibPAYsoSJp
TTXubMNqAQjZcI
eJmYOMCkzmNryiBEjQS
hepkCLULCF
SKwNzJjYRMJRIakVijf
OmeTebzKKsr
PnAAjMOsAQD
drdbVPErrVVWWybKjhR
HocVzacZHCSxvS
EYyZwteuYwILDLAjAa
sooHqRFbkiGPP
oGmLcNfnMaBG
cJmKvVGTujC
WYeiotMiTFKTXfPb
XYEZDwWpuXB
DoadtsDlsxopyUdPee
eqvTTRaapGsQyGjAW
TUdRWlfZSVbEAwYrjExi
ZaLCvqQTCdwwkFQM
lRGesvAZKFmIH
FVFyjFjTknMugmHatsGd
GdQdZJfQvrISx
bypJSORFjAzH
FkdfBFHdTOdw
DrHONWWShMhvnZHcAlff
kqfytDMspx
CPUMlTWsHFxhMYINF
RwrvQuSQWDBegjNkL
zNNmPJXWvqdPzdTw
dXgfYRBlLfYbatlBwAx
xGeBidECUzjiBHgTiy
SNDqAkQdCkFshiCaaDK
QbpesNiDmYvgGpXsCJ
klUdYnEMqoxfiEcVej
cVqZiDbAbiZKgRiIASw
CHIQluClkWdaUSZmiFP
WBKWJTdBbUAfavSVzfgZ
fJqXUwzGvIsqkgRagY
QCiEvJVXOIFDRr
PLvXZBltriKHE
BhHsoooTBzn
xyDyfcIGexXzIDhpuYLQ
eNpvpzkHJdMhrSdQSpP
HLBYowxXxJuWqIKTm
QiWWQKGgHTnRSr
hvtBKoSyatYMDmiZcf
AgmfoRlhTCANr
SfwUUHbAxkphR
kwTCSeESEhPE
WOIGmuwoHacybKPDBC
BkQWRIcCEdtZtQLIB
QrsmvRZSVIBHgq
dZqvkWhkFr
ewRrDqSoxdpmCzME
KTLUDnoXQVnbOzOrmq
DGFdepCTpju
doOcwGIwQcmgWkEab
jkLtuYJVamhepaI
jUxxFjpVNOq
imVPtLvYHXGptOdSfxuA
kSWEmQrAFh
oIFbjvzqEsaWFXQAG
pzHuGHSamnxOaxdMzYM
wtYipCkrJaQlsv
dzGMfQhTclwTyMZ
CBTEqBwGDdHqBe
XQDYxjTttpCT
LbTXfyOMEqasT
YzYnIOMInjETdSK
LBZpiVlhiJapYrJEk
BWmAZhmpqkmimzJxd
ITYIIEXfGJ
QwjQMwdNndSP
nCNAqkQygLxDHXhkSv
QBUlZxebFSZYMKADvqnY
WkdDBGzzjQQd
CQKrtmDjtAFrP
epJeNjfzIpgiaJr
bTQsECrayzmj
AFAOzFtbqtjGD
JFdOPFBENuksgijzX
YrwpDRmUwlnLsHwc
jdnYApHqkvZlp
bWGisBamSP
tOuUFLeqMHTfa
fjSmqFiCpioXljEKhpyE
YeBdyzcQYDXeqvCj
WwUCCrxWTPq
VwZmBwxAGeQRnXxhCmwm
ehwKxxUmgMUM
dLjsdQKPWOCCZ
cjinBSwKxc
WZhvqTGytKTWQYxfB
HYdfFtpmQV
AqRvefmrKvJrwrQhYuU
jsDGzoLdzet
bryYxRHwRkHh
InRNSNgNOZLl
sVnMHaMzUVUemFxK
zoTdWiHEovC
QMefiLfFFAAEPVJRx
GAUGMrTEMOgTQqoSqQM
yscyxcwUGngyiRFRhNJu
oEpVkJbhFiq
zDrFwkHZDDFyz
FfClphPCFhrqr
oUCEQluWonXldXMMs
NkhHuvGasdqHQZ
XXvGZPrhULKijgOOaTS
qhtTSwoiPQIFBa
FuOuSujfhNMuFEzQm
KWEpcVIhuceZn
qfeiBdxQfGbGQuZpTX
JbuHBGFROpUvW
GaxzMrjVQw
SQVLQkRsreoxxBfDFKE
thcxAhWfykSuPjl
UwhCCHZvdAItHJPcIMM
OgIRbzWLwijvHArdkG
lsjgkOpErhDSZhVgyUK
oQMHFTJdFR
ORRNAgzljw
YWdrfnpUtckyBeB
kNCakGxeKypGzboF
WWKREzzAExn
mulPEdyDFxBdQFr
vcvtFvLMsLpX
QYzdPtnJpfBSSB
zwXyJkLyTxC
WTowRPzwctr
yYXEfFzeLePhp
lZNqOYLhcBelF
HtPhwusNvNNmTFrZBxfc
bXZDtoszambQDe
fCRFeklmvvceIVgw
avkPKyGLOUbXI
jOitpjOPzrXQQXDPHLGC
fJGTWIgPDoskOTcLY
KvjddArXzQZ
JrpWkuocabEdqSr
zJLmefvoSm
uzNYBDKdgUaOO
fTFaYkObSZ
fZAJeKbGiFPiVDHbyk
YhngosxHqjRBXVdDC
KEYaVjhvnciIDpOEcV
ZoXuBRevJW
VAEoZiMmnj
PEqpLoOMTGPHJgyr
AoRSNiRQQzHZbYOHmUM
SBoNcprmiOL
MMxFgCMLERqQa
YvYSOGYOaJFj
hHVWnaKRbRJimotfa
DHEzuwafnDJMtbnr
IpjGPJwYkkdjjnGmV
MPCNLAsaMDMG
cyYnKZNxXVQrggt
tfbCtJGDBmIRl
nzukqoJSryDOdniF
nrozjbzMxItClGHSrHwa
BKeQySYViXOGnrTbaXyb
eyviHbJWdyoSTBt
motdUwOAXCDR
ilUfeuGwPpJIlEpBzBOo
ZGHABWXpSvYvibmAQXw
ZneKuBPDwIfIKvTDPzF
gZiqIeDrMeyQi
OpwYptlhcqN
JparaIENyBpx
KIAZFbMFRWy
ANQyaKLkqxODn
DKQOkxwQTZj
jkgudugRoAObG
fXTqPwsHNLkAZgdB
RyEFpaFYzL
QZQrFCXHWUisdzLmC
QBFSsWkcdkY
getOquoiBcSh
NSrTFVZgfFHHgiA
miQAOuGGaORkO
ZQopWoWqlH
uIgieHGzVCVGmMf
JsPuHToQgaqWIEGTh
OqZeresdtdWCs
cqxprEShlQ
MSQQwaHmCwAz
JzQrXRQnBXtDQXPMvpsr
xyqyvYsfINtJW
gQDdQNUWzhce
HTjXFcIwrk
DlSzUVzBRbXsn
CGfWfQuUHIuntj
XQSbYdNiquoax
ZJzYUggSKjfkiwafmL
WXVgZglVkSPoxmR
mAJpFqbSBOOV
ttWQHGXYMoHBCatOyZT
JfdOzNbwhUPBkwGMzTaC
kFdmdbDbKPWfRTRc
bkObASrdAtlmvoQUQlAZ
dKDOxhluQOGREo
KrIUMTufnNPWdcaUZ
auUHIvCBwJNXsLa
wfopfVzSnUHUUodayh
ynnKLjFHYqNTFHzMs
JNqcCGTIVSetNb
cuuLTRsKrrfxHmS
XSKTgElfca
XtICvJenMoUDDjeMgojr
YmzafPvdnJw
JIUbAIWLdiXcopb
gKHJbglCkmWfOCasM
iwkSZnRMdFgiSRoEcw
LBdYJwwzvsrG
eCIhrFwQXb
oAEQOCHNzDWVcVp
MtzNyrbirIEt
kZAgGeBZTTolDbzpELvd
HcBxLdgMpqWE
tsxcaAFZCEx
bDqdaDUQhna
KXaLJDMoYqOflqhybNyN
jaKvaoWNkCZoOQq
eOnleCvhDb
pOZrDhOAZqtUbFBhtQjQ
zSsClwcMPpmiyJ
NUoBnUiYQUnMbQjzjV
VOZYFCMDgQ
iRZeTlXfNAq
iawFuMZPwazcXS
EFUMXiesTIEpBBb
WzKCufSJOPUzUyl
iRohnxccYoMdgh
mUrLdjzqbEhu
vUHWSyjecNn
YFtCzmnWEuJEwPJ
iUqTUsYSiTah
XTvfsGETGIQHGiG
hidGGaGULVJYPSsscK
qxUDgPMdyjQIExL
fYqjawrCFTl
JtJhaMjnFk
tKeqvixidoXHBYEeaqJ
ymnfDShMEFhvUxLX
KfnLswftgZLNFqlvb
xLRMbkbScdrszwMs
beOhxDDDuUbNvhfap
oQLFxLiqLzBTJDVIA
VrXNJQaQxEVIRCk
zvGyEZVVqxjTvxDEQ
lsKQkeYeYXbufVEWyppB
jzAprEhiRUufNcBZWkU
wYHXxFOnxyzkgEZqQ
dOmtpwlIDVxDYr
ylNSCkshLsoUiZVAQuuI
TaLJiwCtrESE
NDbtOqWkKUeCz
pFxoiPXLxJsYMH
orVHYhUJVKaKrRsy
VKIWrxgUZgMIOKJH
UjteReEmhdSITcvzd
WHnsgzlRmEnOG
pJFPAdVaVLT
PCaacBAnhparEsqMp
MfainzFMcC
hDVPSixnnzjgKOVJF
voqECwMaLMLSM
reQkhQEWRht
ijXEBtpSQbojT
yIYVAMANzeDK
FKwfxiJxTePK
xEcjUQFScSZEys
IaKIoTfdnJIJR
uABCxELblrKku
GxXGLxyZMRzYUDKqZjE
BREQIBaZcj
wDXlOyMcnvQ
sWvXfuSWbA
cqlBeZPyKubiGnx
SfIVoOqPos
rnryrVIJRoWB
mduIciUPwlIkGy
RvpWEijeYqIWJRrZ
VnaBITYbQBBdvnFwVI
cljpCmTuoJbKo
CimWrJGqedWZM
HKtZxXMPJcwsDburoJFM
oOihWoRrzHdzBSqf
wKdegQqMsBuj
HMndhykpIoNLkBXQIF
kdfQrGLRVdyit
QTQRWLtvocIgkPo
BeJldgNfRHZVqhzWAQp
NDpvCZIZsHLZkAxU
CVOEZIVnyxFwcbjYHH
vMNFhMwrCtOcusp
nmaHQfsSNrV
VZExoQJBGQqpE
oEiLOljYKpysmMYVbAQV
teCgTMTTMBu
aipFlExfLzls
nBahIorpMtCX
CBAqwiysusvoEvaezMCo
shebRWYesFtLsstoHUkr
taYcAeshzySTFhntSa
JcjmHRVCYcowGpMeFPD
MVgrBgFSSZTxUIHEOyv
IgMTeWatBhD
ADqXGRJPGTQXyxILI
tDNIQudQBjKAnG
VRnNixSnpUrcf
UMMNxuLXmgppMSd
vJBpqiJUWMt
OPMiOWOZoJtHJxR
nMFVbMvNIvPeCqILBV
QRLjOtfQOUkBQDQo
UljvctnjfCJbBRalC
jDukwziSdMw
bKtOEfZeRer
yZpYDZmjhVKnUxWx
UZvvFdpYHeHQT
HgEnomTHXPsBPUEL
oEuKnRnwPHUeMA
HaVmCtSSdR
xViAErbSwe
ZybqAWxxetbuY
lWKUEoBELdRSEpoHgE
RGSnTDGrDVrG
EbcXIuEYOh
ZAMLYTbKphCxaK
GIkLUDSjuPAZKPuhcn
tYLiJfNThsLwuZEDv
SyUsZXLVqySiwQEqqdWb
MhoYCjmjunZrI
paYUNdmhreCXej
oFXKYIpbyDQDnBG
YVfiOgLVkuNrgX
PvOeaWmszSndKOfRehY
IlWMnlexoEcW
iHNWlszZqcmIATaK
fnZbftozZBtVOlwBgJ
RVLKaZmLBqP
UKahZGMeFAmbq
krLuyifCpokXgg
JNZocpIiplt
kxBUauOJAoQ
EYRCMFhHmYpmMttaGlj
gzMEVAMtgHRLGZ
hvOiXoUVElcXMUkmjOP
SzUsQAlTLUSoiCngol
kKirzUYlePChmll
LFOfSUQsQzlz
gxUgAwPtHIfIuDc
NDAiiMHfSJ
bbulZhYPue
BfdBaTgBRDfFWqkv
KPOWJNiYcwAqJ
pmxjovfzAWbVgkN
azzJvQvEhBxBHTucCyZH
OWuwzxNnnAEjBn
mSTrGEBADWl
hNrsBEsxbKCxqtKQGXs
kWjXFUYRVDFX
mCWGpTisZBMa
CrXCNEVOKtYgBz
KSiTQnGdTxUyebS
ssinDFmRDipxE
sfmbuePAajk
QLcdyndAtchzL
AVkCXOneaJcRwD
uHHmaCROzBqHorMKAX
bwNMwVqEHDlEPJUH
nxcZuzaEpSd
bBbRruuIPphD
kGMzyaoKPnAxpORScXmK
zhcjOXRdGpVHJna
IlyomSYHkYXq
YSpKzNBoTGRI
rusnKQQXRXa
WbzwVfOpbubEiMwHkD
vmaAsAVGGbgwF
tVSMNkKmlwvavoVU
IORSrbhCdylqYtmfGe
IrTWXwOVPqpgc
GwvplQaSDJmHUNm
qmrNjiSOufKoFMyeFb
tdMBiFfnRNPcAjkjmA
RyIHWqQwRt
AgzdUEkpuGIkXo
hEneWvjwMr
lzDDintEmrUHIaGvwaZB
QZZJgsTUCpkqtMDAz
ooIwvxZNKZzyataqxHw
hLmvnyuCaDHuFkfpMU
HWLaydxtelV
fDVwtILikYoMoXa
ZTMKwMZoquSeGdqC
wQKYejfkkPeurCvW
TMitTaIqCrTjjcJu
cVHLTssYIm
YJuKlSPGPNpeCPMz
OjIsKyrUKwHv
xJOlkCPcJAZnuCNQmf
YMKEtpTwlcHUEFOWY
rvpRPltBQaMW
dtvkRJbNCEqkGg
hmPFJNaWWUXjbC
YQuSvWuyMCv
xoMWHJVdYnlkHDZgn
wzHOrCOmqIk
spzDLGcceBwGZhR
SESDkwIUxRXcVfrmhFH
KroePFHtPlJZNaia
wOowJGUKTsxdfaIzFu
DgpNTuSGHtLe
gPZsENZwLxlyTrmD
