497
MGyBeDxPCNFl
tFgFlEYOQHnoLlFV
ZjeqAJYdVu
uUjyadoGFph
yLQuYDMGiBY
yLsMVStCDLYEzSCY
rtyAjCNqPRMRhuD
gHtjgpLOTa
rwTfnwmEjnqR
sEprhnxvMdis
HVzmMiUEwrMgntTfZM
APCGcDCQKkiOSoTo
DCkhEhJdmBPwB
jmeMwjHEVTimgbcs
PybhZdBzkHBKsvXW
NgygWAfvVESYaSJ
HGCGBnzXFbz
mgBTBwRRZNqyFCmYfNuC
cxclJPrWomRVcr
IleMAossCfpbqqEOz
HyGhrFNVJZW
vawhgOaBLmAjbkSai
AGjZgsJKSWlmSkdFmLkQ
sxBmFDDuZdYTCfd
HeElvqEZzhEkKgTpOge
BHyvIBsJRHMNiuW
AHjcMvwlTEzjFViO
dGrnJnNsXbQZNEkXHKC
vzDKdGMTMlyNP
YerHpPcsFQevNJEEZ
mIxDsFAuyKUETeKRQBQv
fRoQKGzSvxxpZWo
bGvWGyTxfEByzIrpFas
hIurxSOANJecEaxbvU
DcYxuqDpsYChaDiNCsBb
VxUxoQxLMI
ebymHekwxqksvmix
kRXrrnYBolCos
gOsHPNAqhhwkfFsvjaWt
xsQEwLSvUsEWHxjc
yOmQzMqbiBVMx
HfSRwrNVRoU
pswZYfJIEI
fdQzmsWUYxZbULnOEWb
QHjTqQibWUPikmqa
ZBUJSZmnKHsCctJKOmCh
zywgaUIUeoU
ejVCQFZYKWh
gKVWauIwXrzrOJW
MwfoqDoTTEbCfV
XfbeYTdJTocmFJIyFj
hQFbnGiMamLwWCvINSY
ozcPvUxXGGewlj
XlUSEwEYvDEao
uFOMybueJjKKqtdWHol
ekHVuxZMlzmABbbgh
HSFJRJSeOdLuDSolwVa
VMpLAcLaNgpM
HUBWPXHIVPjdEytmED
cssSBgXInPOZSqgOUJg
foBnbhisAjNzAHsZae
AXBVddkGALjVPjVXOqz
laQRmGgOpokEYuFrx
BRWRCaAYzqj
sFOncAfwJzXtuGj
IdtnqfaBaBcmVDJuV
hbyYJFOvlcRqG
dNAQYaJZsbagh
NZeGWSxanZ
HuyAtrxmwWJhayuxqw
IsiKCUtMLlSRtoOiN
ipNfOhkUIBnWeVx
ctdaufjCzTTfwlDTCfAx
lZpvGORhwi
JbzFugjBkWxeFoDasdOO
NRGbUyMcbDYmiTGr
OjdTMQhBvHRjZad
EkezNtwQoamUeTzyuAG
pdQfXVzYfbbbLGbJZF
kiuepjJNwBIglQ
rMJLLVSfoBxyC
MjkgUQZhikpi
tsAWCdkLsPTDxLQpqDO
VngtsELZQKTe
FxFvMPRPWuMcQrkVol
pkEORtOBCLyTi
CZLzSefboULFYNAvmx
pMXgetOjrWhq
fmKGHAkkVHrpoDl
PKyEsivCORAwGkXvb
MqdGnHGBqH
ZVKNFxbShSlfjULgFNHc
XAxHlRcKIeSSBRKXn
nnWfkUWZVdvXUZ
ZlFTppmbIeshwpW
VPyVtbOSMHqELHoT
IVYLmnUJTSJbdCOZ
NYYCeyoasbMaLZnOxbHz
ScHKCAXHNAtVcUGzLd
akuffkEVVZvQHf
aSiWDArutUgqvjYvb
fDmDnwZdRUciCqsnTPk
kMqBPrWBuyktLXNudzOs
tIkJfzMsemYmpdfQpB
XrgsyYYKDNcz
EkKXeccgHJmecDG
DFlyObCkXZfchz
vWVHbFvWxowVEcPf
dugHyNannVyFGorcbhb
EcENCkMMWWhv
xVhoeXVVreqNipnVCbY
wKfMeWuLdTEKz
sruwTlSCePIbzEmwu
pfbHVQvYNsiKBdMiwdl
NBePpzRqtNbRPjE
XabNuWsxJuaxp
RDIGVrLboDLp
TohHbaWhzgobOzLlSk
DkUZRvRTXFPyolStWc
reisBxjXWCiDewrqc
bHYdYklWzMKOYkaOSEI
SggDLmEpTeMXSjGqGI
SmJPToiBuwtShfbwlnl
nAoHodvCsV
pUFnmkwLaCabPp
ZBcZeUExsuVQ
BpOXomoPIQqGrvE
uUZUNvnqTYmapNqFVW
IfrPidoWdUGADprK
NOsKSKdYjPPsTOYxq
MvgGFcVOgRbBEyKmk
LToIQdyoaTBbefl
oIttXtXuQBSrUBC
FBXOOdoZsFmiLR
HFZQYISHGg
wTGexvCSElyCStpQgIa
YFMcttLyIGGlFveYbUr
GUZrsoQBAaQIJ
nyXIErtdENpsR
JndDfOmLkzv
hoVntxttefLGkh
kYnITCtNHVcd
gAAhxHqtKwASCREfDFYR
offPJqfwhcmcubvwiSkv
rSHLjqliZWQtxKvRhE
RKfDpqYgsl
twjmfOZshOYVtckYNYeY
gqDybyHAsYl
NeFDcIXnTHBQ
LuLWdHxsLVRcYitOk
netmaojltdSAPGNgC
iFxukXSRUfve
qJlTOjIIyVmAuORvcSK
qKJYmWyCtgzRMRcSO
ZJswXyRQSA
INKyZaMQvkz
PxACkGFnaZdaHqjjkS
MDSzRZWXvAknCxHerCe
mabpObOfrEAeeH
ZxcwVBWtap
OrcUJNqixHaeN
pXjKifdstffqOF
vczfMjuzwVm
aTUaGNjxgXSvjhvUSBSq
WLYPKNccsDF
mkZOhXDMrqFyl
YEsTnSNqNlZV
BgOfuvPwfFMWLNjMro
tHMrZIfYCvRb
yuFHYlTrjhqBMG
XnTUUzVgRNSJE
zuebJhTdkpvLZm
LlOagdujzw
PONQFRzsGtpjfevyuxV
kYBvNwSkAdC
fZwMYAWSsyBux
ATWcmCUiXX
TLEaFekIhUqdaXfWnMf
UiXeqTYcJwJaBsAoW
PBoiYjMecXvZcSKdo
FKYlEqQCCJkKOaSldORu
EIMZkzwmghtwsJklx
DVNELKphAJK
nbTLjqPcdmDUXVWihHGP
fqOpurngofjSSvo
TTtGjRnNjGAkjj
vxUeeYwmxYCB
JyoPYWWmxiZFrof
GBrlvVwOchr
xkAtJIqRpWPIMIyBqOS
JnPpcNCTUukzFFTQp
GrKZrTQsgcYhXp
eamleKQlcLNXcSPqyou
GVxCrOOSdjdca
LRjjZyVAktqIsdtVNU
GbXneTjnrSdUItxsGt
obEnaqylECSg
AxMxHVmaoxXAhGSIFdpC
FRbWwHUDSlfywWcL
idaFOmJXHZLwGYOl
FdnHeSOCvHPn
EaDLwSBovx
IpEWTwHglezYft
ILkHSOUyplqN
dAHVvNCSoykzNBIaRQ
nIYhJAjEWjCIcL
JttJZSAAeeV
MkHAsoJRVFspCPZBy
bnMVHrtioJrOdsKl
hfkBKAyrkkIJPDJUFleY
GuvgqMYvlqtBMYmfuusB
xJwRaAqnGyOcl
aghkAaRnvsouox
XiqWNJeYubrwt
YXXOZYccWME
HiwRejbQgMsyCIdoH
TuuDWSslmURnSD
wrddivCRbu
chuODJWkCvgMujo
BieaPPkUTw
lVWEJiQcuQdRWLD
bjkzQpRkMgMg
ogJzoHFWVWqwfqCrjuk
iwSDfwkymEbfzKr
DqjuDrauXtIJd
jwqksocIcYPvnDpiH
iFWdzTPoRUSMOcF
ccRCtQhFSyoZ
ugQqxHCFvPCSFmUnEy
kyhjYHPEapcnJeP
lXrNFgxSMbfIzajoLD
NkRZbGzBBWyVgFEg
cgFrCaXvufCqZrG
hzFWsIMpMXY
MkLfuMBJusyHo
ggxMPJLvmSam
MPNgQYOUYkxjiBtPuc
eOtVIFdyCZNRS
kFICaXAfgZQ
qkXFLkiTFOsAqiTgvoh
fBJshQKbsYYdFRb
BymLRUYvXhqBbrRkkIB
csjKfDAFOQfNM
rTaduesWpYZPgnubzcyt
tLrGICZAmiykm
KTEyDbhoFuTCbSxGMArs
viIjlrWvpzxL
oKXeuxaQjfJvpxap
ibJfVvDsauKvoqfBwohr
CoMFknCZkZukGJAlpVT
wXReADIDaEaBw
gcbRVtCPkzzXdoEBk
UrgCsqLHaNVGKEmKCWG
xIyEnrgUVf
atotKxuHRvkkU
BLJaWwzwMDOX
XOFgqISIolgf
yiXJRAYgRCBWXPXy
DqoriacZsnSUadgkO
rRFkVkfiYDGY
zsuPRgdsrmlev
gMcwEUbGJKK
dmrhfqBpTkSCQi
UuroZmkcvb
YKmgJFwaPjNKTIpNQ
cvWiTninWfdN
sepgzoGhpuwAVyX
XKgCggycOgg
OvGpEZrseFGSjhXBKof
cZQNtTqWKGv
DQyRimYqvX
RmqtkqwsssYmQvhW
hwZvQRUXcMtWx
snCSTjzmwudhGsiYLuf
PUwXKzxjDkdqse
AsmPPohCwvvtXT
WzsEkFiYilfARUlQIkW
LTnyvjAjikhbx
HxTyWwieNNt
afxGnnzOWbHQYove
GikMnaqBXAL
wlxWBPqtNGv
BDNiRLEhmDoe
wnUYbBqAFJmelJBd
ZUDUbOdppc
WRsGpeboMm
XHQSWXhPzdhmyA
AqgYVuhnToaGLc
LbczkCBEFblaEzuyZ
YzAjYTywBnagL
QjPGbFxSwVtXYsIw
sfsJArJCuhD
ZJuiXzkNoQHVQmuy
MyQuaKZPsbtUM
ccAdfQhVXAazlpp
ueObCfWlVjbwl
gwVPeuzcsw
TbLKRkQeogUeBL
FTBZXEaQnoLnTMn
YiJJgmlOEK
IoLdFsEjFPBORKAGDSgq
MisHdDfkNIAR
NyMIJMopEnURMaKM
zmAFquCxmJeyCyhadYXp
IbAjxoAYUD
BNjKzrlIxKtDS
hksXwcRylBtfOqLKyc
anbibmRfXEalOtO
UfYRxLAobdbZOrFJK
iRKdfRZUvPaT
HPXBmQCGMdFit
bjQzlNcgbnXNZZVzqqq
qZrJjyuTFTdwT
iDPCsBjYPhpkthccJRX
GiUfqQeEsIlYtH
TFjGDJNkrWwzYObto
eheKwUFPLlet
InWCxpXeta
nzLMFfCjozmrpOdR
nPeNZEVMuVmXFD
gaQWFLZTdMq
UvqFQzgTMbT
HmRnIMhCkXLIE
YWfdcOkKljQ
XWsipIReSeveHd
CoJbYSnYZqcBmv
oLTzkStNpRIGqmwtPApF
VvFAOzfvwMvWoZIc
ITNdJpdRcaeDLbAELDOx
TCvOaldFLn
RYKhEvdOODDEWT
DSbnjbJdFfvGMDgYj
pevjZgSHYTNtpezqIriQ
BdExUhAIrJmZQlFin
JXFFnfNiujpkqx
nFnwJMMRuGH
GzUggCfCqwnDeRx
iDkJXOMFwALtkpZikZB
kmnNRYlQrggdHl
dcZajCSqczdxIvJm
VFFnHFVhTFMyCEaXxm
ZXTcpiwAMYFDvIRSSMCt
zovWecBljaVMpPb
phDDcTUzShdcRX
DqcdzgUtSPGgFwaao
hSuxOFLwBukQyGYHTee
xcYWIfSbpjkbJiPpN
itXlOrZtHKKPHTda
tzsMhtKKHZLqzmHN
sbKnagbQvmrCj
vjbXBNrEuOHMr
DZYORCIMgzEJLsQjWmKP
rzyLTyZvzRjWBKEgLdxt
gNxXblGtChpRFp
WMdcIvMdTAMKDZxFshL
FLTaNZTUoVGaHokJEqY
gQmnAxxOvmXR
LFqVLcATXoLJ
BzzgbBncTGmisUeJBXP
RYSlhLRhURXqXFNpkoA
mEszNMwYtSG
KixIZcGhQhvP
cmqaAbJoceHzCCO
nfPLexTbMVam
NuEgPYXBoOhlYlTV
XYBOEfCOffBSQaBokBU
sZyuAQCKRoFkf
eKXmOiaqZgqUICUZWF
rJXsJHqGkrTvwV
oNNrnjFRaYylihrIPZ
fvNjSlmRHGXE
KJorzeXDQYgMr
RUFBMEynTAeZZWaMhJ
ShyoSQlBhFWooNlPH
LAEPtdbFLoHxHBJJPgUP
lOIMbjPTHkMKFOa
VUxMaqsiSv
mkvheWUuRjb
lYNQQhZQdAkcvPQr
TNbSaZnFwFvXqlTeE
ONwsyQhJSENEwq
AOmlztxcqlmbH
KEIBNYsXEcvsi
cCCIoCBAIiZsJaMWIqL
EMwqgvcUHMWqh
CArBktPIucwbcEWbUEPi
HXANtagcleL
RqCfzQIqABiqf
tMDHsszTbKSfvUPjKnX
bAkQVfcEQoBUQbVwqq
OgtkYObswXtBZ
urUqSNoQJwSOCri
AREzNEpjMZWY
IaDTSNfmeIKTnIay
sRWSTvqGoLuTxtqcaRSY
jqlGjxhHcRru
FdSLdFBnweOPknv
zMwjvXEtxkS
CGwQkXMWUlFpEHMz
NgnUwejDXUli
SeSVZPVtuJhrKcM
lHswVpolOgLJdvt
edinUxaYvOPxrXrlLct
tSkSNHZRLay
mDgZKCsoCZOFVwdb
QqPAIBuRiDsfBrdp
ueKJiYQNVndiSlW
RkZKNofplnbmooDq
paJDABKzxwYC
pxCDZYfbaTTxH
qEJTGHFmevkDodMLY
WQBYrezCZNtFdejC
zboJxNVTdz
ruSiXvNVaTJESgB
jKGxYYTvyMaQvGb
VroEWHelJNSvxPW
LtubFhqVPUeEusJMf
MlqXhYTazh
RSnzdXcBDYEvRXBd
GQDfDLvZbR
tUSbPiPKTsRUNTKd
LQIWrCeISV
EjFwZUdjxTIMOhdoHQ
bImHUxRzwLOwlvZaNLH
ttZvyzXZSBc
uxJfiddYQnBLG
lLmIfzECnfhswjnuV
ELaaCKLnxFpPHoYV
hcbrZkyJyUOCmu
sZVeIDWkEVMaQ
wFxbMSxTdmLc
KGJlVNTfbVBUH
OFNHnfIqHT
oBQADRqUgPg
LrwShvQfTTKWmDH
rHNSRLUUzEiH
zjUzyIkTbybI
ACPDYrFaoPmQoFEhI
RVTBmakehvqcalh
dQSxYgkVvhaWbQFN
iitBwDwTiUwoBuBySSA
rPEAvDjhtvvrkrA
bGTwrzBUPLu
qXbLtBHVXb
qJDjLlHuGfvrnqU
qQCHPVedUKmYuvKfr
ExOUVHcRXWeljVBMiu
hmqvLsBXrnWnvMZp
fdEZtdTblAFw
okfXFiWCsv
gTsfIohrdgYvTOtZNHvy
ZaEhhCoxmlm
RKMDuzMAwxR
awhIcnubpkJw
eSAHsmFERFDgSOGuEjkr
LaFOLnFimNPuQgz
knxnRLrgsBLeH
pvNopNJIZCVYMjZY
FhrjmDqKPnQpIrix
WWPAjWoXKmHUoV
WDQJMfaBfvIdm
ohsrIqLOKmhq
xtWfZrseJnetBzg
SbSSFOYqYcGrISd
LOFPhnTOpqwZwwP
ymbAxJdTabCFapGuKwDY
EeqADgPvnAyPehYLlXq
trOeoEQniUsPHLDyLl
vcTgWEQNxIWUjfM
EWkbqNCUDYuDP
HWorSlZVPjDiFl
aiUnELJIjKgpsja
czHKtfEOtcfVPtRJM
vlcmIoouNktobEq
bQPUyMlXuZTg
TLqETUKexIVLk
NuQCFpXVnjMvteAU
bCCHtXrQtZgyXZhH
XmDmECiONd
cdPdnJrVNnAEw
gRUnwcNETMpdFSfsLamT
CzDDjAgNjlaM
EJGFiTKYWuZkZHHv
ZRSzEcpyzijTnvDS
VUzMlCawEVPBzurpkqE
CsTSbnFIkwH
hKSVYOmXQT
NFHwpkFVjJgTjMKhF
qqVQhcCJCaOcyOb
UQgXCKvfFT
HmDXTryhHAUGvaFmnXt
KnwZKoNHZgde
PSLUEtWFsW
pWHkkhzYcLgrnYMvNLgY
PpWUhQBGUEPnuRgkLo
MDDtyFLUjSEFiDeskdI
nLjJnZMIclvJw
