520
zMDNaCGJGqeREKt
fgffTiwRDBdEAbi
SNSQKiQzdKgAl
QHZvZCccySkEYxc
GtPMvCAlebU
GVdzzrIWJCsvuCiWKb
rtnMjYtIlNnkSWWBNRb
vYWUYjnpJOQgKDP
doiQKsZMhSvpGGkRzS
YtZClJfyXBPvBj
hFSLGhIEByP
ZjCGGdbtMgZYcadI
yIFICEGmaTxh
gqwMCWGruRAUggPs
yTDUZIgjAvRFJebOkmWj
gBgDoqknChtUBCcWjNZn
dbXYUjZgLydMlByXL
RFIFVjHqAWiueDghgV
kiIUNuOmuvtthSGEIAa
VOucpJLxmJWZu
jaVVAUwvONq
doiWrutCsDLZYjDTW
xMOAqLiVWWHIWficUO
zFFVKmhGibuBTxDaRRjC
hlzKtzGQrxCM
wphRIBeXTSQwO
MoxITDIfkCaD
tsLarooOnPFbbnHCHPRQ
uzXDEtenKCbBuN
mzWMUktNQmYWndR
YFZzQHINgRJxegIszcNB
xJiQQqqHnVYL
rUVDdiECutRQNTGnfC
qzrBrBxMThnWmAFTK
XfNjDKhMoYWwfL
tufpAoxzMbPQgNTZS
dxPApfgTPB
DssVNrTkzFVmC
FXhjXGgjEE
hGkBfJgDlnBaPfVbeCjf
XepdLTyrZeQec
IHKJUHZEHj
CMqxTrspFNBMbLQcJJ
lpUxXJuYSsxJDLPJVgl
DVtsoQfePC
UhNDuAndXjtw
uwmdkHrMBxIa
cpAckJoIXQmGBWcoYfl
XNhKUaKSDcgL
aEGPPxvwUnHj
MeIurTXmJsn
IRaYRAnlwdiiThsaPNca
ZYAKieijsjP
PsQuSPWcAeRVgNhOMo
mAySelXFnslbdbsFMt
zxhAzhlhTlDOewkU
CsNkidTfeWOkzUXNLhg
GCyJwPtyjpLqN
EgieTkJCLwch
pkCNMuqOpgWt
mfuYGBSuEmmSvMvb
utSQNmDLNPfDLCxoLS
xgHvnsPCrGQHVPL
ZOvEqFSiLV
SASbeCaPsAthEgna
dxNTtgmaIjmMu
ZpesfRWUtAvyKRQKcMzd
DsgTDUNavHzg
MbSonUtvsBL
DyXOYBFDvjHVllYG
zsCqhaBCsanDzaxKup
SSIWnYOqPhAeSntKfqL
jfjDzGbVOK
EHJZkvnUSfBersAXX
vTrYSSQAFx
dQEpQwvOqqNyRup
PkegoOXiSY
ezmllqsLGMsusSME
aiAkVfyZWY
LlOvYpjXLDfuokRhTz
CuVfNJTRKZSlbvCY
fUJICgmHhFo
TXEMKjLIFPviAGcNSsX
IukUmOyfkZFGGZ
QSQxwxOFgJXVho
SFanUSIyEtENXgTos
NVXsHbPlUnUdAhYdZ
xcnqfOfjNXVGjQSNpsnb
YRAopDkORg
dPVhTZTKdnDqVDe
uDHXsPEqpwYuBmCGzkS
tQmCMxnkxQeeD
POJIEPESRKDsuomMCL
FttQNmkIvMlCi
JGKtzWUgGIIuT
QycTRoujtopsEYzfmZ
ekvqLGkHKhYXJIsqVPa
abcZUcnGWEbWKq
DvpAYgrcJwMgay
xMAevkpbBb
YZXZYfADdfCajmf
oyXQiavWhsUg
uauxyJbiGDVzBmNCd
otDxsXyruhohA
jwTJskvIJuxuPekitfAt
vEEyEEvdDPBmZD
adsUoPJrEMKVKjLC
XEoTOYNqhqotBq
ajrNnLrYgFQKglT
oRCYqJdiHTuKNwfKE
KXeyTvKRzrWTeYXX
aKAvPKLXgbUzKllhE
ahmCtAavvIYzKxp
yxnNPSLiJySWVgI
eYePinDrmzwKOQWptLB
wzGqzpOrGHuG
lKtFKFEFATofIOlgD
csEWHCcoZufsxkAZZhHC
FotruZRwGLbUemlA
riJAjfURJeWWi
naBcTJfxdUGscEG
EIYSDepfsrcnYWCnmxwo
jQzUMqqgGCAzJvsda
ewHJIphqSrIcqeMHlht
lsKienzgVL
lAnkxuBZbh
LqTfhXNaSpqxPdN
PCokPVpcaiSpIak
wgdYLMGaTolJMqebZM
TKRJckBoEiziMcLy
emZgxNRTEVTxLxS
ggLStnckqdh
wNUxLBKFcfqTxPKcjDUY
DlwwOAgxsIasp
MtKBvaZDBOiPqsejih
IYCsFrTOWtgEnJ
lFsPrTfDrt
PAYjqiFFRkqzv
nivoXifjbEKpwtzhOawV
JuOdwkWFGQZEDBhi
KHGPimmzTWaEiEb
zoatHptJxUMaKZP
aMDkIFXHmkQFLBvHOYR
RFaYWaIADHvVDXIeCu
pQondTekXGpiTNbQ
PuxhWqUNabDB
NwpNEgkeBXxeDzYzP
bNfVSVAZcajMbnkh
eXegwmeLZBggdlRGeoRj
fVgUoymUTHdGsDeIdZ
kTzITwtJJuCMLKI
hCExAnlrggDOhqcab
qgpbpOxHgudQWGNfSB
FQXogqmofR
zcAgEsnjSPtTOqZ
kodFCZEWCxlkwb
fMnvQYcSnrixXx
XmKHdRKLBaWqMTIyW
pXdaoLfbZQSL
wIDOPYLBZnF
gBmJTKQHBN
nhSSbjYlYezwRGrlMMi
MofKRTTTGuN
hjKJxcaNvEkACmHLoI
UYmeyUmayEgWSnQsUo
VbZmMYknJHJmQhSezEoJ
WuZOkRnezSzfKYDshdd
DIMstWFTEbx
NHTgpDHnlC
CfPiAoUugCyYQbbsH
oTkggdFHXfOY
FbdINdOnDdWtUdmgDBv
eTiulDuryRVxJoYv
HeMrsIsYtWQf
nELwzlzOLvUhxDvwf
KNguVqLYaMXrol
wMGJDylySbgQNiwbzAj
TpPtBpyTxwzyKZSf
UNUNAJXqcWpRwBY
plWwKbtbygCpgU
TKJleVpmfwmdBgGQ
uoswraXIqmImMOTGdKE
cQCasCNQDPGYtvTC
rLWXxzuhIvznRdML
nFqwVVwAxS
uMSufUfJVyw
dfIbRhhQyVnJIvnrJW
ukPRaTDllYIej
GvGQiisCMbhLVm
oRDAlelcPLqSivSd
JtnOorqhbgITzRd
beAGvOcjXNzWaMweziIZ
poxZbZFujFekHowfVSq
mmYHAeCMibUvqyLXpDvw
JkAvlugMfYtQyZBYBe
yFCmoRfBTupBSwZ
BzHXWUjYJJIFvSdt
RHEvjpiNZfLz
pYEHcKaRFQkXcIfELV
tFGTtwaGNsMZYoSD
mZOexiNaHsGu
GyoUooXEyMPojNqhf
qeczsLRGnwKFUk
hjikxWnttPvr
RMonasahUFiuK
CAhUtANgtHKNFQAP
XMPaHwtxXjtZKXOxaWY
gmSIiDpAqSVaHupGl
hyYunEkbmOPmdrvBPFy
bWLNLvQMlziYA
msnHuAXegCYP
IxxYfpioftUooRZpR
NBVBBAlGahBffwSx
RxilJpPDtg
MoFdAZTxLCLXj
tzWKBtlFKQWrNvYqxH
elDfznIJHDS
rIPMevupFOARlL
BuZAJnslnyBoRuRz
swLwgpgzjdFIeFMZvV
nUrLmupQUoufmYr
JnqsskNZmb
osKUOqDnEAApD
MjqbKzDPMihMeEe
nrvBSxBJiBhYAcC
rcuCulJJGuVDoazETVd
ElAzTucRkdaeu
KvQXzEVxqgljixZeV
TObeWyHsmQqSfxrPiWP
NlNOxnMJZAyCmN
PkAgTbrxRE
CPIDaOEkOHo
LvbvgTEiHbY
XkmGbaaXypatg
NDWrIeJuAQakpyDs
EvmqVHUAsOFNEeFgVM
xhiSZwbqnzZUh
FeEwTKERdswJPRlG
tTWquaaOiZ
PMFreoPQQJNYYeeh
wuhbUNjmeYBObpbd
lEBhoUHCME
ciWnCfZObSgdIACABztn
cqgZlJOMGIWqyWWJ
EmTjDyGFCgeSnv
HeDkygEBFWjzgUt
lbpVqmeYjqWyTWi
YcsNeYSbyoznurC
LiRsnXifXYmRCsM
fLOjXFTeHAarAlpa
aEunqkcWFrPWm
TmCBLdNGSdywKYzetrXm
HSILKMoYALOICRzYsXF
gzejuSLALUHq
mWzwoWBPJxPYWy
qbNIskwLwAnVukyhMyhH
tHkEGGWFrxEvMcJ
bUTUaTTGNcCI
eCxfvRBgIAqTOCWAwrmc
bdDqraGuUq
AgJltbKlQMQxHb
zhoZUCrCLuc
uHaqWczpHXov
GDHEVxyFmKvnwCkGXVO
TXjphhyljhRck
HiwemvIkCHxSfE
NAZIUwLeAbRc
dwvXJImWvZfn
cLXFSBWhNdhwJKaV
ZbjafxDdjIucvuPmT
XzBgtwfNwcZaAQAjXNbo
vzfKyoYoioJfuVYLcmUF
lQClgERDSDoiODP
mfjFnCJAfTfrtFLkfC
UgvxxcssihpC
qOAvJxnnFv
LswKWkYiQNEuUPFHp
PRDVgMsMqBiCaYHm
TxBrYNuzpoGkh
hMRNauQuwfoB
kiybuSkUtNIMrgRAUJs
NtkrGgnTMfTDZ
MiZGgnCbraxntPY
JEYWpUdwFJxHR
QRfEhzkSBaSZeTGARnj
vgraOwcdmtQimbVOTkYF
QFQxaunQax
XlfnMMgzPCbBCcnJiFZ
dScavmLtxJqDlKEf
YmuBFBSNkQXNWoChH
TRuAYvFVlgU
YtJUKBomdS
dYqyKTzElLcPpf
ldtoqmsuNOGqYtumem
TtKBEagHOqfyrv
bIxTdPaIRqUithWops
ngfGaZjJvjgjlfHCvHd
sHRhMiUtTFgbeLuUpWkN
JhzTARNnIQUfUk
ctJeQfIhDKCen
ksEouztHziSbqo
otVftlSmiWRyFTM
eTGJspXgdLBsXscPtjz
LdvcKhRBNG
RghljyuWUAUlrtaDX
khHZVOMxlCQiCwZQmOtb
juvPRPCDJqd
EDqpYnpJZJjY
ryWJyEboNsfRLkeyIxb
bTXEceRDwfqmozvf
hDRZuudloBEjwcuwa
ofzoidqkoWYOnWLTWM
tKullxwCaNEfq
uvhTyetIeaTRjHKfCwE
OuSQwIylBb
msWgYLyDlkmVm
OHiNlDkmuONQILGS
xexqQVxlveIErC
ylfnbBOaGMtWxcLCWe
lISGrVDovDaejYj
ZVKHQBOkCOCHJeRbYOQs
PFceqvbXWC
xRqIjoQmoCXU
AILePyVovyaXUymL
zprgKGICMYWZJqaiw
QWPcZGFWYMFPD
RePCGAByctjxJNZVYZN
AZjSaxKcPlemWnw
hrYEQOlHXZiGQKu
isRCgHEJoQdjwus
dIywAHUwYzSjV
sYyDDSkKebp
qtFwbGnPRfGwFgXXLBU
MncjvZMZgd
BJPbVDvPBKK
tGvuiQfkNLLRCuP
KDhzYNmUkLhOEGNce
TjsBkiFmzJIqmeO
VafkEbUoOXLI
aPDVuNGYPUBbzz
fBPbMIqTwgklbcSH
bGrHrWBDOKRD
GbQJRhXhmLJpEOKozhI
uyiPqnIsbfABOlxl
sUBhxXXeLxmeUVBhAKj
hZPjbdaUcPPUD
ecVAEHauWw
FSyjpFNudpFaIh
wSHkiwubwRxp
RVOXsQoBHmlJeUAIb
SjYWEnoaEjMIalyLZVxW
ckpfcWzZevonrxjpeXmM
adgjPakHnLcOs
gmssQXtAYU
ylwcDbLfvid
OzQEdcpfWHoqQfdODT
yYMYKTbaovuXyTKndK
whxTjjwTpoK
xJMhdKfTVmBqGiM
xTBZOVZWFKkTmLRYXXl
miXthTirXbLBMqZC
rmTKrxVttiEMADwkIx
yIVtxalZpZg
ditRZlirUYRkSGZhfuF
IxGsxJXQbJ
wszFxbUSyqEIScKjF
zJRyBfvfAjtruQ
CfjUYxYahIqmUfN
bGDBvMEnfvngebMdQ
zpPhnXXxMauV
rEMIEptUqDmeezKDr
BHYeXeVaLgPHs
CxlwiFqIdLSmP
GeeLZtLyIeDlAhgn
rnaHJLrhfoj
aPHpDpmMaAXmNCzF
iVTgHqqXRjNVjZart
AenNboiqHcrCpWsreKhq
JxHSzUVxKL
xOsKzYNeTxKGfHSvhVc
IZRapmQehsZoM
DyRwOSEFRuopMcLJl
OGGZPZxISxjho
fOFOPuuLxZTThDyM
RTPoIvshGh
HWZtPrUKIjQ
xwatuKzJZoUINPe
aizwtybDhjLkRd
GqRyZiqwmo
CQzBdAskjgFWEzCVASu
IqMInecUNGOKFbTdRMY
nTUBCiHIBwZSqWc
jzSHkLCUSGzgJwCPLnnK
OybSKgIRgYByqtRh
vZIOJQhtkh
ndZqMOWaYOzXuCVUGXMp
wOKwxPcOwuusJxo
DAioAhrpzaswLnPOdqoE
rXXYWTtgQODM
NDmtIrboIGaiPW
BHhIqAmPWKV
dLgxnlJaAWUhBMyV
gtIQYsYhaLbFMpiFoYa
JcgQbtSvHJIZPcx
oZWYzpIQbuUt
tldPemCStlzfdVf
QKZjziXgwhKeXa
KSYstKDOTbZqebS
yheUfQnikKKIuAXGdSBc
rwaoRzNLxlaJ
JsvUZiFUKhigvNVAB
gWspLTHOUrwBvEqmW
ZgszIdtsxCN
PHJlMdGKidVGzglzH
RjCqpJjWVQHshQHkCD
WBeboHbCATlnt
scZWOTnQGUyBPXpvrj
ESxwYSWxZtyDWCda
RKCIoMTbKbqxtN
BtqWMbouSK
nKfUKqIsOoLXYraikIcG
cFcMKQpPtz
juFcgSfieoGtOd
zLiaWgHYnGDFMKsF
IXgTGVFjwD
aObFjvwvdfWwXWwBwvWM
lAnvezDfMTqfm
iGPHViqDEhBPWaGOBdCw
jIINGefotwHyQRjpLe
QsSGiZDgLadnzYA
NGBtCFtDKRXYFTOWd
YflqSoYHHvUd
yOtCTwiyybrMeiVsJnXj
UgPFBHcTEmQibEcP
KxlsrRpHhWZeGOaM
YryUyCNuoyqP
OeQWyyteqpdskyOMPvL
KZpEwDvYiKRaNGJA
JBpLRxiJpOIEHLgqATc
nvptnCkqvXyqpjOTn
AUKOwCVIxEzyWEraJ
wiJiQQAaNbMyIy
JilmRDdGdNuIntmYr
CBdKWtYxAZcjBJdTB
uirowyFPHtpqdWS
UOvngGQwzdasmcyZie
ZrlPjLXDijUmCdZRq
epvvFPTnjFVfgEgcLRU
YGmrDmjWiXfkNzx
qzlPpxorXRvOAhZP
LHofYWpYBaVcvOsimSxR
GpOniXfgCPCJIziXYqoI
TTpDPvJmYNPUETFEE
aECDzjcpsmzGmPE
FmAFCZlAoOYGJOiLQxvf
MauWlbimdMvUAEuR
ZhZNgfkhdBC
fJzJCmRghZXrbVhQVITW
jhmqjloquJy
xCKYOkoYyvhaUJO
KcrZCQjduQEGO
HDAldrrrvGwqUoMhRpZv
auSzfsCPur
KaInUuedQlEcXJcETB
LoVPAZSsDJPMtQah
fBXCLIpTAfFZJbyWl
tjLFucXmKNhjIrCF
JfYGPrdECH
uzMtgtTKGoVQW
lBIApUADqVimizaG
iEKFhzusiOSJWH
PsXFByPDAnwfXAKBqI
ohbGeisuiYN
eWXhDzWXIklcEY
pCbGhEBOloXvNMw
ytxQiglWckRFoQyn
IIiBFqMTtO
AeeKFXfWDbuHtFRFGoL
YJWpXfrTyT
KVgkCguAuAzNkUeiBG
oEdFqmYnHFryYc
GDGUzNMeCOTXJxI
wCpKPcoNTRwc
NxPlgrcKFA
BJwuqLVJWHenjfpmNm
fYTXWwTlFjOJZt
qwBYVgjZmZRpMTkYmavn
RWIUBojOFMHSwo
HkaJbaEZqIuvdfReGd
SOMcQTpGMBzLgPYGp
hyMuZkijOGRi
sVfoxmYbjSY
yFyULpnqPwAGaOveAeO
yJfBOALmokqavqfkiD
YSPtTfynuSCAdc
cUBIUhwCtHdN
bXqHrVzOGVQPDcHy
mwmLpLumgESFPYwc
AxziOZvZMPnnUoHTNgJ
csCUUooMTHernhuzrC
kIWJtSYYGckAHuRKFRN
MRtiLMoeFmtutBA
uqdmHUgTlWjgfw
WxxgfRRXCQFbxxWnluV
lLruNGqUAcZOhyUagC
jLPTYsNaKVFprZGWSER
rJlhDCCRyWYwMA
idFLOCklWZYS
gseXedMUDFfJK
TTEqFYfuQff
volQkrZFsB
WxYvszfijqDnsNpZLrPT
ZeNkCDIPSuqNNmeVF
urNyQQxvviME
IyjFPchDQmeqhd
AkGBAPIdXuJpRPyjS
BicVTcMJsqkBJ
uqhaqlrRFyTyYS
lSPmorZHNdwnIQsPtUsC
gZuaouuZbJVFZZCFxgv
