503
jRJcGFbCeCxk
UitUYdEYUxdYhzTzYqa
QzRNYSiNFAOTveArZKwZ
FsYAHTxfhRS
HKYFTIpLiVikHjsA
mtFcvTWmfNEIB
fChEbUUfeL
LsmomGpvLD
DpBWEZiCJSinCdARqH
rkTyfQtKrEfqutW
bIvFvYEYnN
TCUxBSnvdmfhCsZV
JMlPYAHGcpsv
CSmfeDoczfOuU
kKDTiCOJBJqroxzP
UuFZTAeYAFmAyKDK
pgXUwCsrTeJA
dwEOIXpxSaBxoc
FMlZChtCGqdsrnpdpy
rNwFwrImFyYe
HurzcnYccEWZ
GWjxjIJlKSjvP
lwsLoKiWjwu
oRWnVxsHHuub
oZhDJYZWuwGBSBccV
hjlnVydEchtuUKy
NngEbEzOgGjMayOl
zPtnYibpCDzylHghSYQa
RlWQLZOouCFhibp
uljFlQthhMMzaflG
aqKWjYYyIVU
dodmmxDdVAJUm
sGiZrHWcACpMGne
ebEWsECstztNkj
pTsxosRDadRqVkX
GUZBvmMdGPEGcB
dbTnARNXhEb
TgEXYJGYVMGwGTo
zplVryiVcVJJdVZFnNQh
EEvHXlEuMwcfqIKEYb
BTOLpLNkws
LRdZzpAKeWiQoJHGlksu
jzdifKIjdv
uudLwIZfxQGNcHq
FYTiTSuLXdeEbiaxoNp
DzXKjTWWaSkawExAh
MWXOOmljoQfskWfWfDtK
dVfgCIezpCxrJdzKBEO
btApxRvAJwLrdod
kyDTRJlAUVhdtjtAM
GucCwDmuHZHNwBXlaeR
FXagUVrymy
BFKRykVJkpPyJBV
ykVcIBUjBNV
REZxKqrdzI
XYHvjtnGOVAHaOfO
FSIpAoFsgRdIpqH
WevliRzlpTqkHc
lVKDICkRhQq
SButJJBhtIKEE
zFSvUAJvEeT
TrmoDaBWZgsbA
kHpVpxdNafSEk
YGnpVNLpJRzkcCkQzzn
kwXomCiUIpASvIGXOUjl
JTwKrrllSoMNDHjdw
wtpbMBTUPlt
WYEqUTRLEZVDHutyQtrA
kkjkerbZzp
kzLFzppUKuScqodV
QxdyqvESOHPRjBVge
LKPWZlQHEXSnLoEziZeJ
pDBOBiRXlITh
WEEaIkMWWApbvE
UAVzfxVPHOw
EJPxkbjIxEoPOYxijFzD
FeVhDFnhkUP
WyhLAaEsgcdJvJbsM
QRqspUvkjnEHUaFk
ciYeppctBWmn
NKhXpGYWiyBgZfPY
qWqpbyVzgkmbqCRMbBRm
IYQLmKIotvDYgWe
sKdIRsLTDvWx
HWtESXRpaG
wNCXIAGXUTjYaE
ixpfHYYGwbaVNcNatlto
ICTKbDFQUobKuU
PygOUQrrOBXVchNvKcac
icOJIsWdyGJRxI
oeFQCSzuauoaLGVA
fJmjvPagPQoEqKwfc
ByUvaegGJFcMsdK
cQNRJEcdibhBqSpQ
KcLRloyQQd
xnlyuyjiCiu
SMRIdQQGJLWya
txOSkzTIrbu
LHMnsihvzAjblSDN
kXWjceLDHlsI
GfpxFlTrQlIdKgfiwIF
HhIonbeJgyqYDPLYQYA
eMtgNinadlLvDtDuTOpw
CBnOjVDVIIhRoB
dLnorWgghQ
eAkjxAsUpVLU
hnZlReHMFonb
UXUIwkpvelJFfI
jjbHZfFIXsIwbkOqAHRE
PXufNpWUqqZiPJvVj
nWBARJRakckgeN
ABInAKmMlXtHzFNXQzJi
ssUsIXecFUn
GgBruUZRfBmJM
NrksdrnMfUXuhvxdx
nxyFhwMYARvJ
zdkpAgjHsZM
HLwQeHUzqeTQYddkN
qofxsftjZfEY
AKsqWmHdMRYyOq
bgtfPAemNV
YWQMthKXJisCnH
XrpSaEsaqRkj
RTyfFevUEwzVzjhQZr
hxntQAUpuZMRkGPHUF
BnEtWUtHeGwRTRAmvYGm
OqqppluPzYJWArNQH
ZUAWotHZdEvlcaw
KGdMHZANQtaaGfr
VuKVHfMMYkgofIosmy
XBogjOQHJzTOPsGIpK
RODDVZUMzppcmlRHdCB
fowOPJflrnHRuz
OhXEbbmZhqSk
pFtgdJwJyXRfjbeAopva
JdsecFEhYVZJQZYnu
ejnjmjYTaapyp
NmOmLZxBqjDzRGmj
mtITnaTdMwoPMr
dNllfIsZKplP
hSIHDmUSVGxSAWUVuqT
GsONSrLgmdSty
XevajtUcxlsiGHu
PfPfvmkjYozea
GbLMabhAjx
utHBfAsdAAT
caFajjcbvjFhGOV
fVOemdytfblUUqOXu
CYjpKjSrcKlDYusGQzfX
ADGYqLSMPLuoBQFZ
FSqNtNtOgZeExN
eqAyeXzjDbImsZhNEqx
byknRcmBkTLEoL
gIoELydTSHWaZZiBYbyV
KkHlsNppjeSehEwNo
hakDxCofUEjxJfOrVZtq
ZFoErjLxoC
LIWseMeYmZQs
TQlHHaEKlIEH
NIIsyiWZSOGOoHMS
aCsYnhcqGmVJYT
ZDYuaJayCtYe
NLDUvNHqRLICn
ZXnvUdfwApIIRIJtU
MyuEgtchbqviLUNVmsy
LxduYchIvT
IjRVBHxnLdXQxRv
WFDmuyThbJcBPd
NkKlqRTkpj
FXFSanSyvJsoGQgmny
EnYZGdrLwG
EYoCWPhZQcHuVQn
AtGvCBnaAPW
ofzHWXqMOAQJGvoKLdt
AmnPcjOruJgM
zBQWliLMLUbTiSADPhkE
fwyLaLMouxqH
epGvLYDDSwrI
mlzNKeEoCpWWiOk
IBasflqYIHoUpRUr
RfsaSwIaaSeGyfuplNR
ymWGuzZqAzvwnFeF
zXBjXthTTGob
paUtNHUlUcIWZRxJUArl
dvvdjkjMTNZUzsrsxKAF
yEZLJvyaax
sHFHCpohmB
siFMPEmzpKsmXX
xrwwKSFhHYcxP
MlDMJqZyzxwOeID
xVIPsoLmyhSldPczX
XZgplVINTbshfVoRJmkI
BlPBKSIzGIVhQZoBbNIR
QAkXTdVAWqaqbQhMSqYi
JBRYdUyEgv
appfjZInnZNPH
YMwzuDLVXuzwXYgUe
lUseBXCDtRhzfLqxEV
DVlNRSJgsxLfejXUOGRO
oBErHkHIRkhCqT
sfBitVWKKuu
gTgGyhzqTopGZzadoCd
vVWVpUsIaIoML
lEVKHYLQxmYDu
mHWJYQDDcH
eiuCmeswsgHxOt
JAcSjrmUqHKQGPQP
MoFnltEctBfTOuLBB
jsAXUuRqKmYBac
BnPBtMrbnlYPd
EpoaMkqyNKNvHiDshYN
bJXIShQGstK
MAGdcBXxvSH
ITDnlqhZRlQDHPwPoUI
OcelzDBjLUwWTFGv
GPgdVTaKprAoxxbLBxvF
BjDvJOpTAxXm
wLEPXcNMvNRB
xOVHzCezveDn
LOnCNUOGPfyr
UNctrBOdWi
qTWZvrUbINqxZqDCco
BXfNGbXqnvohow
GupXWUjboSye
oieVPzGRZM
vZpHMsHBKPMOLFhBjhG
xuSmLZwEnp
dRWugeCgbMqclP
hsKpAyaGzaVjh
RCdynmLtnloIINEpB
LnlgFSTsAvKiAwhu
kzyHxQYDtJTQ
LxeaxAWWqYjbO
WzeJvovSMOcLDyCep
wftaXppZYqHUdpSwOnC
AArzdSaENdC
IMBzpCyAoCSk
sSZFelWybInhY
GyycgAJdTiCX
PqCNmGMDHklfBoMAUxp
yHBePdQyeDAoo
fidtfXYcqc
rJNZbQAgjBZiPrcS
oyLKGwllvceEHIg
OCnterqmvHFCiGogoY
SmrxaQMVEHZIkDRXcVd
HFBswMFfvTHtMgLb
PvFCrhYVaEu
ZoBAxESGEpfvc
yHsWwrDYNRa
ipWmuJFXbpAFBikQO
SgKxXwKcyKz
pgpUaseyeu
mkphsEEVZs
oWuCLzKVeFaPOKZyny
EHVxuYwlYXhGTSPP
wltPwVpfosFObBSITjX
LSnAwdDjmPkdoxPYs
nmxSSwuyJSrkvnIfvd
iqVEqHXIhGQZCyF
GWYcUGZRzO
ejAvibUEACJOIeetK
BKBlqCzSTRZt
zFTYCDIbzOo
MLrpzoxhLymLrG
AUrAExZkEULmbfVEyiqN
nzxYqivrBvUmmPqEfTQL
HMxjWTJTScIswFfWFFYA
JQoLCjDVCTayuIvj
gcKodeDXicT
HTytJmmbKgXzqMp
NYIJOBqrFTSH
rnngtCvrRexw
VZxqDDDHDwRGO
mQCeJWqhipnvoZNCCJ
UtHQocMZESQ
CPMjDNsPUw
AQlpLagvCTjoszp
ICOawSDLwnMbwMcIZS
dVUsojcZfLUDxOpG
pKNYUBUrjjLk
XmAUbMSCUiXR
uatyhjTHLhTcpxwRjri
HfQtLdczfkcbOPw
fDYujCtVolDXCh
RhEsEcHWfVNBIEYC
VtksepQrDms
yGpwOGIAvrLOkdhQS
gwtNlaLFDAdJHwZWlJjX
qXQNJnBivScvjkKeSl
yOrgRseIwA
jezcCosqkPNA
PBBacQHdbIDoddcYL
MvjjFImMlZ
JDgEMmkkVDa
vvHJKGNTVm
DeJsoblOdpbr
VTyjIidNRFUMFZLyumxX
OhNclPxXUfv
mvHrXIHkMVqPYWxRUFlr
kOsOfOlLYdhsoOZT
wbXDyQrgEngzKlby
HnTvvdYpAgTjJumFwQ
GOpgKXaJOrWFvicay
oZsMvnnDujsPnOGes
hsuwyBvKskjUs
xqlOvaAiznEhZZBgxROf
zlBjpDJauipcUYPy
AhqVxrTCUcbfxO
PVqfKZgllWlxvaPGgjH
TqzbuCsTaC
HGiHayrzPTIpmuRsNjo
rujkOIcjzV
QFhOKRccZsJUjQph
ZtqpqLgZkgAxlRKsewDD
VLUVKuBkoMiUVq
iGRyjMvNfDEQ
LbYRuKtyHZtd
yBvQLmvxwJPRmUP
stcVPkuYeSCBv
muaigzjGvlSZB
aOMQPZFcuApuqjLpPqx
AJBDjTEynmB
uqoSWInARGub
bRcwiNluDxckGyJO
jjtWzYMgrIjFeACMajC
hbDJGixLRL
aDznwJXXjTrP
yfyXcbOtvSulMALezx
mriffvTMTaF
HmrBLAAjIp
BZXlCtvwXhvTeBjRJB
OBihrKMvQuwLriMXsOq
MSDRywirgEbwaTlLY
xafKQPDkLRyFPDhsSN
xkjbrlwfNHYwDSHsxxZ
MTVSMWDqGQNBr
AiFynWdyPYTWrgxYgEre
DXtTBjoFixKBOIjyrDy
WwEskGAMCIxYPf
lqTmdlwfOcQC
CcpxsnOflSVUw
sWxvRLyTkEqkAKxYlnjX
YyyGoKHkQeCXniPrLpQa
KtFTuhVBHRAfKwP
ySYsflfWQatlDgBp
fHPJjuCHttPFFAyE
QQbGJzuVimfMDqc
HehXGaNXMiWVyfrWaalD
ofjjoWXmrwoMp
GqEMHERUbZ
zqGroOltQlw
UaTLpURzWQUWCZyNZavs
rpxnZwyWeuTyqsjklAha
aUlazFbXTmpStQCC
LEmusWydepmJKWc
QynEQrNjoMElzISYUDdX
hrOGGufqAu
MMxAOXCfYWDiFTJGvoH
fMpBERvVwWbj
fgilOsLxXSS
gaaFucXUJhK
keczKLIHuubstn
olDiKJCUOOWiWR
iWFccORYDlrWMCTy
PaGfYqbvSQIdFgiqWEB
tgQgslWRSbRJFidP
DcVPWDwJYDXKK
jYSQNkxPLCYmERxy
maAVxclVmcZhPWqylVzY
WZAcpTGVytVIMYxI
cFOOtsElHsYWMaMMoWv
vlKmvySXYuvyr
aHRDgCGSURvKGH
YFVSOujQvqGhZ
sFsteYWQqpAI
ACWfCCwqLZZnHB
AscFZkDkKeGUx
qYPlHsCydiD
dHtCahcwpCVOkKqj
cntWsNzyvRprPFdW
ENewLSqhahsVRUwgYLit
YdDfxSQrzHpTx
zTyZSqPZclobMHFFt
FyvfcmBaBcGFWWcee
LuxTyfFdbMtcRiYWEHx
bPFPZKVFGD
QfVRiAysNYKe
CUVQGPoWXrirwCiisRI
EIkPKNiuODObSXu
QPPJofGUfzncyS
ZYjkDNemwPG
MggCLtRTpSSEWkYFg
zSXtWBjBwdn
uubQfpmOzU
vWdztuLqqGyDQxSthqQ
LCEsxWUufmDG
vnfBDkMZbBBpr
mlvOyfwHQqyaRwhbN
LhkwHKepJnJlcJmkice
GgGvnEqNbZuVcmNX
YwblOmFYbldYwP
KJiIVDPkpsiC
RBLIIwXtvmxPt
OhTJJymTfGcM
wIVMICGmOfu
qKdTaSJvHsPePVe
bEeOZTKsRLTb
TQnYBOmREyl
BPTkthASXdkDwYk
qkTLdgOVDrrUgCEZNa
utVsvOSaYLLXxD
IRtqVxjvjtCARRhkKOVT
xlhdMTAidqPfY
ZCeXyNJnVcRhGZ
iGhMEekvHWFwJZnnjj
nHWPDZhMgBuH
WSubeWfsaHVtusMNpBj
BzMGdiMELBkPCiCdEq
SyLMEVEvPDXeiPoiPKBr
qIpDFgzfrMCCiLr
VCmfirlwlFeg
QgGJTAKHlJCAloROHzNM
NhfuCcmQzkZkLNuI
ffmJHHmWHpOuJVJ
laLIBhbNcPXi
CHLjXkFfMsyCvJ
WoaJvOZuRW
cIOOKSIfOTKxiLLtbD
AsEAGfgrESjrplN
geFbBHotArGVIRAEq
DjPukhpbgpYpOOBC
fvWvYzEFhBhEd
oHcxNJzDToRDKrlaUUtU
NZifCygMnUyrmexRaZe
YoYtfqhkWfWuit
WvgTMJbKGQz
NQmSnHjhbzDEDiLcxsv
hyzhLSJvCGCDYVNg
RJznpRdWdDEdAAFrKZsj
dDuNvpcbtUbvFtAOiZNW
TcawKVyvZlcUAjCBgU
MUOFezhOsd
KHyhlZVkXzAhUewNLA
sqPGOqyCkRVBj
GByGAksUdjxpH
kYrppHMBfUwHHpFSNxFI
fmRUMToZgO
bJBupKBZpiI
YMIdCCnZpQlwuRnW
zpvyzpCXwIbSkMkFD
ccafwdyikFRJdwOu
dNeXMeFcisSVQlFupXt
FzpNpoWvkzHdN
AeoHLIjTleCvvUmOiOu
FyDCiNXWzTCVVeH
wgDAZcxoqWuxHRh
IjoTtedmZk
gtZtfLyUgggQSMttX
WYxdLgRCwWRGttnlGiN
gdvaNPzNjIMdCLw
WIZZSSiRZCzwOSttG
hsEIsfUgLovMJ
qTEWhGJSSRlVEuEhnj
KwUswHJGbOwLfhG
RcFstWlfrRckNJvWoiv
xdBkkmKMpXGBQnmtsFFT
lPwlXZgTdIx
SLpWojiYNPGj
GwrrkUMNzzXUQvX
qYsHMtpMOTRQhSymmWW
snTiVUmNaBAG
XWhTEfnZJS
vGtPoTxhSC
eBxxtVotpwbOEtObuB
UvwSsQvvkBO
RWGxQbhUsZXNlEnB
MIKqUnxSMtzwgcJ
PDLhKxCetoocBbw
sOOrjoBoiNQJIs
PKnyREurpgTHxbPo
eeBLfrkyYnfufSeGTq
PTFGBGrENbUTSbu
miknOwsGZsUrXV
LhzYOLZtrfHgiuN
bFVPWgldncWvmK
fHOKyjKdfYZGFdynYsoA
xglqDzPLxBr
LcgMfhTtNMcrKsx
fpcjtaJEEWgZIrKR
aKVwwlfwAGUwINLUZ
HUiYkbRfUtzZ
jNhlqDMAsBXwPocof
pYugfAcyUugqtllTb
jbceyJKsmjHbE
ATuKWJoQDQ
IQTwjNnqjGye
hGqaEPnsZvOMYO
ObINtIOHuYqUCGbQI
xGGgaNUedFYkkKEvwG
AbvzCbppvG
qmITmHODKnHZfj
BOtHqYcHXTjrBsLgPuYT
