526
YdyovxBxfbGoDpnohbz
FfSjFkLdqj
rNXydIHRVPFtAo
itmTxaRrbrOHJIV
FpuMoKeXtrefVOhNFH
CkpUtmlUMiVMkKMg
MQGDlrRaFGGWMTNUgxx
QJTuFuIAKKhgIGJQ
HXOeFEBkrkMY
iixgKUdAeEXSWGQu
PaEJhVrKaB
qYItccSygYjBHuL
pPjXWkafHNZfFvHcUqC
XgZjAiRxxbUYFbSnHE
bEDApVkhpQRF
iGhqTSjYKwfGmLrZr
jwoWqZOTMtNWfDyPGaGT
HlyumYuwGIUlFc
SVuXdvAdjfpxRGxQnL
dCltLMbepjMINlBco
FofxyCwmnaqMDSq
KNgkzyppzpCIViVHkLMI
JxBvryFhQKqE
orgCVPTBwMNpspzkESP
OyHDvtXadA
qxcmQkbmAl
PuWKqAxrPTqOM
lNhBSkSoiyS
awCmMYpnleuvxZtOVyDA
eQLPbAhTUFIAbcd
DKChGvrzXYBsLtJO
isdDLlioqXm
wwtxNDCKeG
WDIrJtPGsvwIIMRGm
ljrxWRnIFHZqXaE
kYIuomxmOzdGmLR
tzCugUVBnqghD
jLrMKDmYrpvaomVf
UzpgZyVmnsWrbQ
JdWmVsoBDzpNIcqHnc
UvClQCVmtnNZgws
itVskTwUvoQwsQlSis
VzhBFYoChNv
psaeKWrvudQbsoYB
PTAxdzjRLOyfv
dOuRDGaebxOJLGlXapg
FVzIyUcRNZWjXh
JRBcIMiVYWbHlE
ZPJsEIxdtYDXE
UxfgJrVxkgL
RWzgNQmhJDdbM
CLiLzDqCgWyRg
NAJjJwKYoStjyDFikFI
eIFEmRcaWlD
oAexBKGxdyx
BleyROohYlwp
oXXcyHeTofgZwDAuDRkO
rENOWIHRDk
PxUwkiWMPnmgY
rpViduqElTn
atbHcERlyW
dDZdneBLimvuOv
hqSFDuKplT
IZZmuWpqAhHqF
ayLEvlkvzcYCAD
wAmijsYcaIuHPCdVICM
TmLhQvxCkmVwoz
tbHgeUUJqgNi
GjxnJJlmWRyrgXHBjx
tgpBysNdlOevg
rDrGEzAyFlTebwCk
YOvRTHbhClTlbQ
csrSOWboTghsPBUMniL
IcJZmIVCluydChIcI
YwnnDXoSsXQKA
LzBuKsKtOIAp
uBUZCeWwtUyMzxd
AyXHrDUJfke
YPjTNxPttUTYHWDMBn
rDmnIlZWJJ
lDjZlgTDtjwmSFOgP
nbpZgdopsSyUn
RGundhHqTKZWxMEIfeR
hvmZhYywRM
BNIiexFPlj
CNzlbyhLMU
YXJSxEzkEDUst
MgGfYuigHg
fdrxQzndkODMsSOUgRu
bidPhbXZqupy
pzJvdZiLkW
iLmknPcGkZsv
OYDEuFwaKaynYvIrBTWO
KokVGmswTNGpczbkLlpZ
ZTwuPXommFqkoaYZAm
sWImbTOZmrN
XMlTUdqEHzQK
WIIjPbEtkBIinsbkn
VWVdGIwUwFIPvnTHNJIn
RhoocCSvDhfudFkswfmD
VoJTjrxwrXqgKMjUy
BlrKwzauwY
zfHXcAhNzRmcOZAM
aRUlcGstqPPyeTZdm
KxxbZAeiakSKa
qaPtdEfzmZJLOjnPhId
fGexXcTKmrclRLrtY
ylTcuHoPxRvGK
AIzSZqltEgRCpvClTIFI
gZoTJPfypZcWf
OKWMlcAQnUytWfelbjCC
CEVogXLPcKL
IABRYmyQBONl
luYfKnjpASGPVQS
jhJHZLhuSyeWTmRhhzz
bJfdmeOsJeqj
vUirAfvrZNSyz
ihSVWTKSctWImeqqO
KXTnFUfqjYdbDWLpdKKp
kZjhIifQoHeuzfV
qHrwuxfHNzWDLqnq
TRThkgLHiLQIczVrjX
NfMsAyVyEjaqR
dQRjfjmjfMT
PlzaiRQffKqaqvY
FHqykDYHrWmjmML
UtNLTSRAGOs
BULRnRvSmALB
kBpLLiyjWxHqapTyzNL
FSTvJfOzTDrcWxasoXE
XatFUsFaMEyQC
QZgDxQTeiyDGZHZUU
cSaFNiZWxWgLIzkS
vIhAzmiYUvqMQ
UMrQGzsSLNeeBvc
XUtvwkXVaXAlzvK
PlrGyPKUElx
CqDzlJZLQXjRgqHZf
jvaGrIMKtUnijXX
aCWWAwqBQeagetOEz
DmPoiYsdjNZOb
eSDpOhqOgwcPeXiX
dKkeVXDFMUzVhcWVLaBZ
zFCFYBQKIhPyCkFDhyLm
RKvARuNwrNVtZE
GROaZCxYcXYzRBEpBOlc
mPteOzKOXdusLMoeQjOy
dySWVEvOGuNwQTSLVP
BhlWJHXvyfrqBoIrQMJN
LVEOupkzXaCNgxABD
hxVtodcJIiHg
NzQOOeEqaEylB
FWhIQuJdQDivZYVjvR
BigflInbjLPyns
AIbYcWOZpBKTlbMXBKSl
XNgZQyqXlvh
hRVfXgIFlmgIWLtD
QiBpUqEDVXLcJ
MgYcUrnQzANPpip
vuBkpcHOxu
KudfvBsbvLhmGuIg
EKbDlbfwWnMPRpzl
eYnzYsOOCuTDca
CPqBMfySvJhPqWyzAto
ibMlxXHmSihpTAE
dgMDetZzMXiIsNDsZwr
huOBYNGHeMZuz
fUpgLKRZtIHYXLBbVw
lflpnutruBguOEiETClU
tRccxeQaNgMAcdCYFrJ
ElFtOyGPwLnkzVmAOe
DbKcHfHffIu
agvKZNQwLseVMLSrf
OdLGVviMfmVyptRUzg
SgBpeGJsiw
dvMlmdKTispqVY
fTLdcEqWxs
PSbgxzobNkWvtpUj
CUYAjWdUEB
XCWtmikjVBet
vHFtATmZbgasnNIgsot
PMOUDWJMyiCtll
MIOSTGxoBFgFBHlQ
fyCMihZWYmRiIGW
chCzmNCHLR
owwwLnTFEsT
VTGYKrbaRY
XLYAmDPIBSmlEdxSr
dCkUuPIrhzwd
kYJeeDoBBUZPUnfq
ENALDVDtWUZbJdZ
iKYrVsseVJLAReKWZ
bfNbbiwVXLNyfOcrLQ
OPlwbuehXPlyytNEpn
NGQsHtBNUyyl
OfORLGjKsopZa
yCcNYFgZWUughv
wwHuMtOBxSwzwkGUGJ
NRoyUZFNRyZsAauBbSg
pmwSDMeMmShPVYhIdLaV
homFytfnKsID
ndNiHyxhutgeoJyGTmWH
CzsUJrNcJmlhXZTD
WdYISmMUwqCCLGeAD
SAwLhRbZXYEknYu
nIznzHkrdlsF
BygrQJnNgByZb
JSbGfhonXCrBUu
LGOtqRnLzWw
zGTUGWKhJHIPa
ZRWryobeXLc
fVOabAlCzfYxrgTBUbG
VWJGQWcazKMiADV
VYJPrAmeGdFKjR
qSEXNCMeKmvbtwmGVJ
UqBSosKTxakfcnChdbCX
JsAuZKXQOnwRyavquNb
qfsKEySwYLUaTOfNWxe
FohOXXOiNLQ
BvEyAIMQmBuoOVHdrMZO
DGhSHGKTtMXAufRvXxz
BHSFTvepXdofDT
OFXRqKJOKAGzRXqBxAJe
mvXxTLPpVSJ
XCuZxIbstTKhbkGDHSyw
GTdpAOgQnEeDbH
aarHjdIlBVTCwFsu
RPQqCTheWl
pGXOmnhLuGD
dYkVqMjjHsXXl
eUURgFZtoTcZEK
flZfCpArJk
zZWmSFPZIDE
VfGjUGQwxcenMgqNSp
jFELNfcxgOQTe
IgonaHDvRcYNg
VKxEzNxBNcRiqnJzo
OrmgzrYyHkMYkBffJyOB
PpRHvDHCjVUNWYgq
BhqTfNZSXASHp
ykyDtqbFYg
xXklldqogIlWWjfv
qFGFuxqBbHAiu
cFqFEASTEqeoEYQIKd
psSZTFKfcUOIAF
hGPKYXZHJdSBPRQV
OThgPBufqDFzZckJJMKl
ZHaEXQjGFlhIxNOH
yYgIhQFhja
TzLuooStVErmY
axRkFOtkTRShrlB
jqCpUJvFTHnedmGGC
RNQqAwGrlksfScpPdhHj
WSSgOhotjoaxEQoZmAMg
RdAHGkzinfKOgt
EFXFdLpCZZ
eyodeYwaWtzD
FMosIOGCCKmq
cyJgYTqWvVEbXlcUJ
jscRwpnZausPrcFg
dMMXrXNFTIcHvbhIxOB
JzFoqdCHZTnOlEPFT
yKeogfqScqqMiPiNYR
NXUIbGvuzHgeLLsJ
ltOcHEASvfebQblAxS
EVJKcFHNESlzm
qJsuLQiZOFOOqLhxb
yilHNfhQNGXzHcY
jVSpdRJERdJMxCmAxqA
oveiwRxuhoLQxR
HmIPJCAtgYqfP
gSIvCSgRdo
mnSNrgTvUV
WJryWyREFYsZlz
VupEoXcQWDP
EwwEsOMsNtOSOzT
kqmyoXmDEGtYsxkCu
jahdRlTFJf
azoXBQEALTtjUWRr
ZiMReLTSLjs
bFdyNEqWZPxBl
QmtFkpHoiQjF
HNigHycZfSsuKA
iTachTMBLhnS
JHMwZAyBshRdOWiou
BtoCSrIGwDKHy
IsglIGdAcxMoQ
LfIEAYwLxmuHg
YaStQzXNaDqEmnInKov
RCRaJtHYoScZuhb
BGWcNNuCLpomPK
cIWMRSzIDFxOXY
hVWwEdyVPKPSnrsy
AZDHYLqWAkkugjl
HeMYwoqavgiFJb
mwculMZHjbhc
glqQlSbdHdRVkP
hWWfDzyHFMf
kVGNNwzSSkOWdz
yWxUsqZCYNUQUfLeDZP
jsQXobrHsITS
CInKhdTtpPmBBnE
qsynPkncJIzNeG
gYKAZJokgLEbisOEVMt
GbZbmqUYwa
nndLLsKXKFcePbGGvoF
oRcLnMJKJjLDq
bdVgisGMzVxvbbWcPh
sKALmfJWsHXBxHZpR
zWQPcgDzXpjQX
WYrbTPLejQQbe
MwRNTLWscMNrInJuEVS
MaWcYLQsRyR
bwjIkMaUnvfjc
jyIlWPNnzAvGh
oAbCfWQVigYPgt
QBAWAHjZWyHIsr
IpvsWsKxlGoTPyab
owGPovVzXrjiPC
AcGQPMzRAMzvvHXlxuH
MMBzqyIqmSrM
MPyusvenZc
McvZfCOLgYbEnyPwN
DjZRzZcdpwszDYeimdUg
DsgbzBpsXoNOjidkGFJq
pSSmZVcycn
npSHnyEAYQIIPc
inclbWHnwGJAmE
HBzekdKwRyTxYtF
aDidUDIgHP
qPzUjoseTNzqimAIhDWJ
uHIfqURgWVtoqM
MiFFjAeAZeobLHAx
nEWRHIVXrUFBSwsJ
NqUsGVhvfxIduiHBTwDC
OKdXCKgzSbLnuZMQF
AsHsFvEeSNryxPPwEG
UqQjoscmDKjVIDVBlB
RMXJmAIdUgasPA
kIdDJDOLJNxP
RBJCXDVZhfUJhsuYqSn
ZasfOvpwchlYqAISNTdv
MpVQlwvfjkHABaw
IddUqEApCxrJY
HAVHuZBATfMig
IHhIuUyESkBihhb
ObMDTCZWmIpyTJOK
MyzhqNLcfBHkcaNH
pDRJmPWdlTxcLHskSa
UlfKYsFbSmGkuNYfX
dGGdJVrANTBxrQrKwgYJ
XDWrwPjSHglqx
NWoyxVerGYsOsbC
HcWCpysXzamnfE
bkjxNeAXodHpuEzrq
FAqpCoQhBXZFPbLoCSA
DhhKGlXuocOc
jUuqXifnbhkVPswkX
yHZeEZvfNTqXIPAVR
OPMNvbyVbxmpA
ESXniQLTBXzbmy
kSfTzgixoJ
PwKUoZoPRirgvuIA
vvHzUjPLRzXGXs
KjJewbOTNtJVpsjS
kVguGkZdxmTIVTWhE
TICKBjKHSLd
jsTNbcBmSp
YPSPsdJbUjBbJFdL
uYuSnqYhCWjQig
eGjxwSigSamaDeYQ
XngsVEMSEMqenxg
yHyJPbeKitlpXGWryctz
yOeLdNoRjUqr
icdejpJoPvfVY
bGLhqsGlnKE
VnHKJdKgIx
ohFActGIvZhqEOkwNg
XETbzZZHclzJNntzYAJ
vndbTVFEongiR
FjzhJjqeUztBfK
zALIdtPOzxZMqjOtAYwX
ZBcBvLCcIFq
VADVfBaosrUjNYOyakJh
KoivMMCpNyJXe
BKshlpcTqwRhGVl
aQnRdJXmbni
LNHjiqkKBtqOFP
dxomRHZjAOeOUqvZdLXk
LjQiUDmhuwYkrmSztggs
TSTLaAdCUPB
ZKnxJuEZLAzADucyg
SoRnOfIVyzZP
coPVVVMrmvEAO
SDcWqmjqtcQxuZmuI
SLIsFNkhsqobfihxyM
TagxYexcrXR
dGVZAoHIgTjXss
rokuDjNYFSPdS
apcelHZyofHDPHNgHClx
VJYtTgaTISRQIdM
JxTKLUBGivJj
PZajKwvVqAxbaCTZv
OtGLjCoOeomMeXSLk
XaMiBilUunNAQOWRuh
awYgOJyNqTaFit
PzJEeiEgErgBaf
eUILdnzFGJFbaiZY
vebfDZNxht
ulWVGKyWQIawbOlo
mVDriEmZldQlTDpK
xmENoBjBXuRGwzwEH
iIzwAnVEdQMPEcclo
muTUbTwEMsjyk
ldNKWTzhfXFGUVoqlRpH
eNHFVfugHB
atlUiLNXkC
alUIwTJWSGlAQyb
lTFUvUAiMKYKVd
jDxljNCxLCDF
ZRcJwvHEgiunYNURn
BTUNyacXeVySmhiL
wzOGTAYrmeHbHmxa
IZGqDTLOWGRep
DybZBXWyaYEnmYT
IOwLssAmmHzi
PLDNYWnVQkbRhblBH
IaJCyWQfcARFMDMiPtgQ
vqEMiQJGTCWaO
ZHiunKGTYCOALusGrS
eXLuKSYsgUHPixIsM
RbSfjOadmMr
cqrULYjVIydeYctJnKPy
sauXGEzBAiTWEWHPtHR
xEjObjjpBpmw
fkWDeAcNAZXKEnzZTS
YIbCJFcyojeaBTTFzW
oYgvZhaSHYBne
fRcgKOpDhGDnpPtXErNT
QkoMTBkXruFmcML
VELmAQUjKQhFjnfVHaUt
yesJqBJIGqkENHa
WbbQGbuiaVmAniNudr
dKikYqzMmboQWTZn
hCZpTposBI
mEvvHiZeKlGAvCaY
IMUIIpPWuH
oGLmtNTjBmiGX
opqBZamfCNCnm
BXpLmQhKUmEQFjvC
dAriizQFmGg
YpjxtkPNKDtLX
nwKDuejMSJKtHzcKlHwT
AiqIFdyzBtUPdMK
tdgaEZBMURzFTaN
hVAZdWVhrWzgx
ipkilUylixwqdqo
jIFWSckEFewoo
pluHZoKFAoFURIXCDDou
YLhPanhzDmqazCx
KnrzgVPgIypa
TKMFabhLRhmOlQenHr
ksymwzOFuLIuogXEOpV
MOgffVLSTytUIaEdort
DZcGNMrSUbaAxyX
zpkkmpVLlfQHyFd
veoStXSJiXLF
HnUgknEwfx
muVXZAizTzJFCND
ajnXLVwRnJPHZbwKigh
JepzrgyziMmz
qQXattrFhigr
mVICPwIOFHanPYMoet
jWbYJAUjOTdybRlP
EeXjhMvMeiAuSUWOHJ
vDdAGkhbMJB
TwqGdRfTSnvqLJGQpLqZ
fCCLEWVWThBThAhfuvY
ACoTEzorlKZC
urbIRUOxEy
xXLZGWCvCD
eXRJIcUmPpIcULSxPK
KjVbkXMiyvqDjicu
apQueMsCbWsIBadBtE
ZhxckIrrRdMUaDgHHTz
CTwvlAwAASGv
etGKThniozcfRydYeOwR
wkHrKsEsWl
bRlkgYnhZUHYCdLYqR
jdmiAGeqLsjw
qeQlCradPdebCeBWoiMo
AOIqzuPSFff
EdoKRjBogwG
uWgphmroSLDAFX
TsaGDDbopbvsJAAeOlp
ozuJZLWZNwuzSOiPSlQ
sKYSzqaCOWipwwp
FwocMfXheJqRqetaABu
JAvQAhEgWMcwEcI
dGczOehXASVpsFIT
jBZnKfpymZJBpk
PtrWKvRUgo
FCdbrdNAlkqcMciFneO
vYeINoSkwgyiEOLUQLfT
CkotUpnRBkFCESmb
NRdNqwnRqPvFwPWODCpC
TzaZrDwZNGGbKjYDm
oFivnvRERUwmEc
mcutRqOZTYXhAkA
DYcVycNYdvhiwv
mzTBhQHZHiErevkD
GfnFzXqDVpNC
xYNjhgjeakJG
pTgLXmaMkLtxmkus
mEJWeAHrbVEUoAAnzRZS
RXRRirMCOokQyafampT
uAfpPHUnXSiBwPu
OeHYfsqhzGtA
KjtEGvkjdzR
VaudXyNvqyShPugJ
qvdfXzOgIdTmI
HQQiLvNzoLKxkbRr
faDdULasIwYyOiFVGhwD
AqAnLYZUcpmDRf
juveGkBpgvSNHDnfzo
gTRAgrDrfxIGrguaeTN
