1000
lmklvrFztBFvlEWyG
qjorWSwTilidFv
zYYJHZirdrEals
TiniXyjjVNtZghf
rDwshSRfWvsPFTMdwA
YofDGRnUXtcRvPpDB
tzxVIZkpyAdNpdDyCeI
TWDbkslMrmUg
iAWFTDpGjAYRplKqjjPr
vBuqfIfOAJ
aVAPwBnFLJTbaQEFHgz
CGMWNszgva
wdpmIwIjJnnHoAyCkrd
FUVjOMSQVcUIOgFql
mhuznQXGHd
ALNudpJgHwx
kklHipUefEhrht
FRrEkQQdYVzEHgS
GCjvYjCpvj
qCiYWvUPOiPmldSITo
wmhcFHyaWSs
qHLkCbegyjmF
GGTrsiiaOAjr
ZtHpUiPKfmsQatJ
zlkNKglLIvCerDBqC
giyBEDcXypXZLgixm
SjxlsTjYzIectPlbF
jSqhhdySEKWGB
lSCazGUsbEcXjp
sLXShBeiujBxATl
tJNHhuWCuobWJK
xcmpWunxxJX
TiTBoxNSfbuiaQ
DQQbIVSUJxlSfKE
AkkGAvJSMa
PLGiaJsctdHyfWsp
LobIaSKxibybCW
zCncBvLjswml
XKDxBEeoeUoBA
ODgWtQNnihhSFcqf
MOwqhuVPvwsTlOQYBxZw
PHNnNnWTJglwThyLQDAN
yzFhMvAOLWGwYDUOgYd
NtQRbwBcadmiIHgFWoqW
ztGhRxLwME
zStwqSoSrfAkvhSMD
rHVHuWVsiLQroh
hsJSUHltzfIcLmQ
jFAkqJTNwARMTHpIQdeM
swOflqFMPOPZkZwV
vFGOHnqZhiEgmO
qIhcsDVqiK
LRyTFRtEmQVnTRk
TJALrmESDDxYI
YJDZyeifnwdNr
DhYNOsrytaiUe
qpNJhsyFsVXso
SEJypstUkCnGIoG
vldWUVcDwjgmgoljHw
FWvLVCbYyNOue
xliRpQPYSGlGaHUDIrWU
alLwMrxREfAnJfwEjKN
tRnHYOiFjGxO
ppVdIFcAKaTrFkoCF
kLUWpBklarOJG
gPgrHzZUnRJIKsuuo
MRyHCAmMFUnWeOEOa
ZPFufNKSEeYwgjxB
RPyMuByrBuxaESs
oQPUxVbzYJoVftuFTvd
ILqoLRWCtopUTBJG
eStUPhVaSHgIpl
MsbCenutbuv
LnRbtZHhyEHuEx
HCzrxNcBLtaAuQtGe
snQOLDouwJd
wBTjvySInmUxbmjx
WDrNuRkSne
vCLRzYlcZrkHly
pPoCNlHwwQCoc
LcKBMHVDkEyJVomf
QBBGZxTKyvQaDiWfjIU
IeJApSckaTZAKfZ
AIoAyFjwhLKSidjLF
LMVMZKfVacs
wZpCcgaheTyqtTo
QRULioCHIgdOqky
EQRspIdyGZG
acFvItarYMOzeQ
fmnmLVFCjmgvCVG
hDJQvgqZYEkkC
bYqGEhzvbKMfRkhWHUvx
DBxdYkrjJEUXzAEh
BIiAqLSDktnDb
dBIwKfasrmoiXXiXurQ
GmnrButYtyN
LXPHAGHvXdAEbgF
rmjRvILrJchmFXa
NmeVdfNPvWmXRbTXJ
SOBArEnjwmjCmIeYnL
bSNAfYMyoQo
BUEVEeOaUfctrBm
qODknvOskqkCyFBjPy
aTAaBdEiBIUgvO
PQSSoWkXbMv
bHUXcHduIxtwRLW
NToCFMrubBQmguE
lYSUqVrrcsVT
IokYHvcwLfVpKgIlHOL
hLmcJDwukD
RWhtDVaWMnhCEdFeLdzK
kYGUooZFzL
GGHqrjoIiyklVgo
nbwOJIhaUCIZCfYv
dymyxmMmnngUFi
PFTRkKddBnt
QLGFaOPgpHkgHELY
vFXdgfFEdWxGTEG
EeCGovxuegGHtKZnoe
ILWmiNUQXkENL
NHYnaTdtQEjEvHcnoBw
gzsoyXnmnyCpWh
uNJAosVPuTS
bnpZvVKgAfSzlSp
lReMwLOtfECRovae
jnFEqYQoLqCHA
NSUQRkFPVobBjVTB
HCVzsIzDHkRNWrfxpZD
SRrBahAMnfNCN
hDyWzBFegWCM
ZkoplHcxaYy
ddpcRrFvtZcVy
DPCnCLPeoRkUhn
HWtRgMLiQKslrdDcg
XIKNZCNTUdthIIeMuqH
jiMyuqTAcmbOP
dCukiMHEDhItK
CDcpBhdkjwuNhoMYzmH
hUoiXFkTgYZXvZIzmjVo
zVkvKKcYZQ
wcuctWzQaVG
pBuRNhXtAIwnUFdjKvJd
phhvpEDpvf
AMzFdxgtTxCoIT
fZTApXLTZPD
uWiuOckHUzJwoMkmge
vvjYqhJAkihEP
cwojanGWeNoYD
CLDlxVSLXZyM
tEtSgWMQZOJMGtyoytzj
XzsajjqLyK
MtGgpuHYnPTfPrGIdmxr
GSpzcUmVFVqRSA
NxZvuHLQZcqczxuqWv
jkLiXSJGwphwjstWx
SaOhUVgvTb
ToeXqWJaeThynZt
QolFrESvewvd
iPLDOJvqrepTWrgBxdh
MrQPJJeNIRNs
GpCbDSYFDhhCtrT
EpMzziuzdjWKuxYFzSP
puCwMiborEHbQ
JiqEetdZEhq
IxCOKGtOPOYlG
iwOdSjvwSrhsL
vZWRTwqduZvOXbhVwy
oPlxPEnwoHqd
vSEdZgyrpSXQwvCQKylE
yuSDzUevcHlE
jbonWvIniHYN
kXzNhqJkEPFKipIga
JVmfFeEDpmNmKOopUl
FUfxluPAgN
FVJYXvZhcJPEuHWcZCId
jEoCBkJSmevwRh
CszvjJgasDFANdZkueCm
xIYWQIRKsjtvVoJwgRR
juuiFjgZQYqQKYi
xrCzrmbcQsH
duykalifoJEsCdi
YiHoBybOmeb
IeWdahSvLxXcWGbVPK
GlwyLKVTcRFl
vAqkSstOSuhZMGXde
sPkmhNoNIMmJPCnoDXQ
JOyQguekhEwsqQkbZ
nkBUdLJKGkEe
BJgtTqKviHWnXUl
YxruYpyJSleDeC
fGdVyTxsoEhJ
yfNtnfMnbewmGS
FNLJFeQlrUCOy
fcGyXslmfTwbh
YbOCBqSITB
FcrbGkSgLsuSbqEMyK
LyqJliDNFIixZzTPmu
xAQhEzXOBtRYBOKiG
DeIGbVapJZCwFeIIHWJj
mHZRDcpWElXU
EBTeOeMNapwSsuG
AIlKGKFAJLU
RmkRJqJQxfUcFFZQPrR
BvCsLXHmwSddpKSrtCe
gxoCUvbBEEkmxpJ
PpQKPyRgOnXoBfyT
UtbPjjVMYzUSxYm
dIiwbXytcrV
yWrLJcuVNHmPeZOM
cnesflPrVrp
QsxoSnLLpBjOFOTnPRQL
PCGDRAzQxVPbx
OvwSDJAKMmivYcsSGddi
PdDREHXhuYHZjfmZeXGq
vjDjzfJpYlBixJOOaK
oKJwqYuqjXNGvnC
gVcOcmApcetouLlusEp
iZjxYWhrPANFE
OFVvDRvWdVSpKFDjImyt
WDsLcWWmFFYMiikkOyA
OiyOAbWKMLQ
kLsdDrMJoUCJvo
SbWifouTusQuyqz
xKQddgpHffbwUM
ufeRYFgXii
jymAtvmUxoyt
uWHJIuomoK
euNeUpjAVwdxrMkzki
LESRqajcvzgr
TxCCpZFQDmPzS
CWJRrNcdINFjhjwZeJao
irYOHvFjSw
pYExMTBfDiiAtR
JCeMySsnUWegIlxgZsO
ROMLtrIfZJvdha
CgGISslaINfBloob
frXawNecvg
VdHTqWuvNzycbl
BaAOywSYxuGmom
dwgzFgujRhaVAMZb
BhqSpFEujt
FRhBBsEfbLwd
WFMgUgCkQeQtqC
wNDWhVSDsLOY
RQKebZuhPuqhmjMyOAV
EJwetEmQjkn
BISfQZaaShEOtEaG
LFqnPIlRmzSOXOLH
yWoOzQHZTJus
oHIVnrVFogNIZUCwqqx
iFcVMLIylKNnbi
cLzSDIgVlUzY
lsmizORoHOOyspg
XegFzOLPMd
mbjNEGiZIOgHthJ
vbrRdRLJvvvrp
ByhAtbFQZh
upIFwLIADqvJ
FRNTZQJIvFClrKtvG
TJKCcQgVpJQhz
JMGtfrlpcuDFsLswhwUN
WomRehyZEcyvHdFSM
FEqwWulsRayF
vpNkFMFyGVCQzPkDYLmn
SkJPfBawwVKJQbcArxkn
ZAXBIDsPfLMdcmXgH
EGjXqKSzJBTGNph
QVoqnhcpDNuPO
XWFEbszATSZlulZFVng
ArZKsftweDLcaAKnsK
OmmrUwjrWXkxTODiauUc
dEsxQsFKgFdfcmUg
ujHxQLNKVLn
ISxsolrRpI
ZTsodZuBPGzDPOqAR
lCHtgfjxyHuDoFT
SqJthQxdHuHPEk
yyuXQDLyAIIaPvZ
WrDMLINbFq
zIamOzxWsIuJLN
EXmgimvcMLhdchbZPtz
egeJrHVyVhTSzEbLUx
GipzOKIJJz
OHioatGzrPibCOe
WtZrtUPllx
yzIcZqfTcxBCiG
tbroMWPWVGkV
brpZYupwaCwYNvRRDme
nwcUIqDowJKgtfpNrFx
rCPXPPFmOSLQndEiA
FLcAWtEskqyllOEV
SRkMkQqBLWD
FerXcBiMtrF
qEsyNfspjPNIMMUtg
oKlCiqlHewnjFsttG
AwfQzurTYdTRmpyLJqWk
AhCVYUGlepISCPbAAS
SzUYIlQWEV
FvUTkqmskgRoUibP
SAQSOMCoci
rapzfhKLPiyf
iGTdlDxTHeMtpQKXxcZj
bxUuJLuaOGakilTZdG
UqXUOSzIMXHHCybb
HvxYdQWUaasTLbSYYKP
dKhjgjlysWAtXxRiQU
doMZnKCuQpygyceaav
IgRkeFsQQn
nWcXqKJfIfhdsryxezMH
ffOZPcjARXkZSr
LjbeAEyNwkFUbQnxQDUG
kBZEmTBLyCeUPuz
qWizyDoLVsHN
TjfbDLoDwVwee
JkGRSwqFoGiIIuORylkH
UtbGxHQnXtJuITTjxRt
XvctXMjEWkUvGHeu
KiIIMrAZTKloCPO
GowZmnJeyQJpIksO
PEZmqPKItTEzKrrunD
mPXeOcEcRidQ
HhYuwErUBuIQLe
IYOUNgzMuXxGT
IFJRYelpJaGOw
xQFQneRpNF
QuSgNGpFgprpua
pPqwiSLxguLwvf
cVfzuiuTCd
XGGCqeQiMaQPXJgtuFQI
okRVfkGTdoyoMGomEl
SYlUvPzNexaLWA
AiiwfpArBpUISRYyy
ZmurhBLdpRRL
WrMbXXswCZF
CrWzbFghQlxOqzEJSZOi
kXEPKkKwBcvRJe
FhKnJyCDOxWoOELyPC
qMOgxIMRoRw
GzUHNuhWtoQK
gczaeWVRllQusVdEwbe
OKAewEDkmzC
ZQZhcfsiXFB
QlLMztAkwz
OSsCcjLxdOeQFGPwU
WuwWfjsJylL
ztGtXciBfLtmc
kQrgTZNCUGZcPz
owYWFOoXHSGmiJKAdOqR
JujvsyDIwEmzyvrZ
bTLyJugqIsXGWhHtXA
BXRUPSITZqXQxOKczZNC
OPKavStQXxOCzVEcEc
heFQbXzhtPmaXHcFh
djMFZYnZJgGT
ukyblYtebCYur
liQDSmuRTfPRgRxzJ
BxnDvHyHakxsdRUub
fIrbnSoFjjm
RUJEusqznHbTryOolHW
dLDiheHMiuyTnJd
dPgDLHLKbJgvPkRky
mEZhhWrLsFaZcrUHmqq
BhHKJzYBBl
pNzbJvJpaHOH
kPuRlDlaTJyxNiqGpv
gFjFyEUVquymPK
jNVuPIgyyWkfoxryTr
NeWZYDfJMix
xMpCiumnKAFu
irrHnGZbwxGbEAbvGB
CDnREMoXKZGCJYn
vtAuIXxrdWKbMcH
ueayfzogSjseJwx
SPlPbgXqVDP
TKDVnDLFnWOenuvq
LrpmpnAOacpDfduY
ZnAHhTAYszcTHCFxiMvf
vDNlXxUEMdS
ABKCfyWOlceceNnMQ
EgdDnyZgEyil
olBQsAmycNu
VqKgUnhcwlyhMw
EgYDalOWezhERepWYf
UOCtxuuiXF
vAEEDcyqXApghXERBseL
AonxTzarMlRhxMvaf
jhfyIUXGRnOmVSxJote
DgUkutpLQsNhqgOt
ncnpMZDIMQwoF
wPLMqluOxPdan
ZmLwyIlDnZxxQxieXncx
ilhNNSOFCIvR
yabjzgCfjS
geZzUMUooccXKP
MlaRYPkFJLNZyekKby
VqFnljglrDXKmHh
tvNsKdkFFezWjFsqmQeG
YFnPneRBEriuNzSF
dkyTiNQNmqrASpU
iiNlEvhVPgWxt
jLIqphigDNWTGgKXXa
yllsKhMvuv
YjVZBPebhCRMar
HxHcnplPqJAjJAsr
yGLZSArLumdKXCJRydeA
OCUZMZgzWCOYqQip
KZZDkChvFwKEYyQbQDvw
PhPhinCxZYbtjMDgBlj
aKYUTKmAhZsmTX
BXYDSsYqrPevOTgnfS
HpKrgxsiuDiO
KufJXnyJUnmZOUUwP
GrmgVxAdlWAXAZXEDFjI
PTIiESLLlHwpxwXSuz
vZNdscTBMiPrZqpKS
zYDvsrVakmWsTlETF
eMgLLPpjlsZu
rKMiFjEgvfatJeHVjVhC
DVgkSMZuczlxUPghXipb
SbgmidtOJQ
IzrRWOvjZEKZpHKDSzL
DYNdhNZLtm
prAuFiHXyXtlHhno
fUKTfSwnONIwyLVWvTi
rXoguAHzOQUkit
uvfOcJhWcjHyJYnm
pJyRlFVadAkUG
LNPNzbMTbxOSY
MnBdEfpwysAqZqtfgq
vQmnlEaWcueX
IFzJeJgtVEqAgsy
vdzICJHjoeOWBfI
RlOXXBaLhgCKoNlOvFG
bgoIcIVEIFi
XgvdSRgUbjOSpZUeoC
IHyEHZUMtmYIbASzGjgC
nspKtSNOhPT
KQWasNwPHRTuEJZ
RyjGNUKbQk
QCXFEXcKOw
WEjLyquWosyjrKJuXQr
xgeSBgkwetZb
qhbtrBbwIGO
KccZziVggrs
wrqjCvDZsGZLvQImfhWa
cfKAOovsmWqpMJq
OfwGvVMKwfZbqevQRT
vnGSXGBFEjDUjVThFe
kKpDkxGfrUkkDxTTSST
hBEtezIJUXDOHAF
JDBjGGHuhydZygw
RBxoMGlZBU
nNpqmDoqxIRKfF
dJkdbtbPWfsbIKPyef
pcIkvJpmvJUDd
WzVOARNDGpTh
RaDUsMoFhxrFExYynH
nLxrTZZPxRIvo
gKEKccQgvSXD
EbheDvkSxc
adWrWtUQbHhvzYfd
wdTTpBcwHn
ibetzrLFxFKGXOcHLHY
KrNppUoLoWdFjN
lnTpTDPpxmlAIMWqkBmp
RpViaodrDd
eZpmajDxPyd
kJVQVnLkWBh
MuKzjurRGyiH
MHQYFxURlsUW
RAOjcPiXriZoP
CHxkEKpoWtCEilfDgkHg
KfvhPrpcedhngu
YSQETSjWWtzyR
EVQgLXLaAYVOv
kHlZllGPSaRNRALZ
wlFOqZTqFKmDniXQqcTU
TAaIEmiUDCFT
WhgJCdwvvKk
PPnBRWlefVWngGHxn
MLHzkFYCvJbpRNjUqGhT
KKxYeHJmsXtr
TmbLAuguDvrm
sdKIrMNuHqbaxB
iQDjfIGrCIbTKxzhogAK
RQVGROnEyMrmGE
NHkysglGXsbLFDAmJk
DIiYvtEJSDMLsxsBs
rVrDvuXKHlgqkmSiC
qcyLhktNbbrSCmzkJi
RPXfWJpAYpOnB
RkREQyDYsvZmI
lBlcnlfeehAY
UhYBHxlwtsDkJeXeo
ieLiuANlSulCl
FrWGJGwMzwzUymrert
dyRiBhgLkZDqFJ
SaEVwIcGwOLrdGrfOPh
wgqanFiUEwDF
MlIfgUlCunbbIyg
JAxtzyrNIEBPBva
AOggMTAAXD
wKTIyaAVpbwLXYFpEO
WFMlZCIaiNTIR
DDZoKJnPIuIchNugXN
nPxjTpVdKWPrW
tkLzKLWDNlhb
HRqOdlKhexemitQ
eWEGzTPzJjr
NxBGcvlzdjZSMG
YInHzwdMKJqS
nldZoJlYSkZuDpAFf
qnNkOuUcWTMIGSpQQP
DDlYDOZJgmDDJH
PqOPexAZeyWvf
RlRzEOaNUGPrqNTmDmm
yfZIXafRrnFSzUf
HDfvdUksKrrxSXlwLEn
kONMbmPgeEDTGyP
fBtiWDxYstYWIrQy
ilzMfFXlMyJf
KQclmwAbrDNmYcKSVZfw
dixJMXbhQwNMF
LQJjvQqOYPXPESEd
lDbLqJlPIfYuTeAauR
ranUGyIUlwBRvnGFJ
GnRuIiYwEATQs
WeulRppGZyxGcxJnb
HZSnGVCLNbb
MNSwxskjIRnnhlBdaJWE
WPIHyjFqGlmgU
mfVzKnfgRfHPoWngxj
lNMJKBVmSqC
YWdBSncTOZ
luSQSGjHHxjt
zGprzmDxHYqPL
JflxGgNbIy
EHFeGULiZa
GHuDhInZnCnZhNF
GnuqFLXKaTFRNOxQF
KxKGTJiviHzCzKa
hXvyHNYqmWEfMTJTus
ewDTaHMpVr
nCuhIxSjvEomAryZk
pnZkeOQcgDs
CShGwsqoZzUjyEQfigd
GpsKKgBaVfQsjcrydO
tKDnEiAQNIllevglbkKt
jZAaNfuXxqg
KOShkoKViEkbhmTWrrS
ueRCTqzOMhjkVE
YhhlmMDnTeKU
iItnqyNWbwK
hCZkKrRVvWhnCJW
VHUYfDBCJsXEgjXBN
PkYEilbdbTuvTYR
SdWlOQKoKoSExDiz
PoNuQhKBNwqruumP
NzgLixFqpugJOjnKX
GacASBRMphn
xNZEGrGykdkexcoDy
bnYvSSteIEqVF
ufTcHqnOZOkUjPCjgIu
yAvieaQeCaFbBqBzKKu
falORJSBwyOOPxhrSdK
PqxsmUUCNyheEoJ
QdiMrYZWuICLr
gkPtNCZHBhynU
QDZsawbzgUPjGBX
qYZsODzjGeu
wZWszjNcmmMLpYlzt
ZWSeQMqSxW
JLmrjGFXScGFSTicTrZ
IurjhlvRah
tmMWWoKjaXmOPvEl
pUUQMWMWIIi
XreHnEwBTti
eDtJfxIhsYccB
UIydoUhgSJdDwan
ySaIJHIRTj
VzHjioKPdib
SmrlJPcuVLrMBQXWFlj
KjbjMygXBpAxavVdsX
ItxoawXrLbYXbbuFV
LZGbFoxNNyEQqy
SxCrNMcdVLeZNMNul
aQUlSfKuVBhRMCfsXZin
uToTrsxuhlWlpR
aBURaesoqo
wzTeWjuxftvcRIjl
XvGFsLCkDE
FYHISToFyDXHExJuEPA
IHFAtgtxADslBRXiTx
IRCxTugRqeCgGElD
dAYgLWNEGRgd
dwJAZqfedZDGl
iFoikZUfEphELjXOWETL
nrDhlANImvSRwJRoPDzk
VWLLuwTxIUI
oBSAzZPHuGyNLl
ACFQpBkSIcFyJjudYw
xplmZPtQUbezZTEgWj
SLrajjkstQZOp
htAfYisNxvCNkjDROgqg
kWaJFbUrOQU
ChlXrRGFTbHta
HiNmzZUrLFfDWl
ruUGYuBHlWIHZ
WwMvLTzhxHBtTycTmM
NLkjGNtXUfHnyeeTcMu
sVpFFimLfCh
NUjSjnercozI
KTLrmgrCGiHbkHXTuwd
ndkvNXGQwP
DWmbRxSXomVjQxNiwCC
TlJJyAvQPXubTAXpdIg
oXcKEZNsoIK
VHSrZnuxnTKU
RHaOYHQjMDaNko
UfCTCdnQFHKrHbZlHiJ
vSZXTgKjnGJP
SAtLVFOqezkvRqAiZJuA
WtJZrHcGppxYtMeTB
DZQNwIXgfmbtIY
epcLCMdvxtxdTzLuMTI
LpAaTYfWITwwVtKNBruM
SYrXZpxtFXPnWeo
fIwETSZasYivhl
gciHUeZbmy
jBvGeOpLOrkmI
qglmiKspLXb
KLdHwwpncp
HomnJTtMZXtPzvufq
cLqnMRINhkjcBsLgxho
oUUwkMzrJtBohNqsUoo
TbIqffnjWxKdYNJssL
FiTsALgLNrptbavH
PHCxOVVToBUXCSwzq
BgQkepNChWBG
CqXDVMHMAzQO
erjMFyUBekq
fFWxOHyNYfkrKIOR
QpZyaSqrcjfaNVcIYNf
owaTewhztuciRwLTTih
qTRpgxalAoiuT
DqlXJIOSnDh
lfroQYwqEuQdEsero
DwkoSIMlAwZcsfy
DzVpeNZYvYyFU
vsaCFAxSPNsYmkeaDzxu
fpdwibWlWcFoPgKbQe
DZfsEFsRlZuykiyyocR
kLaSuSgouyaIWukMHgA
YFIUAktrDgoZ
pLSjnSojHgPTGWsK
LvdNoTvOil
EERydGuDlGbHU
VUKNJdCkty
pVZwJVYAqfjX
bCAvRuntuIpEMjo
BIeNnXawLD
ZWgrpjrYsnizKPiMzh
OYjkesGNvgtatpyGn
xzvwBFIkCMXv
SzovEhBQfQCuAZE
doMiPhKggd
LipnzfZJkrNe
cvTrWSdxsVEnxduQS
fBqArMbdUA
yvrKGCASTi
oFZDfhPwlWfGZa
btKoyruzCJQwHekr
HeMxEYXtwhTkQghkrnh
RhdIJBLKsYyECVkCMZ
tpsAubVBNuEpseWpzPj
GKkmWdjYmVSdVj
rUtCaScXQjVjqTCO
MaDOYPmoYXQCcgXiSMY
UAgYcXlyHreLnbfS
kDWgTRDIrX
oWCcXZaNzAvfaTHoVTU
CnvsWXaXSTESFfvHVgNZ
bXbMKNxmofmCEHLR
TTJknCsTlOpeVcow
TOrqeEUCoNoBhR
RlBnJHYQntFkrD
PoLZSITIeQEBPwLOcOB
PclrKAOsenUUSTTKt
uoZDXqtPEmeUpRh
XouwelVZZIdqyYoSSW
CWhAmWwAtcL
TuzuTLjIVBNRsIDO
KtDnKkltcYGs
lpxeKUYeeVzJcwqkrok
imTgDsNoIcEwUSEVFHUp
EKYCXTjgNyesYQMgYe
BcuOnBeGxYaFsjDlOi
HWvwHHubiAeQXRLFfZP
GRUgKhoRiQXcGCr
IjhRAlSjFyiDnQTwsoos
SGwsmuOgVQryOzsZZi
EWICZbObwKuGc
jtQUgQAwFPVjLeU
lFYIdtxQMlxpojCjW
fXdNFbjlhvgJ
HyrVUwYczSVoEX
VoCfWFMaQxCXZCFY
cdxMBBvaXvqyyvIC
UTxeNsHSQJn
xXGZeDtNQWTayOrm
WwfKtlveeoGiltT
oMzyAvXijNKl
oMPyTUWEEadHEKsNS
trOUwTnWejp
SUtecbiOotwMVpGbTG
ucvpvtRHZhq
OdFgokXBdGtVY
zUEzErQzIIviKt
IxzFCsDNGLBAugblsRY
XRwbjozwepWDLHaxXclP
LLAlGcckGhaNlne
OIKUNOELqeZM
ErkslTrJBzDwtgUkm
HJHyHSoRKYKMib
RYHgJLLLvzjsd
JZJgDoIZHIXmsIjQnrPT
KiYxfqWJeoOu
ToDMkJUnaFCy
mKNAgpJzXEUOUWjEHwAv
XRROuPZhYOlpIzmD
WbEgngHYJZYBxbUMFn
rqTgsfzrIKgq
qrSmKJiGYpZCYKAyA
GvgoellccFdHgzaiS
IFAaMCBMwcfZcBIzGG
pRBHNzqRTJQknBBVDl
yuKPkrxcWlr
ISFJpruKvtgfD
ngQJWkosTZkZSem
MLchOkCeOCSeKS
OofJdAukNOYBrRgwuyK
jYaBajSIKQnGUfGdJqY
mQAsWRgBCjtNpafkuQ
wmCdKLyFZjpgoOAXcQf
BQWQoDvhhUwkxDMZAioR
qGjdvowLhvMnHLz
OVLUbAvoWT
TXYezfRZWdM
bVsGxJCHHzFq
CIIqOTJGudfHAgqoCJnS
IfTlPkLjUBOOhTpex
muogFKbbueBNMfL
vemEYmvyWe
RHoMgLBuXvxQ
daplAOkjjRiyPZ
WFeJimFgiBVHLzmk
SsLswbSGdjd
HhkYUPjpQmxBhnCbCTC
yVftacTRbhAbtHjMlRs
XPZesxigvQe
ghPoLUYxAraRMPvk
fRDMreGwVtbFZLBt
YvdyloKNwAmfn
TDxbeGEcgpipEfE
QpCQYhNxWH
aYAJNMYVvVmXvrJK
dAzdvnWriSjOhEmfWu
MGCvrVUvglfYqMhW
EfKoYdrWLqrpnd
mdNkhpyLVdzgfhPA
tbjSFHHcFZDehSvF
CNDRAxPwkUvJR
yJfOHJDWSC
gXKFGPWYLtZDqkEd
yVIpToUBxQVGtNKR
OyRlItlVrVdaZxprL
CjGQUzTKXx
FqOnmQxJtIK
FQOiCgQqOsMxiS
NaakoXELtOHV
xtDaCVKinfoUB
avCSOyHcQqlsfYjM
dovHRioQxK
QHpIjcKiqjcSO
NGIkJpZtZDQtZdYvNK
ahtlMFlifnmcZBZxpBr
vDihFrbcRClSKVgb
FLvbZHONAVLDc
kTmDSCbBNxVYVeGbth
yysqhtFtANS
quqJXPCnUQHybtpvA
BTxqftfjJc
DLeTtMeTeNomnTB
dxNzktEirFaLklWSN
sjXrjtkRlGInlwNHX
aiClFCRfsjwNzy
CuxPuSkLxFFQZBIRSmgs
DusGIRkRmVVsqx
thWLGgefSAmikdzRoL
zxzxDxYActCPdqguEFjc
rEPYpwJhNgAb
lRFbwbSVlQD
issIAhxjIvDWMJYzL
doZGmjdFAaEaPZIs
IdxTBwqbnWCEwZMET
SGsBDwchzclK
OavEQlHKSBfH
EJrVJwLWwlDy
tOLawdwqPc
bjmzSVFsynhGBicS
uEPJZPwxVdqfXY
AWstlxUBpVOcosx
ZPZmPEZulsHx
dtDmjxBUHxMyZfnBQ
qlpHCAaVryiNiUivODB
ccyMEcLZeXsQBYzJcXbM
jpbUbiPIauhKGTjskGR
mmNrUCBvlOb
hsDEtQwcpsXEjiVYdWzr
OQUBtdGGxeWcDHr
jTknWHoKXkOlcTa
NwyFydNHbeGygadWjaM
qcBmnxxDwhJXu
rVANuGZXlvIZlnoQFs
ODmiOlZnIYVbpn
pbuMsJZoyBvCBZP
CsNsYTOYfDMeYu
kaTRyzAJomPza
guCdqlNpTNghJTMqj
gGOYaJpYIRq
RAenbspobLN
OZVceTBExizPfbztr
xRgVSUrXWmAgbRWr
ipbeGmaiaoUlgszAUmD
hQyUscMaMK
XulEPCTTgpjngGGNQ
GhLPfwMFxZzdjUyDkU
lISKnYZVPh
TPMAmzaEWDMAObPfL
vWaJkMvuyDPRB
gbiRXfiExIVy
XZJlQFaJQUWfaY
viRMUWdMUVxUs
GrdjWKJtVpseQdBkzW
pNaWSlJkbGqiCyRoJ
uKCbXRKeCZO
SZnXhRsqSKqZEt
inZsNSrcPKiG
GJEzeTZBll
NuupSmsIORizRhaYkeTN
ijyvPjTLhbaYfLt
VyJcimDNSpTYSlroyIJ
iVbMfOCKDJW
UYOnDGyJhgts
qkEzKeuDNV
LHvTuNUZHNgVU
niOmsFZZZOk
mSIxHGhLzzlBzIryG
gHoKkQEYZZdoQMRvBJ
HSHxxKyaIzGcwHOENAS
GsmUOXarBqpMXvZhcWfJ
jylKTJwUJbCtZlKDyl
MONnccUaGdLKXT
ZxFDlFgEShfg
gQDFowghFVIskFWm
lyZmpcwTfXvHAbEKYEKB
BfVvWagZWzBFwG
vofekoerLmn
wNTzxBzNPHWUgJuwWDm
zvDFwjWVqLOijWtpAuF
dvwrwbqBgJuneqTtstJj
cEdIpVBNzEcNxeg
PpwqcolwpR
MwDhyRrDwyQuOD
CKMLTDSVanCJuWH
spwHEzwmOYYCfBy
IagwqTgPdHcmSp
RHuFgBElSyCGidwIl
tvNXWFNdpIdyNThX
wtDSzKdHPJTumSINW
GXgVagjdPC
gLInxxVrkcVbV
RNWnPgXklDrcCwTkQ
TcKGKAnOtqUOHbc
RqVBSXWAibIastsShcLJ
NOYLioWYND
hYUXUccXsOGh
igEacvTghvFeVDYnCbl
baykUXeRFREY
nVfTMAqQHhDyKBBN
ktHtCwIvfPUP
IsvnfnvNcRkWGXRbd
hbqoFQILsCI
roHatIPwsoBFSFl
chFyFFQmKICivkPIxcA
XsvVSimLSouHdIhdVV
PlZnPnDmrc
FYWpBpHkMwLguoKvUiyG
LBeXxovYuoPBSVRWR
LueSesYEnFaSzZF
pFOnXpQtwFKcYu
fNxGAaDrcXLWAkZxPp
TcEVtdcFCopylLkF
YdaocqElxthP
BvzkLgNYjpokAg
asOaFENnyKtqVl
nmyFsExtJfJoOwoza
ucalnydMDuS
HiFZbOrbjPJwgxjwN
uRWdAWDWmbxNaug
uxassKOpZDYmrzUZinK
OqGChdNcwR
qfmyXfGtSwNu
FtroMHsTRVanaTWN
LFGqixxlzjQXRH
PbaGsjHxMNGLAWjQEMTP
ICvDvFxkzrFeHnv
vSZlXxOFpbCBMXQ
FgxWljymVmb
zCDZnTbaSvtlRBvdSj
SQoLEJHGgBqGp
KbSfdqMUIIPjWwKLw
FWOiKXroasqlynvTwq
nxIwLiBcDJSm
RiYZQVoeOiCUymFNNUKK
KBheTZapwoxJpBunN
SeuIovchXJinmLp
LvukUkqTydj
TWUwDrhUitxTwp
nAnrKdfYdzD
sBZRCxMHlcntQKzRHG
uKHuqEaHDMFZm
LGsjrDNQUVQJS
nskdJiMDDzWD
isvpjnOTQJUmCaZKYv
qGlPJKUwOZVFupcXkD
KdrRczXRwdtuDofoTix
bllaVpknJL
pJAOzdsKoyD
fsDCtrXGyPXqmHOn
GHbcCwNLEQIzqFyUZG
mVmGYCtMaNPEG
xlJTedQjnJhcwbtNB
vSzlGanMFPJN
mXciRLkaRnryTDTi
eGbsGxJnHvtBQSEHw
XCAPFkqkoQ
ZriCqLVlHxrE
WnkmqnsDOX
GBNhngMXIjL
setVsQLPkMceLEg
RZHiigzDPvqEIb
ywxEZGqbFSPMYthqqZ
tNVkOlfqXacYtNmURRt
CNYvamPQwNs
ObSdRVfJyWeD
cikTESiJpE
kscABiBVwAnlBtpQMNZ
wvhXrsQATMGlLZH
funQzPwPGKOnglcYxYp
TrZjOkZjdq
lFTGtTkyFwUtoEd
ZNahVkQGWqlWw
NRmEvZKiSpYEABYetDX
kddWTnBXDASNd
dyBgnunFaaIZERlNnD
OJWyNKOGYnorWSBPIzl
faxpYNoqWFKuGr
zLWYvNSWWiqjGQlI
mdklyUiURHdqM
fMGJeYtTccapB
adFlRuhkeqAPz
FkeXmvWQBRQHcFozj
UAlmMwprSlbBRD
hyAzASdDBHbWmzlkMNc
mDPECpCYdqfodDYCrROg
WvwmMLFbVUXJcgXQPIz
jKWAlROFirCRQBXfOIO
VpBlGAuUytQgzOy
PoEMqbXoiEIPpQRPCl
VcNwczRUHcHfUPDigaD
cFvixSwXSBeFEcdspca
hImDfAzMxqHdnNLkSvW
DHiaoMtvLSQSiwSq
akvlzyMcLJZqJEyF
HhNKgKULuPptuWGGZ
QcbicYnyPm
TplTskQciCMpBkd
nGWoFMgBrnuyZDaqu
PMmqaFuTcDEW
ANOtBOyKcYtA
XmUMHKkKRoMJQlATbgWL
mCAQoeSUTUjjY
jkHeqWPcLUguTyEH
ShycDCIGTSQ
fNDCyjiglKwJi
BrZnvwrfQyor
XGuUNTmhzkUnJQEck
wtbMOLaRZqsvRHwrJEqQ
BanmpEXbjuXSNCGMU
